uikit
uikit
a
lightweight
modular
front
framework
developing
fast
powerful
web
interface
homepage
http
getuikit
learn
uikit
getuikit
http
twitter
getuikit
latest
buzz
twitter
google
community
http
google
community
114238665434626719878
share
news
latest
work
join
developer
chat
online
work
day
8
00
18
00
utc
gitter
http
badge
gitter
im
join
20chat
svg
http
gitter
im
uikit
uikit
started
option
uikit
download
latest
release
http
github
uikit
uikit
release
latest
clone
repo
git
clone
git
github
uikit
uikit
git
install
bower
http
bower
io
bower
install
uikit
find
compiled
uikit
distribution
repo
http
github
uikit
bower
uikit
developer
install
node
http
nodejs
org
gulp
http
gulpjs
build
uikit
haven
t
gulp
install
gulp
package
a
global
install
npm
install
global
gulp
haven
t
clone
uikit
git
repo
git
clone
git
github
uikit
uikit
git
install
node
dependency
cd
uikit
npm
install
run
gulp
lint
build
minify
release
gulp
t
themename
built
version
uikit
put
dist
subdirectory
pas
a
theme
parameter
build
theme
browsersync
gulp
sync
running
gulp
sync
a
browser
instance
open
pointing
uikit
folder
http
localhost
3000
browser
window
reload
anytime
modify
a
source
file
custom
prefix
run
gulp
prefix
parameter
p
class
javascript
file
custom
prefixed
gulp
p
myprefix
contributing
uikit
gitflow
branching
model
http
nvie
post
a
successful
git
branching
model
master
branch
reflects
a
production
ready
state
latest
development
place
develop
branch
time
work
a
fix
a
feature
create
a
branch
based
develop
branch
git
checkout
b
branch_name
develop
pull
request
develop
branch
merged
versioning
uikit
maintained
semantic
versioning
specification
semver
http
semver
org
browser
support
chrome
http
raw
github
alrra
browser
logo
master
chrome
chrome_48x48
png
firefox
http
raw
github
alrra
browser
logo
master
firefox
firefox_48x48
png
http
raw
github
alrra
browser
logo
master
internet
explorer
internet
explorer_48x48
png
safari
http
raw
github
alrra
browser
logo
master
safari
safari_48x48
png
opera
http
raw
github
alrra
browser
logo
master
opera
opera_48x48
png
latest
latest
9
7
1
latest
tested
browserstack
http
www
browserstack
sponsoring
copyright
license
copyright
yootheme
http
www
yootheme
gmbh
mit
license
license
md
