joomla
cm
analytics
http
ga
beacon
appspot
ua
544070
3
joomla
cm
readme
http
github
igrigorik
ga
beacon
build
status
travis
ci
build
status
http
travis
ci
org
joomla
joomla
cm
svg
branch
staging
http
travis
ci
org
joomla
joomla
cm
jenkins
build
status
http
build
joomla
org
job
cm
badge
icon
http
build
joomla
org
job
cm
a
joomla
3
x
installation
upgrade
package
joomla
s
official
website
http
www
joomla
org
joomla
3
5
version
history
http
doc
joomla
org
joomla_3
5_version_history
detailed
changelog
http
github
joomla
joomla
cm
commits
master
joomla
joomla
a
content
management
system
cm
enables
build
website
powerful
online
application
a
simple
powerful
web
server
application
requires
a
server
php
mysql
postgresql
sql
server
run
find
detail
http
www
joomla
org
joomla
html
joomla
free
opensource
software
distributed
gnu
general
public
license
version
2
joomla
joomla
solution
content
web
project
http
doc
joomla
org
joomla_is_it_for_me
3f
view
joomla
s
core
feature
http
www
joomla
org
core
feature
html
online
demo
http
demo
joomla
org
find
a
joomla
translation
repository
accredited
language
pack
http
community
joomla
org
translation
html
add
language
website
joomla
administration
panel
learn
joomla
read
started
joomla
http
doc
joomla
org
j3
x
getting_started_with_joomla
learn
basic
installing
read
beginner
guide
http
doc
joomla
org
beginner
benefit
joomla
functionality
a
joomla
website
extended
installing
extension
create
download
suit
ready
extension
download
install
check
joomla
extension
directory
jed
http
extension
joomla
org
easy
change
layout
display
layout
controlled
template
edit
a
lot
ready
professional
template
download
template
management
information
http
doc
joomla
org
portal
administrator
template_management
ready
install
joomla
check
minimum
requirement
http
www
joomla
org
technical
requirement
html
install
joomla
http
doc
joomla
org
installing_joomla
start
joomla
experience
building
site
a
local
test
server
http
doc
joomla
org
installing_joomla_locally
ready
moved
line
hosting
account
choice
update
free
latest
version
http
www
joomla
org
download
html
support
joomla
documentation
http
doc
joomla
org
main_page
frequently
asked
question
http
doc
joomla
org
category
faq
faq
find
information
http
doc
joomla
org
start_here
find
user
http
www
joomla
org
joomla
create
share
html
post
question
forum
http
forum
joomla
org
joomla
resource
directory
http
resource
joomla
org
jrd
a
joomla
site
isn
t
built
joomla
3
x
s
joomla
3
x
http
www
joomla
org
3
main
difference
2
5
3
x
http
doc
joomla
org
what_are_the_major_differences_between_joomla
_2
5_and_3
x
3f
migrate
2
5
x
3
x
http
doc
joomla
org
joomla_2
5_to_3
x_step_by_step_migration
migrate
1
5
x
3
x
http
doc
joomla
org
joomla_1
5_to_3
x_step_by_step_migration
convert
existing
website
joomla
http
doc
joomla
org
how_to_convert_an_existing_web_site_to_a_joomla
_web_site
improve
joomla
request
a
feature
http
doc
joomla
org
how_do_you_request_a_feature
3f
report
a
bug
http
doc
joomla
org
filing_bugs_and_issues
involved
joomla
community
developed
software
join
community
http
volunteer
joomla
org
documentation
developer
http
doc
joomla
org
developer
documentation
web
designer
http
doc
joomla
org
web_designers
copyright
copyright
c
2005
2016
open
source
matter
right
reserved
special
http
doc
joomla
org
joomla
_credits_and_thanks
distributed
gnu
general
public
license
version
2
license
detail
http
doc
joomla
org
joomla_licenses
