joomla
cms
analytics
https
ga
beacon
appspot
ua
544070
3
joomla
cms
readme
https
github
igrigorik
ga
beacon
build
status
travis
ci
build
status
https
travis
ci
org
joomla
joomla
cms
svg
branch
staging
https
travis
ci
org
joomla
joomla
cms
jenkins
build
status
http
build
joomla
org
job
cms
badge
icon
http
build
joomla
org
job
cms
a
joomla
3
x
installation
upgrade
package
joomla
s
official
website
https
www
joomla
org
joomla
3
5
version
history
https
docs
joomla
org
joomla_3
5_version_history
detailed
changelog
https
github
joomla
joomla
cms
commits
master
joomla
joomla
a
content
management
system
cms
enables
build
websites
powerful
online
applications
a
simple
powerful
web
server
application
requires
a
server
php
mysql
postgresql
sql
server
run
find
details
https
www
joomla
org
joomla
html
joomla
free
opensource
software
distributed
gnu
general
public
license
version
2
joomla
joomla
solution
content
web
projects
https
docs
joomla
org
joomla_is_it_for_me
3f
view
joomla
s
core
features
https
www
joomla
org
core
features
html
online
demo
https
demo
joomla
org
find
a
joomla
translation
repository
accredited
language
packs
http
community
joomla
org
translations
html
add
languages
website
joomla
administration
panel
learn
joomla
read
started
joomla
https
docs
joomla
org
j3
x
getting_started_with_joomla
learn
basics
installing
read
beginners
guide
https
docs
joomla
org
beginners
benefits
joomla
functionality
a
joomla
website
extended
installing
extensions
create
download
suit
ready
extensions
download
install
check
joomla
extensions
directory
jed
http
extensions
joomla
org
easy
change
layout
display
layout
controlled
templates
edit
a
lot
ready
professional
templates
download
template
management
information
https
docs
joomla
org
portal
administrators
template_management
ready
install
joomla
check
minimum
requirements
https
www
joomla
org
technical
requirements
html
install
joomla
https
docs
joomla
org
installing_joomla
start
joomla
experience
building
site
a
local
test
server
https
docs
joomla
org
installing_joomla_locally
ready
moved
line
hosting
account
choice
updates
free
latest
version
https
www
joomla
org
download
html
support
joomla
documentation
https
docs
joomla
org
main_page
frequently
asked
questions
https
docs
joomla
org
category
faq
faq
find
information
https
docs
joomla
org
start_here
find
users
https
www
joomla
org
joomla
create
share
html
post
questions
forums
http
forum
joomla
org
joomla
resources
directory
http
resources
joomla
org
jrd
a
joomla
site
isn
t
built
joomla
3
x
s
joomla
3
x
https
www
joomla
org
3
main
differences
2
5
3
x
https
docs
joomla
org
what_are_the_major_differences_between_joomla
_2
5_and_3
x
3f
migrate
2
5
x
3
x
https
docs
joomla
org
joomla_2
5_to_3
x_step_by_step_migration
migrate
1
5
x
3
x
https
docs
joomla
org
joomla_1
5_to_3
x_step_by_step_migration
convert
existing
website
joomla
https
docs
joomla
org
how_to_convert_an_existing_web_site_to_a_joomla
_web_site
improve
joomla
request
a
feature
https
docs
joomla
org
how_do_you_request_a_feature
3f
report
a
bug
https
docs
joomla
org
filing_bugs_and_issues
involved
joomla
community
developed
software
join
community
http
volunteers
joomla
org
documentation
developers
https
docs
joomla
org
developers
documentation
web
designers
https
docs
joomla
org
web_designers
copyright
copyright
c
2005
2016
open
source
matters
rights
reserved
special
https
docs
joomla
org
joomla
_credits_and_thanks
distributed
gnu
general
public
license
version
2
license
details
https
docs
joomla
org
joomla_licenses
