knockout
a
javascript
mvvm
http
en
wikipedia
org
wiki
model_view_viewmodel
a
modern
variant
mvc
library
easier
create
rich
desktop
user
interface
javascript
html
observer
ui
automatically
stay
sync
underlying
data
model
a
powerful
extensible
set
declarative
binding
enable
productive
development
started
join
chat
http
gitter
im
knockout
knockout
http
badge
gitter
im
join
20chat
svg
http
gitter
im
knockout
knockout
utm_source
badge
utm_medium
badge
utm_campaign
pr
badge
utm_content
badge
totally
knockout
fun
place
start
online
interactive
tutorial
http
learn
knockoutjs
detail
documentation
project
s
website
http
knockoutjs
documentation
introduction
html
online
example
http
knockoutjs
example
http
knockoutjs
example
downloading
knockout
download
released
version
knockout
http
knockoutjs
downloads
project
s
website
node
j
developer
knockout
npm
http
npmjs
org
run
npm
install
knockout
building
knockout
source
prefer
build
library
1
clone
repo
github
git
clone
http
github
knockout
knockout
git
cd
knockout
2
acquire
build
dependency
node
j
http
nodejs
org
installed
workstation
needed
_build_
knockout
source
knockout
dependency
node
j
built
work
server
technology
run
npm
install
g
grunt
cli
npm
install
npm
command
set
popular
grunt
http
gruntjs
build
tool
run
command
sudo
linux
mac
o
x
administrator
command
prompt
window
npm
command
fetch
remaining
build
dependency
3
run
build
tool
grunt
ll
find
built
file
build
output
running
test
phantomjs
http
phantomjs
org
download
html
installed
grunt
script
automatically
run
specification
suite
report
result
run
spec
a
browser
e
g
debugging
simply
open
spec
runner
html
browser
license
mit
license
http
www
opensource
org
license
mit
license
php
http
www
opensource
org
license
mit
license
php
