tuktuk
tuktuk
a
responsive
front
framework
creates
extensible
sites
easily
css3
powered
premise
features
latest
css
specification
don
t
tuktuk
ie6
lightweight
fast
don
t
carry
heavy
stylesheets
a
slow
loading
site
tuktuk
lightweight
9kb
gzipped
object
oriented
css
purpose
encourage
code
reuse
faster
efficient
stylesheets
easier
add
maintain
started
examples
check
examples
tuktuk
blog
page
http
tuktuk
tapquo
microsites
tuktuk_blog
html
landing
page
http
tuktuk
tapquo
microsites
tuktuk_landing
html
profile
page
http
tuktuk
tapquo
microsites
tuktuk_profile
html
web
application
http
tuktuk
tapquo
microsites
tuktuk_app
html
github
opensource
feel
free
fork
project
improve
tuktuk
source
code
developed
coffeescript
stylus
licensing
tuktuk
licensed
gplv3
licensed
a
commercial
license
oem
license
https
github
soyjavi
tuktuk
blob
master
license
information
turn
12
columns
grid
system
tuktuk
divided
horizontally
a
series
12
columns
vertically
rows
12
columns
divide
nicely
equal
columns
columns
div
class
row
margin
bottom
div
class
column_1
radius
bck
light
padding
top
padding
bottom
1
div
div
class
column_1
radius
bck
light
padding
top
padding
bottom
1
div
div
class
column_1
radius
bck
light
padding
top
padding
bottom
1
div
div
class
column_1
radius
bck
light
padding
top
padding
bottom
1
div
div
class
column_1
radius
bck
light
padding
top
padding
bottom
1
div
div
class
column_1
radius
bck
light
padding
top
padding
bottom
1
div
div
class
column_1
radius
bck
light
padding
top
padding
bottom
1
div
div
class
column_1
radius
bck
light
padding
top
padding
bottom
1
div
div
class
column_1
radius
bck
light
padding
top
padding
bottom
1
div
div
class
column_1
radius
bck
light
padding
top
padding
bottom
1
div
div
class
column_1
radius
bck
light
padding
top
padding
bottom
1
div
div
class
column_1
radius
bck
light
padding
top
padding
bottom
1
div
div
div
class
row
margin
bottom
div
class
column_4
radius
bck
light
padding
top
padding
bottom
4
div
div
class
column_4
radius
bck
light
padding
top
padding
bottom
4
div
div
class
column_4
radius
bck
light
padding
top
padding
bottom
4
div
div
div
class
row
margin
bottom
div
class
column_4
radius
bck
light
padding
top
padding
bottom
4
div
div
class
column_8
radius
bck
light
padding
top
padding
bottom
8
div
div
div
class
row
margin
bottom
div
class
column_6
radius
bck
light
padding
top
padding
bottom
6
div
div
class
column_6
radius
bck
light
padding
top
padding
bottom
6
div
div
div
class
row
div
class
column_12
radius
bck
light
padding
top
padding
bottom
12
div
div
offsetting
columns
option
offset
a
column
life
a
bit
easier
add
extra
spacing
columns
div
class
row
margin
bottom
div
class
column_4
offset_4
radius
bck
color
text
color
white
padding
top
padding
bottom
4
4
offset
div
div
div
class
row
margin
bottom
div
class
column_3
offset_3
radius
bck
color
text
color
white
padding
top
padding
bottom
3
3
offset
div
div
class
column_3
offset_3
radius
bck
color
text
color
white
padding
top
padding
bottom
3
3
offset
div
div
div
class
row
div
class
column_8
offset_4
radius
bck
color
text
color
white
padding
top
padding
bottom
8
4
offset
div
div
forms
forms
gorgeous
device
browser
form
id
form
form
class
margin
top
label
label
label
input
type
text
default
id
default
label
label
label
input
type
text
large
id
large
class
large
fieldset
label
drop
small
select
option
small
label
span
class
select
select
option
1
html5
jedi
option
option
2
option
option
3
option
select
span
fieldset
fieldset
label
required
small
field
small
label
input
type
text
id
required
fieldset
fieldset
label
feedback
small
comments
small
label
textarea
textarea
fieldset
fieldset
label
switches
small
touch
lover
small
label
div
data
control
checkbox
input
type
checkbox
id
prueba
label
prueba
label
div
fieldset
fieldset
label
radio
small
buttons
small
label
input
type
radio
radio1
span
span
input
type
radio
radio2
disabled
span
span
fieldset
fieldset
label
checkbox
small
styled
small
label
input
type
checkbox
radio1
span
span
input
type
checkbox
radio2
span
span
fieldset
form
buttons
gallery
styles
sizes
interact
site
div
class
margin
top
a
href
class
button
large
large
a
a
href
class
button
secondary
normal
a
a
href
class
button
success
small
small
a
a
href
class
button
alert
tiny
tiny
a
div
div
class
margin
top
a
href
class
button
large
span
class
icon
span
large
a
a
href
class
button
secondary
span
class
icon
span
normal
a
a
href
class
button
success
small
span
class
icon
span
small
a
a
href
class
button
alert
tiny
span
class
icon
span
tiny
a
div
div
class
margin
top
a
href
class
button
large
icon
a
a
href
class
button
secondary
icon
a
a
href
class
button
success
small
icon
a
a
href
class
button
alert
tiny
icon
a
div
div
class
margin
top
a
href
class
button
anchor
secondary
span
class
icon
span
anchor
a
div
tables
clean
flat
style
table
elements
td
odds
table
class
margin
top
thead
tr
item
category
version
span
class
price
span
tr
thead
tbody
tr
td
iphone
td
td
mobile
td
td
5
td
td
span
class
699
span
td
tr
tr
td
ipad
mini
td
td
tablet
td
td
1
td
td
span
class
399
span
td
tr
tr
td
ipad
td
td
tablet
td
td
4
td
td
span
class
499
span
td
tr
tr
td
macbook
air
13
td
td
laptop
td
td
2
td
td
span
class
1299
span
td
tr
tr
td
macbook
pro
15
td
td
laptop
td
td
class
highlight
retina
td
td
span
class
2299
span
td
tr
tbody
table
typography
discover
play
style
element
style
inheritance
color
div
class
offset_1
column_2
h6
class
color
white
white
h6
h6
normal
h6
h6
class
color
theme
theme
h6
div
background
div
class
column_2
h6
class
bck
light
light
h6
h6
class
bck
color
color
h6
h6
class
bck
dark
dark
h6
h6
class
bck
theme
theme
h6
div
text
div
class
column_2
h6
class
text
thin
thin
h6
h6
class
text
book
book
h6
h6
class
text
normal
normal
h6
h6
class
text
bold
bold
h6
h6
class
text
italic
italic
h6
h6
class
text
underline
underline
h6
div
align
div
class
column_2
h6
class
text
left
left
h6
h6
class
text
h6
h6
class
text
center
center
h6
h6
class
text
justify
justify
h6
div
headings
div
class
column_2
h1
class
inline
h1
h1
h2
class
inline
h2
h2
h3
class
inline
h3
h3
h4
class
inline
h4
h4
h5
class
inline
h5
h5
h6
class
inline
h6
h6
div
lists
buttons
important
lists
tuktuk
a
group
styles
easily
usable
normal
bullets
ul
li
cras
mattis
consectetur
purus
sit
amet
fermentum
li
li
donec
ullamcorper
nulla
metus
auctor
fringilla
ul
li
aenean
eu
leo
quam
li
li
pellentesque
ornare
sem
lacinia
quam
venenatis
vestibulum
li
li
nullam
quis
risus
eget
urna
mollis
ornare
vel
eu
leo
li
ul
li
li
maecenas
sed
diam
eget
risus
varius
blandit
sit
amet
magna
li
ul
numbered
bullets
ol
class
square
li
cras
mattis
consectetur
purus
sit
amet
fermentum
li
li
donec
ullamcorper
nulla
metus
auctor
fringilla
ol
li
aenean
eu
leo
quam
li
li
pellentesque
ornare
sem
lacinia
quam
venenatis
vestibulum
li
li
nullam
quis
risus
eget
urna
mollis
ornare
vel
eu
leo
li
ol
li
li
maecenas
sed
diam
eget
risus
varius
blandit
sit
amet
magna
li
ol
circle
bullets
ul
class
circle
li
cras
mattis
consectetur
purus
sit
amet
fermentum
li
li
donec
ullamcorper
nulla
metus
auctor
fringilla
ul
li
aenean
eu
leo
quam
li
li
pellentesque
ornare
sem
lacinia
quam
venenatis
vestibulum
li
li
nullam
quis
risus
eget
urna
mollis
ornare
vel
eu
leo
li
ul
li
li
maecenas
sed
diam
eget
risus
varius
blandit
sit
amet
magna
li
ul
squeare
bullets
ul
class
square
li
cras
mattis
consectetur
purus
sit
amet
fermentum
li
li
donec
ullamcorper
nulla
metus
auctor
fringilla
ul
li
aenean
eu
leo
quam
li
li
pellentesque
ornare
sem
lacinia
quam
venenatis
vestibulum
li
li
nullam
quis
risus
eget
urna
mollis
ornare
vel
eu
leo
li
ul
li
li
maecenas
sed
diam
eget
risus
varius
blandit
sit
amet
magna
li
ul
show
hide
times
show
a
desktop
a
tablet
phone
tuktuk
work
extra
classes
hide
show
content
div
class
row
text
center
devices
div
class
column_4
span
class
icon
desktop
show
screen
span
span
class
icon
desktop
hide
screen
style
opacity
0
1
span
div
div
class
column_4
span
class
icon
tablet
show
tablet
span
span
class
icon
tablet
hide
tablet
style
opacity
0
1
span
div
div
class
column_4
span
class
icon
mobile
phone
show
phone
span
span
class
icon
mobile
phone
hide
phone
style
opacity
0
1
span
div
div
navigation
navigation
menu
works
a
desktop
a
mobile
section
class
bck
dark
div
class
row
text
center
nav
data
tuktuk
menu
class
column_12
padding
text
bold
a
href
class
active
span
class
icon
camera
span
shots
small
100
small
a
a
href
span
class
icon
heart
span
likes
small
3
small
a
a
href
span
class
icon
group
span
small
192
small
a
a
href
span
class
icon
star
span
debuts
small
160
small
a
nav
div
section
modals
popups
interact
user
tuktuk
puts
easy
strong
remind
dont
forget
load
tuktuk
javascript
strong
script
src
package
tuktuk
js
script
default
button
trigger
button
data
tuktuk
modal
default_modal
default
button
modal
default
template
div
id
default_modal
data
tuktuk
modal
class
column_5
active
header
h4
class
text
thin
default
modal
window
h4
header
article
lorem
ipsum
dolor
sit
amet
consectetur
adipisicing
elit
doloribus
nihil
aut
sit
incidunt
amet
modi
dolores
a
sed
article
footer
button
data
modal
close
class
anchor
span
class
icon
remove
span
close
button
footer
div
strong
remind
active
class
modal
visible
strong
styling
modal
button
trigger
button
data
tuktuk
modal
big_modal
styling
modal
button
styled
modal
template
div
id
big_modal
data
tuktuk
modal
class
column_8
active
header
class
bck
alert
h4
class
text
thin
inline
header
strong
bck
alert
strong
class
h4
button
data
modal
close
class
transparent
small
inline
icon
remove
button
header
article
class
text
big
lorem
ipsum
dolor
sit
amet
consectetur
adipisicing
elit
doloribus
nihil
aut
sit
incidunt
amet
modi
dolores
a
sed
article
footer
button
data
modal
close
class
button
large
secondary
span
class
icon
span
accept
button
button
data
modal
close
class
button
alert
span
class
icon
remove
span
cancel
button
footer
div
icons
seize
font
face
feature
a
large
repository
vectorized
icons
ready
site
application
div
class
column_12
span
class
icon
glass
span
span
class
icon
music
span
span
class
icon
search
span
span
class
icon
envelope
span
span
class
icon
heart
span
span
class
icon
star
span
span
class
icon
star
empty
span
span
class
icon
user
span
span
class
icon
film
span
span
class
icon
grid
large
span
span
class
icon
grid
span
span
class
icon
list
span
span
class
icon
span
span
class
icon
remove
span
span
class
icon
zoom
span
span
class
icon
zoom
span
span
class
icon
span
span
class
icon
signal
span
span
class
icon
cog
span
span
class
icon
trash
span
span
class
icon
home
span
span
class
icon
file
span
span
class
icon
time
span
span
class
icon
road
span
span
class
icon
download
span
span
class
icon
download
circle
span
span
class
icon
upload
circle
span
span
class
icon
inbox
span
span
class
icon
play
circle
span
span
class
icon
repeat
span
span
class
icon
refresh
span
span
class
icon
list
alt
span
span
class
icon
lock
span
span
class
icon
flag
span
span
class
icon
headphones
span
span
class
icon
volume
span
span
class
icon
volume
span
span
class
icon
volume
span
span
class
icon
qrcode
span
span
class
icon
barcode
span
span
class
icon
tag
span
span
class
icon
tags
span
span
class
icon
book
span
span
class
icon
bookmark
span
span
class
icon
print
span
span
class
icon
camera
span
span
class
icon
font
span
span
class
icon
bold
span
span
class
icon
italic
span
span
class
icon
text
height
span
span
class
icon
text
width
span
span
class
icon
align
left
span
span
class
icon
align
center
span
span
class
icon
align
span
span
class
icon
align
justify
span
span
class
icon
list
span
span
class
icon
indent
left
span
span
class
icon
indent
span
span
class
icon
video
span
span
class
icon
picture
span
span
class
icon
pencil
span
span
class
icon
map
marker
span
span
class
icon
adjust
span
span
class
icon
tint
span
span
class
icon
edit
span
span
class
icon
share
span
span
class
icon
check
span
span
class
icon
move
span
span
class
icon
step
span
span
class
icon
fast
span
span
class
icon
span
span
class
icon
play
span
span
class
icon
pause
span
span
class
icon
stop
span
span
class
icon
span
span
class
icon
fast
span
span
class
icon
step
span
span
class
icon
eject
span
span
class
icon
chevron
left
span
span
class
icon
chevron
span
span
class
icon
sign
span
span
class
icon
sign
span
span
class
icon
remove
sign
span
span
class
icon
sign
span
span
class
icon
question
sign
span
span
class
icon
info
sign
span
span
class
icon
screenshot
span
span
class
icon
remove
circle
span
span
class
icon
circle
span
span
class
icon
ban
circle
span
span
class
icon
arrow
left
span
span
class
icon
arrow
span
span
class
icon
arrow
span
span
class
icon
arrow
span
span
class
icon
share
alt
span
span
class
icon
resize
full
span
span
class
icon
resize
small
span
span
class
icon
span
span
class
icon
span
span
class
icon
asterisk
span
span
class
icon
exclamation
sign
span
span
class
icon
gift
span
span
class
icon
leaf
span
span
class
icon
fire
span
span
class
icon
eye
open
span
span
class
icon
eye
close
span
span
class
icon
warning
sign
span
span
class
icon
plane
span
span
class
icon
calendar
span
span
class
icon
random
span
span
class
icon
comment
span
span
class
icon
magnet
span
span
class
icon
chevron
span
span
class
icon
chevron
span
span
class
icon
retweet
span
span
class
icon
shopping
cart
span
span
class
icon
folder
close
span
span
class
icon
folder
open
span
span
class
icon
resize
vertical
span
span
class
icon
resize
horizontal
span
span
class
icon
bar
chart
span
span
class
icon
twitter
sign
span
span
class
icon
facebook
sign
span
span
class
icon
camera
retro
span
span
class
icon
key
span
span
class
icon
cogs
span
span
class
icon
comments
span
span
class
icon
thumbs
span
span
class
icon
thumbs
span
span
class
icon
star
span
span
class
icon
heart
empty
span
span
class
icon
signout
span
span
class
icon
linkedin
sign
span
span
class
icon
pushpin
span
span
class
icon
external
link
span
span
class
icon
signin
span
span
class
icon
trophy
span
span
class
icon
github
sign
span
span
class
icon
upload
span
span
class
icon
lemon
span
span
class
icon
phone
span
span
class
icon
check
empty
span
span
class
icon
bookmark
empty
span
span
class
icon
phone
sign
span
span
class
icon
twitter
span
span
class
icon
facebook
span
span
class
icon
github
span
span
class
icon
unlock
span
span
class
icon
credit
card
span
span
class
icon
rss
span
span
class
icon
hdd
span
span
class
icon
bullhorn
span
span
class
icon
bell
span
span
class
icon
certificate
span
span
class
icon
hand
span
span
class
icon
hand
left
span
span
class
icon
hand
span
span
class
icon
hand
span
span
class
icon
left
sign
span
span
class
icon
sign
span
span
class
icon
sign
span
span
class
icon
sign
span
span
class
icon
globe
span
span
class
icon
wrench
span
span
class
icon
tasks
span
span
class
icon
filter
span
span
class
icon
briefcase
span
span
class
icon
fullscreen
span
span
class
icon
group
span
span
class
icon
link
span
span
class
icon
cloud
span
span
class
icon
beaker
span
span
class
icon
cut
span
span
class
icon
copy
span
span
class
icon
paper
clip
span
span
class
icon
save
span
span
class
icon
sign
blank
span
span
class
icon
menu
span
span
class
icon
list
ul
span
span
class
icon
list
ol
span
span
class
icon
strikethrough
span
span
class
icon
underline
span
span
class
icon
table
span
span
class
icon
magic
span
span
class
icon
truck
span
span
class
icon
pinterest
span
span
class
icon
pinterest
sign
span
span
class
icon
google
sign
span
span
class
icon
google
span
span
class
icon
money
span
span
class
icon
caret
span
span
class
icon
caret
span
span
class
icon
caret
left
span
span
class
icon
caret
span
span
class
icon
caret
sort
span
span
class
icon
caret
sort
span
span
class
icon
caret
sort
span
span
class
icon
columns
span
span
class
icon
envelope
alt
span
span
class
icon
linkedin
span
span
class
icon
undo
span
span
class
icon
legal
span
span
class
icon
dashboard
span
span
class
icon
comment
alt
span
span
class
icon
comments
alt
span
span
class
icon
bolt
span
span
class
icon
sitemap
span
span
class
icon
umbrella
span
span
class
icon
paste
span
span
class
icon
lightbulb
span
span
class
icon
exchange
span
span
class
icon
cloud
download
span
span
class
icon
cloud
upload
span
span
class
icon
user
md
span
span
class
icon
stethoscope
span
span
class
icon
suitcase
span
span
class
icon
bell
alt
span
span
class
icon
coffee
span
span
class
icon
food
span
span
class
icon
file
alt
span
span
class
icon
building
span
span
class
icon
hospital
span
span
class
icon
ambulance
span
span
class
icon
medkit
span
span
class
icon
fighter
jet
span
span
class
icon
beer
span
span
class
icon
h
sign
span
span
class
icon
sign
span
span
class
icon
double
angle
left
span
span
class
icon
double
angle
span
span
class
icon
double
angle
span
span
class
icon
double
angle
span
span
class
icon
angle
left
span
span
class
icon
angle
span
span
class
icon
angle
span
span
class
icon
angle
span
span
class
icon
desktop
span
span
class
icon
laptop
span
span
class
icon
tablet
span
span
class
icon
mobile
phone
span
span
class
icon
circle
blank
span
span
class
icon
quote
left
span
span
class
icon
quote
span
span
class
icon
spinner
span
span
class
icon
circle
span
span
class
icon
reply
span
span
class
icon
github
alt
span
span
class
icon
folder
close
alt
span
span
class
icon
folder
open
alt
span
small
based
a
href
http
fortawesome
github
io
font
awesome
target
_blank
class
text
bold
color
theme
font
awesome
a
project
small
div
