cocos2d
html5
cocos2d
html5
1
a
cross
platform
2d
game
engine
written
javascript
based
cocos2d
x
2
licensed
mit
incorporates
high
level
api
cocos2d
js
binding
engine
compatible
cocos2d
x
supports
canvas
webgl
renderer
cross
platform
popular
browsers
chrome
14
safari
5
0
ie9
firefox
3
5
mobile
platforms
coming
native
app
piece
code
run
cocos2d
js
binding
engine
modification
documentation
website
www
cocos2d
x
org
3
api
references
http
www
cocos2d
x
org
wiki
reference
4
installing
bower
8
version
3
4
shell
bower
install
cocos2d
html5
running
tests
version
3
shell
git
clone
git
github
cocos2d
cocos2d
html5
git
cd
cocos2d
html5
git
submodule
update
init
python
m
simplehttpserver
open
a
browser
http
localhost
8000
tests
contact
forum
http
forum
cocos2d
x
org
5
twitter
http
www
twitter
cocos2dhtml5
6
sina
microblog
http
t
sina
cn
cocos2dhtml5
7
1
http
www
cocos2d
x
org
cocos2d
html5
2
http
www
cocos2d
x
org
cocos2d
x
3
http
www
cocos2d
x
org
www
cocos2d
x
org
4
http
www
cocos2d
x
org
wiki
reference
api
references
5
http
forum
cocos2d
x
org
http
forum
cocos2d
x
org
6
http
www
twitter
cocos2dhtml5
http
www
twitter
cocos2dhtml5
7
http
t
sina
cn
cocos2dhtml5
http
t
sina
cn
cocos2dhtml5
8
http
bower
io
http
bower
io
