yaml
cs
framework
yaml
multicolumn
layout
a
modular
cs
framework
flexible
accessible
responsive
website
yaml
focussed
device
independent
screen
design
bullet
proof
module
flexible
layout
a
perfect
starting
point
key
responsive
design
latest
version
4
1
2
website
http
www
yaml
de
quick
start
cs
port
download
project
a
example
demo
folder
sas
port
ruby
http
www
ruby
lang
org
en
downloads
sas
http
sas
lang
download
html
compass
http
compass
style
org
install
installed
compass
compile
start
a
single
compass
run
compile
sas
sc
file
cs
compass
watch
start
compass
watcher
recompiles
sas
sc
file
change
folder
structure
sas
port
built
a
create
a
fully
customized
version
yaml
s
framework
file
sas
cs
sas
project
sas
doc
asset
cs
yaml
doc
cs
built
sas
sas
static
build
file
wrapper
yaml
build
deleted
don
t
compile
static
yaml
build
sas
yaml
sas
sas
port
yaml
cs
framework
mind
yaml
sas
folder
javascript
file
needed
create
a
complete
yaml
build
create
custom
yaml
build
node
j
http
nodejs
org
download
grunt
cli
http
gruntjs
started
ruby
http
www
ruby
lang
org
en
downloads
sas
http
sas
lang
download
html
compass
http
compass
style
org
install
installed
run
npm
install
root
directory
project
resolve
install
grunt
dependency
task
grunt
start
a
single
compass
run
compile
sas
sc
file
cs
grunt
watch
start
compass
watcher
recompiles
sas
sc
file
change
grunt
build
compiles
optimizes
static
yaml4
cs
file
release
production
grunt
build
utf8
functionality
grunt
build
doesn
t
remove
charset
utf8
rule
cs
file
doc
download
clone
project
open
file
doc
index
html
browser
license
yaml
creative
common
license
cc
2
0
yaml
framework
published
creative
common
attribution
2
0
license
cc
2
0
http
creativecommons
org
license
2
0
permit
private
commercial
condition
free
yaml
framework
a
backlink
yaml
homepage
http
www
yaml
de
a
suitable
place
e
g
footer
website
imprint
required
general
nice
a
short
note
yaml
based
project
released
highly
pleased
yaml
a
amazon
http
www
amazon
de
gp
registry
wishlist
108q0yyj49uc2
list
yaml
commercial
distribution
license
yaml
cdl
a
commercial
software
developer
release
software
a
license
doesn
t
fit
creative
common
attribution
2
0
license
http
creativecommons
org
license
2
0
purchase
a
commercial
license
offer
commercial
license
model
project
related
license
general
license
oem
license
full
license
text
contact
information
http
www
yaml
de
license
html
