angularjs
build
status
http
travis
ci
org
angular
angular
j
svg
branch
master
http
travis
ci
org
angular
angular
j
angularjs
let
write
client
side
web
application
a
smarter
browser
let
good
html
haml
jade
friend
template
language
let
extend
html
s
syntax
express
application
s
component
succinctly
automatically
synchronizes
data
ui
view
javascript
object
model
2
data
binding
structure
application
easy
test
angularjs
teach
browser
dependency
injection
inversion
control
yeah
help
server
side
communication
taming
async
callback
promise
deferreds
client
side
navigation
deeplinking
hashbang
url
html5
pushstate
a
piece
cake
development
fun
web
site
http
angularjs
org
tutorial
http
doc
angularjs
org
tutorial
api
doc
http
doc
angularjs
org
api
developer
guide
http
doc
angularjs
org
guide
contribution
guideline
contributing
md
http
github
angular
angular
j
blob
master
contributing
md
dashboard
http
dashboard
angularjs
org
building
angularjs
environment
set
http
doc
angularjs
org
misc
contribute
run
grunt
package
running
test
execute
unit
test
grunt
test
unit
execute
e2e
test
grunt
package
grunt
test
e2e
learn
grunt
task
run
grunt
read
contribution
guideline
http
github
angular
angular
j
blob
master
contributing
md
analytics
http
ga
beacon
appspot
ua
8594346
11
angular
j
readme
md
pixel
http
github
igrigorik
ga
beacon
