angularjs
build
status
https
travis
ci
org
angular
angular
js
svg
branch
master
https
travis
ci
org
angular
angular
js
angularjs
lets
write
client
side
web
applications
a
smarter
browser
lets
good
html
haml
jade
friends
template
language
lets
extend
html
s
syntax
express
application
s
components
succinctly
automatically
synchronizes
data
ui
view
javascript
objects
model
2
data
binding
structure
application
easy
test
angularjs
teaches
browser
dependency
injection
inversion
control
yeah
helps
server
side
communication
taming
async
callbacks
promises
deferreds
client
side
navigation
deeplinking
hashbang
urls
html5
pushstate
a
piece
cake
development
fun
web
site
http
angularjs
org
tutorial
http
docs
angularjs
org
tutorial
api
docs
http
docs
angularjs
org
api
developer
guide
http
docs
angularjs
org
guide
contribution
guidelines
contributing
md
https
github
angular
angular
js
blob
master
contributing
md
dashboard
http
dashboard
angularjs
org
building
angularjs
environment
set
http
docs
angularjs
org
misc
contribute
run
grunt
package
running
tests
execute
unit
tests
grunt
test
unit
execute
e2e
tests
grunt
package
grunt
test
e2e
learn
grunt
tasks
run
grunt
read
contribution
guidelines
https
github
angular
angular
js
blob
master
contributing
md
analytics
https
ga
beacon
appspot
ua
8594346
11
angular
js
readme
md
pixel
https
github
igrigorik
ga
beacon
