ember
j
build
status
http
secure
travis
ci
org
emberjs
ember
j
svg
branch
master
http
travis
ci
org
emberjs
ember
j
code
climate
http
codeclimate
github
emberjs
ember
j
svg
http
codeclimate
github
emberjs
ember
j
slack
http
ember
community
slackin
herokuapp
badge
svg
http
ember
community
slackin
herokuapp
sauce
test
status
http
saucelabs
browser
matrix
ember
ci
svg
http
saucelabs
u
ember
ci
ember
j
a
javascript
framework
heavy
lifting
d
hand
task
common
web
app
ember
j
focus
building
killer
feature
ui
website
http
emberjs
guide
http
guide
emberjs
api
http
emberjs
api
community
http
emberjs
community
blog
http
emberjs
blog
build
http
emberjs
build
building
ember
j
1
ensure
node
j
http
nodejs
org
installed
2
run
npm
install
ensure
required
dependency
installed
3
run
npm
run
build
build
ember
j
build
dist
directory
npm
install
troubleshooting
encounter
a
problem
downloading
dependency
npm
err
registry
error
parsing
json
upgrading
npm
npm
install
g
npm
latest
find
information
upgrading
nix
osx
linux
http
github
npm
npm
wiki
troubleshooting
upgrading
nix
osx
linux
npm
wiki
page
contribution
contributing
md
http
github
emberjs
ember
j
blob
master
contributing
md
run
unit
test
pull
request
pas
ember
j
unit
test
run
test
1
follow
setup
step
listed
building
ember
j
building
emberjs
2
start
development
server
run
npm
start
3
run
test
visit
http
localhost
4200
4
test
a
specific
package
visit
http
localhost
4200
test
index
html
package
package_name
replace
package_name
package
test
ember
j
runtime
http
localhost
4200
test
index
html
package
ember
runtime
ember
j
view
http
localhost
4200
test
index
html
package
ember
view
ember
j
handlebar
http
localhost
4200
test
index
html
package
ember
handlebar
test
multiple
package
separate
comma
pas
jquery
version
test
url
test
version
jquery
cli
1
install
phantomjs
http
phantomjs
org
2
run
npm
test
run
a
basic
test
suite
run
test_suite
npm
test
run
a
comprehensive
suite
ember
cli
1
ember
test
server
2
connect
browser
3
phantom
didn
t
connect
automatically
run
bin
connect
phantom
optional
port
run
a
specific
browser
launch
flag
ember
test
server
launch
sl_firefox_current
ember
test
launch
sl_firefox_current
