ember
js
build
status
https
secure
travis
ci
org
emberjs
ember
js
svg
branch
master
http
travis
ci
org
emberjs
ember
js
code
climate
https
codeclimate
github
emberjs
ember
js
svg
https
codeclimate
github
emberjs
ember
js
slack
https
ember
community
slackin
herokuapp
badge
svg
https
ember
community
slackin
herokuapp
sauce
test
status
https
saucelabs
browser
matrix
ember
ci
svg
https
saucelabs
u
ember
ci
ember
js
a
javascript
framework
heavy
lifting
d
hand
tasks
common
web
app
ember
js
focus
building
killer
features
ui
website
http
emberjs
guides
http
guides
emberjs
api
http
emberjs
api
community
http
emberjs
community
blog
http
emberjs
blog
builds
http
emberjs
builds
building
ember
js
1
ensure
node
js
http
nodejs
org
installed
2
run
npm
install
ensure
required
dependencies
installed
3
run
npm
run
build
build
ember
js
builds
dist
directory
npm
install
troubleshooting
encounter
a
problem
downloading
dependencies
npm
err
registry
error
parsing
json
upgrading
npm
npm
install
g
npm
latest
find
information
upgrading
nix
osx
linux
https
github
npm
npm
wiki
troubleshooting
upgrading
nix
osx
linux
npm
wiki
page
contribution
contributing
md
https
github
emberjs
ember
js
blob
master
contributing
md
run
unit
tests
pull
requests
pass
ember
js
unit
tests
run
tests
1
follow
setup
steps
listed
building
ember
js
building
emberjs
2
start
development
server
run
npm
start
3
run
tests
visit
http
localhost
4200
4
test
a
specific
package
visit
http
localhost
4200
tests
index
html
package
package_name
replace
package_name
package
test
ember
js
runtime
http
localhost
4200
tests
index
html
package
ember
runtime
ember
js
views
http
localhost
4200
tests
index
html
package
ember
views
ember
js
handlebars
http
localhost
4200
tests
index
html
package
ember
handlebars
test
multiple
packages
separate
commas
pass
jquery
version
test
url
test
versions
jquery
cli
1
install
phantomjs
http
phantomjs
org
2
run
npm
test
run
a
basic
test
suite
run
test_suite
npm
test
run
a
comprehensive
suite
ember
cli
1
ember
test
server
2
connect
browsers
3
phantom
didn
t
connect
automatically
run
bin
connect
phantom
optional
port
run
a
specific
browser
launch
flag
ember
test
server
launch
sl_firefox_current
ember
test
launch
sl_firefox_current
