kube
web
framework
4
kube
a
minimalistic
web
framework
professional
developer
designer
s
advanced
flexible
web
framework
a
kube
doesn
t
force
specific
styling
kube
doesn
t
require
rewriting
code
leaf
important
decision
creative
genius
kube
reliable
helper
routine
job
a
smile
face
concentrate
big
wonderful
documentation
example
http
imperavi
kube
detail
http
imperavi
kube
cs
typography
http
imperavi
kube
cs
typography
grid
http
imperavi
kube
cs
grid
block
http
imperavi
kube
cs
block
table
http
imperavi
kube
cs
table
form
http
imperavi
kube
cs
form
navigation
http
imperavi
kube
cs
navigation
button
http
imperavi
kube
cs
button
label
http
imperavi
kube
cs
label
search
http
imperavi
kube
cs
search
notification
http
imperavi
kube
cs
notification
color
http
imperavi
kube
cs
color
helper
http
imperavi
kube
cs
helper
mixins
http
imperavi
kube
cs
mixins
icon
http
imperavi
kube
cs
icon
accordion
http
imperavi
kube
tool
j
accordion
autocomplete
http
imperavi
kube
tool
j
autocomplete
button
http
imperavi
kube
tool
j
button
check
http
imperavi
kube
tool
j
check
dropdown
http
imperavi
kube
tool
j
dropdown
filterbox
http
imperavi
kube
tool
j
filterbox
navigation
fixed
http
imperavi
kube
tool
j
fixed
infinite
scroll
http
imperavi
kube
tool
j
infinite
scroll
livesearch
http
imperavi
kube
tool
j
livesearch
message
http
imperavi
kube
tool
j
message
modal
http
imperavi
kube
tool
j
modal
navigation
toggle
http
imperavi
kube
tool
j
navigation
toggle
progress
bar
http
imperavi
kube
tool
j
progress
tab
http
imperavi
kube
tool
j
tab
textfit
http
imperavi
kube
tool
j
textfit
tooltip
http
imperavi
kube
tool
j
tooltip
upload
http
imperavi
kube
tool
j
upload
work
modern
browser
kube
work
modern
browser
desktop
mobile
device
latest
chrome
latest
firefox
latest
safari
latest
opera
ie9
mobile
browser
license
kube
licensed
mit
http
opensource
org
license
mit
kube
framework
absolutely
free
personal
commercial
license
faq
q
i
kube
open
source
project
br
a
q
i
fork
kube
github
whatsoever
br
a
q
i
redistribute
modification
kube
br
a
q
i
sell
kube
modification
kube
br
a
problem
q
i
rename
kube
mube
distribute
product
br
a
absolutely
don
t
