kube
web
framework
4
kube
a
minimalistic
web
framework
professional
developers
designers
s
advanced
flexible
web
framework
a
kube
doesn
t
force
specific
styling
kube
doesn
t
require
rewriting
code
leaves
important
decisions
creative
genius
kube
reliable
helper
routine
job
a
smile
face
concentrate
big
wonderful
documentation
examples
http
imperavi
kube
details
http
imperavi
kube
css
typography
http
imperavi
kube
css
typography
grid
http
imperavi
kube
css
grid
blocks
http
imperavi
kube
css
blocks
tables
http
imperavi
kube
css
tables
forms
http
imperavi
kube
css
forms
navigation
http
imperavi
kube
css
navigation
buttons
http
imperavi
kube
css
buttons
labels
http
imperavi
kube
css
labels
search
http
imperavi
kube
css
search
notifications
http
imperavi
kube
css
notifications
colors
http
imperavi
kube
css
colors
helpers
http
imperavi
kube
css
helpers
mixins
http
imperavi
kube
css
mixins
icons
http
imperavi
kube
css
icons
accordion
http
imperavi
kube
tools
js
accordion
autocomplete
http
imperavi
kube
tools
js
autocomplete
buttons
http
imperavi
kube
tools
js
buttons
check
http
imperavi
kube
tools
js
check
dropdown
http
imperavi
kube
tools
js
dropdown
filterbox
http
imperavi
kube
tools
js
filterbox
navigation
fixed
http
imperavi
kube
tools
js
fixed
infinite
scroll
http
imperavi
kube
tools
js
infinite
scroll
livesearch
http
imperavi
kube
tools
js
livesearch
message
http
imperavi
kube
tools
js
message
modal
http
imperavi
kube
tools
js
modal
navigation
toggle
http
imperavi
kube
tools
js
navigation
toggle
progress
bar
http
imperavi
kube
tools
js
progress
tabs
http
imperavi
kube
tools
js
tabs
textfit
http
imperavi
kube
tools
js
textfit
tooltip
http
imperavi
kube
tools
js
tooltip
upload
http
imperavi
kube
tools
js
upload
works
modern
browser
kube
works
modern
browsers
desktops
mobile
devices
latest
chrome
latest
firefox
latest
safari
latest
opera
ie9
mobile
browsers
license
kube
licensed
mit
http
opensource
org
licenses
mit
kube
framework
absolutely
free
personal
commercial
license
faq
q
i
kube
open
source
project
br
a
q
i
fork
kube
github
whatsoever
br
a
q
i
redistribute
modification
kube
br
a
q
i
sell
kube
modification
kube
br
a
problem
q
i
rename
kube
mube
distribute
product
br
a
absolutely
don
t
