melonjs
build
status
https
travis
ci
org
melonjs
melonjs
svg
https
travis
ci
org
melonjs
melonjs
a
fresh
lightweight
html5
game
engine
melonjs
http
melonjs
org
media
alex4
github
png
copyright
c
2011
2016
olivier
biot
jason
oster
aaron
mcleod
melonjs
http
melonjs
org
licensed
mit
license
http
www
opensource
org
licenses
mit
license
php
melonjs
melonjs
http
melonjs
org
result
enthusiasm
experiments
javascript
features
a
fresh
lightweight
2d
sprite
based
engine
standalone
library
rely
a
html5
capable
browser
compatible
major
browser
chrome
safari
firefox
opera
mobile
devices
device
motion
accelerometer
support
high
dpi
auto
scaling
multi
channel
html5
audio
support
web
audio
supported
devices
lightweight
physics
implementation
ensure
cpu
requirements
polygon
sat
based
collision
algorithm
accurate
detection
response
fast
broad
phase
collision
detection
spatial
partitioning
3rd
party
tools
support
physic
body
definition
physiceditor
physic
body
editor
advanced
math
api
vector
matrix
tween
effects
transition
effects
a
basic
set
object
entities
extended
object
pooling
basic
particle
system
basic
animation
management
standard
spritesheet
packed
textures
texture
packer
shoebox
support
a
state
manager
easily
manage
loading
menu
options
game
state
tiled
map
format
version
0
9
x
integration
easy
level
design
uncompressed
plain
base64
csv
json
encoded
xml
tilemap
loading
orthogonal
isometric
perspective
tilemap
support
multiple
layers
multiple
background
foreground
collision
image
layers
multiple
tileset
support
tileset
transparency
settings
layers
alpha
settings
rectangle
ellipse
polygon
polyline
objects
support
tiled
objects
flipped
rotated
tiles
dynamic
layer
object
group
ordering
dynamic
entity
loading
shape
based
tile
collision
support
system
bitmap
fonts
mouse
touch
device
support
mouse
emulation
built
support
cocoonjs
https
www
ludei
cocoonjs
asynchronous
messaging
support
minpubsub
basic
gui
elements
included
customizable
loader
melonjs
api
documentation
http
melonjs
github
io
melonjs
docs
examples
http
melonjs
github
io
melonjs
time
melonjs
follow
tutorials
platformer
http
melonjs
github
io
tutorial
platformer
step
step
tutorial
space
invaders
http
melonjs
github
io
tutorial
space
invaders
step
step
tutorial
starting
projects
checkout
boilerplate
https
github
melonjs
boilerplate
note
due
_cross
origin
request_
policy
implemented
browsers
prevents
accessing
local
files
disable
security
check
tutorial
a
personal
local
web
server
grunt
connect
task
building
melonjs
building
melonjs
building
melonjs
build
version
melonjs
install
node
js
http
nodejs
org
javascript
runtime
npm
https
npmjs
org
package
manager
grunt
http
gruntjs
task
manager
node
js
package
manager
installed
installer
website
install
build
dependencies
grunt
cli
command
line
interface
open
a
terminal
http
www
apple
osx
apps
html
terminal
a
commmand
prompt
http
en
wikipedia
org
wiki
command_prompt
type
npm
install
g
grunt
cli
install
melonjs
dependencies
typing
cd
melonjs
npm
install
build
melonjs
cd
melonjs
melonjs
directory
grunt
plain
minified
versions
library
build
directory
building
documentation
build
copy
docs
locally
cd
melonjs
melonjs
directory
grunt
doc
generated
documentation
docs
directory
testing
recommended
test
serve
task
grunt
serve
navigate
http
localhost
8000
browser
stop
server
pressing
ctrl
c
terminal
run
melonjs
tests
node
simply
run
grunt
test
run
jasmine
spec
tests
output
displayed
shell
recommended
tests
run
phantomjs
mode
a
lot
bugs
unsupported
features
version
webkit
shipped
phantomjs
wip
builds
melonjs
travis
ci
automated
testing
build
uploads
latest
build
artifacts
downloaded
melonjs
builds
http
melonjs
builds
s3
amazonaws
index
html
prefix
artifacts
bucket
questions
technical
support
contact
channels
melonjs
developer
forum
http
groups
google
group
melonjs
gitter
web
chat
https
gitter
im
melonjs
public
melonjs
wikipage
https
github
melonjs
melonjs
wiki
technical
related
questions
feel
free
send
email
mailto
contact
melonjs
org
