melonjs
build
status
http
travis
ci
org
melonjs
melonjs
svg
http
travis
ci
org
melonjs
melonjs
a
fresh
lightweight
html5
game
engine
melonjs
http
melonjs
org
medium
alex4
github
png
copyright
c
2011
2016
olivier
biot
jason
oster
aaron
mcleod
melonjs
http
melonjs
org
licensed
mit
license
http
www
opensource
org
license
mit
license
php
melonjs
melonjs
http
melonjs
org
result
enthusiasm
experiment
javascript
feature
a
fresh
lightweight
2d
sprite
based
engine
standalone
library
rely
a
html5
capable
browser
compatible
major
browser
chrome
safari
firefox
opera
mobile
device
device
motion
accelerometer
support
high
dpi
auto
scaling
multi
channel
html5
audio
support
web
audio
supported
device
lightweight
physic
implementation
ensure
cpu
requirement
polygon
sat
based
collision
algorithm
accurate
detection
response
fast
broad
phase
collision
detection
spatial
partitioning
3rd
party
tool
support
physic
body
definition
physiceditor
physic
body
editor
advanced
math
api
vector
matrix
tween
effect
transition
effect
a
basic
set
object
entity
extended
object
pooling
basic
particle
system
basic
animation
management
standard
spritesheet
packed
texture
texture
packer
shoebox
support
a
state
manager
easily
manage
loading
menu
option
game
state
tiled
map
format
version
0
9
x
integration
easy
level
design
uncompressed
plain
base64
csv
json
encoded
xml
tilemap
loading
orthogonal
isometric
perspective
tilemap
support
multiple
layer
multiple
background
foreground
collision
image
layer
multiple
tileset
support
tileset
transparency
setting
layer
alpha
setting
rectangle
ellipse
polygon
polyline
object
support
tiled
object
flipped
rotated
tile
dynamic
layer
object
group
ordering
dynamic
entity
loading
shape
based
tile
collision
support
system
bitmap
font
mouse
touch
device
support
mouse
emulation
built
support
cocoonjs
http
www
ludei
cocoonjs
asynchronous
messaging
support
minpubsub
basic
gui
element
included
customizable
loader
melonjs
api
documentation
http
melonjs
github
io
melonjs
doc
example
http
melonjs
github
io
melonjs
time
melonjs
follow
tutorial
platformer
http
melonjs
github
io
tutorial
platformer
step
step
tutorial
space
invader
http
melonjs
github
io
tutorial
space
invader
step
step
tutorial
starting
project
checkout
boilerplate
http
github
melonjs
boilerplate
note
due
_cross
origin
request_
policy
implemented
browser
prevents
accessing
local
file
disable
security
check
tutorial
a
personal
local
web
server
grunt
connect
task
building
melonjs
building
melonjs
building
melonjs
build
version
melonjs
install
node
j
http
nodejs
org
javascript
runtime
npm
http
npmjs
org
package
manager
grunt
http
gruntjs
task
manager
node
j
package
manager
installed
installer
website
install
build
dependency
grunt
cli
command
line
interface
open
a
terminal
http
www
apple
osx
apps
html
terminal
a
commmand
prompt
http
en
wikipedia
org
wiki
command_prompt
type
npm
install
g
grunt
cli
install
melonjs
dependency
typing
cd
melonjs
npm
install
build
melonjs
cd
melonjs
melonjs
directory
grunt
plain
minified
version
library
build
directory
building
documentation
build
copy
doc
locally
cd
melonjs
melonjs
directory
grunt
doc
generated
documentation
doc
directory
testing
recommended
test
serve
task
grunt
serve
navigate
http
localhost
8000
browser
stop
server
pressing
ctrl
c
terminal
run
melonjs
test
node
simply
run
grunt
test
run
jasmine
spec
test
output
displayed
shell
recommended
test
run
phantomjs
mode
a
lot
bug
unsupported
feature
version
webkit
shipped
phantomjs
wip
build
melonjs
travis
ci
automated
testing
build
uploads
latest
build
artifact
downloaded
melonjs
build
http
melonjs
build
s3
amazonaws
index
html
prefix
artifact
bucket
question
technical
support
contact
channel
melonjs
developer
forum
http
group
google
group
melonjs
gitter
web
chat
http
gitter
im
melonjs
public
melonjs
wikipage
http
github
melonjs
melonjs
wiki
technical
related
question
feel
free
send
email
mailto
contact
melonjs
org
