geddy
a
simple
structured
web
framework
node
build
status
http
travis
ci
org
geddy
geddy
png
branch
master
http
travis
ci
org
geddy
geddy
gitter
http
badge
gitter
im
join
chat
svg
http
gitter
im
geddy
geddy
install
geddy
npm
install
g
geddy
create
app
start
geddy
gen
app
my_app
cd
my_app
geddy
creating
1
worker
process
server
worker
running
development
port
4000
create
a
crud
resource
geddy
gen
scaffold
foobar
baz
string
qux
int
added
app
model
foobar
j
added
db
migration
20130809201124_create_foobars
j
added
test
model
foobar
j
added
test
controller
foobars
j
added
app
controller
foobars
j
added
resource
foobars
route
added
config
router
j
added
view
template
documentation
doc
geddyjs
website
http
geddyjs
org
documentation
community
tutorial
geddy
j
a
brainer
mvc
node
j
framework
bhanu
pratap
chaudhary
http
www
digitalocean
community
article
geddy
j
a
brainer
mvc
node
j
framework
community
mailing
list
http
group
google
group
geddyjs
http
group
google
group
geddyjs
gitter
http
gitter
im
geddy
geddy
license
apache
license
version
2
geddy
web
app
development
framework
copyright
2112
mde
fleegix
org
