geddy
a
simple
structured
web
framework
node
build
status
https
travis
ci
org
geddy
geddy
png
branch
master
https
travis
ci
org
geddy
geddy
gitter
https
badges
gitter
im
join
chat
svg
https
gitter
im
geddy
geddy
install
geddy
npm
install
g
geddy
create
app
start
geddy
gen
app
my_app
cd
my_app
geddy
creating
1
worker
process
server
worker
running
development
port
4000
create
a
crud
resource
geddy
gen
scaffold
foobar
baz
string
qux
int
added
app
models
foobar
js
added
db
migrations
20130809201124_create_foobars
js
added
test
models
foobar
js
added
test
controllers
foobars
js
added
app
controllers
foobars
js
added
resource
foobars
route
added
config
router
js
added
view
templates
documentation
docs
geddyjs
website
http
geddyjs
org
documentation
community
tutorials
geddy
js
a
brainer
mvc
node
js
framework
bhanu
pratap
chaudhary
https
www
digitalocean
community
articles
geddy
js
a
brainer
mvc
node
js
framework
community
mailing
list
https
groups
google
group
geddyjs
https
groups
google
group
geddyjs
gitter
https
gitter
im
geddy
geddy
license
apache
license
version
2
geddy
web
app
development
framework
copyright
2112
mde
fleegix
org
