kiwi
j
1
4
0
splash
http
kiwi
j
s3
amazonaws
wound
friend
jpg
kiwi
j
world
s
easiest
open
source
html5
game
framework
making
mobile
desktop
html5
browser
game
focus
blazingly
fast
webgl
rendering
complementary
tool
professional
quality
game
cocoonjs
http
www
ludei
publishing
game
app
creation
version
1
4
0
cole
visit
official
website
http
www
kiwijs
org
documentation
started
follow
twitter
http
www
twitter
kiwijsengine
explore
example
kiwi
j
http
example
kiwijs
org
read
api
documentation
http
api
kiwijs
org
browse
plugin
repository
contact
http
www
kiwijs
org
information
kiwi
born
a
desire
democratize
html5
game
development
love
mass
bring
kiwi
j
don
t
brag
kiwi
j
fast
hardware
accelerated
webgl
rendering
expect
game
easily
deployed
mobile
desktop
browser
wait
deployed
mobile
device
native
apps
cocoonjs
http
www
ludei
framework
mission
follow
open
source
community
practice
backing
providing
professional
support
needed
commercial
developer
indie
feel
love
feel
love
couldn
t
love
a
game
engine
named
a
fluffy
adorable
bird
world
s
greatest
game
inventor
guide
figure
a
website
page
resemble
a
goosebump
http
en
wikipedia
org
wiki
goosebump
choose
adventure
book
spent
literally
hundred
hour
writing
good
document
kiwi
j
developer
official
documentation
codex
http
www
kiwijs
org
documentation
started
stuck
release
note
version
number
tag
refer
github
issue
http
github
gamelab
kiwi
j
issue
v1
4
0
cole
feature
faster
rendering
render
pipeline
cache
result
matrix
concatenation
overcoming
a
significant
bottleneck
cached
data
object
rendering
recreating
asset
fly
depending
scene
composition
yield
a
10
50
performance
improvement
hint
object
don
t
transform
performant
geom
transform
ignorechild
property
added
default
false
set
true
a
group
state
child
inherit
transforms
positioned
0
0
save
a
matrix
concatenation
operation
object
a
group
doesn
t
move
resulting
significant
performance
gain
s
faster
implement
geom
transform
ignoreparent
v1
3
0
child
added
geom
intersect
raytocircle
intersection
check
completes
geometry
intersection
170
geom
ray
inherits
geom
line
a
robust
feature
set
170
kiwi
geom
matrix
equal
method
added
add
state
property
component
kiwi
plugins
a
typescript
module
allowing
typescript
developer
plugins
natively
208
file
param
timeout
added
file
timeouts
default
null
user
set
loading
tolerance
default
file
attempt
load
prevent
crash
slow
connection
state
destroy
explicitly
destroys
member
destruction
tracking
list
robust
overcomes
issue
occur
switching
state
file
load
check
status
code
response
greater
robustness
optimised
gameobjects
tilemap
getoverlappingtiles
nicer
layout
preloader
template
check
http
example
kiwijs
org
http
example
kiwijs
org
example
covering
facet
kiwijs
development
deprecation
glmatrix
library
removed
a
single
call
webgl
rendering
matrix
code
perform
addition
glmatrix
load
a
namespace
framework
result
a
crash
fork
work
glmatrix
decided
remove
reducing
size
kiwijs
glmatrix
functionality
obtain
stand
library
http
glmatrix
net
http
glmatrix
net
team
cerebral
fix
http
cerebralfix
bringing
attention
136
bug
fix
stage
rgbcolor
correctly
interprets
value
range
0
255
198
audio
loop
stop
correctly
previously
loop
indefinitely
making
sound
loop
a
proper
loop
a
proper
stop
199
207
console
error
reported
a
texture
atlas
json
loaded
200
camera
transformpoint
camera
transformpointtoscreen
box
_rotaterect
box
_rotatehitbox
copy
concatenated
matrix
operating
matrix
201
sound
audiomanager
_unlockedsource
pass
a
required
parameter
io
safari
203
eliminated
flickering
high
frame
rate
device
cocoonjs
204
prevent
renderer
crash
creating
a
shader
frame
rendered
210
touch
event
fixed
internet
explorer
11
benliddicott
fix
212
213
geom
transform
anchorpointy
update
correctly
216
stage
visibility
robust
kiwi
file
file
support
proper
parsing
data
file
data
file
succeed
properly
dealing
null
variable
remove
version
property
bower
json
contributed
kevin
kirsche
correct
documentation
kiwi
input
keyboard
_keypressed
_keyreleased
method
filestore
removefile
destroys
properly
radarhere
http
github
radarhere
fixed
typo
documentation
stop
raf
executing
211
detail
kiwi
j
repo
http
github
gamelab
kiwi
j
1
4
0
milestone
http
github
gamelab
kiwi
j
issue
q
milestone
3av1
3
0
3aclosed
previous
view
changelog
http
github
gamelab
kiwi
j
blob
master
changelog
md
a
list
previous
version
feature
powerful
rendering
kiwi
a
custom
built
webgl
rendering
system
targeting
modern
mobile
desktop
browser
mobile
apps
cocoonjs
http
www
ludei
kiwi
lightning
quick
extendible
meaning
fellow
contributor
easily
write
powerful
rendering
plugins
add
ons
webgl
shaders
instance
webgl
particle
plugin
creates
stunning
special
fx
system
render
canvas
mean
older
browser
mobile
browser
don
t
mobile
publishing
kiwi
j
closely
aligned
ludei
s
cocoonjs
http
www
ludei
cocoon
wrap
game
play
io
android
device
state
management
a
state
management
system
let
easily
move
manage
game
state
state
optional
preloader
phase
a
create
phase
update
loop
a
destroy
phase
phase
highly
configurable
flexible
asset
loading
management
s
easy
load
image
sound
data
decide
load
e
g
a
single
payload
beginning
a
state
basis
asset
loaded
super
easy
access
data
library
gameobjects
sprite
image
textfields
gameobjects
object
rendered
game
frame
based
sprite
webgl
particle
static
image
text
field
moved
game
world
scene
graph
entity
component
system
gameobject
entity
component
attached
component
small
piece
code
instance
arcade
physic
system
implemented
a
component
game
object
physic
simply
attach
a
physic
component
standard
gameobjects
component
animation
attached
write
component
scene
graph
grouping
object
scene
graph
represents
gameobjects
visible
gameworld
group
object
place
group
group
animate
move
object
group
ll
behave
a
consistent
manner
depending
nested
animation
sprite
animation
component
enables
frame
animation
spritesheets
texture
atlas
easily
define
frame
sequence
frame
length
play
pause
loop
reverse
animation
a
built
tweening
system
input
including
touch
kiwi
j
support
input
mouse
keyboard
touch
mouse
touch
event
easily
handled
kiwi
j
pointer
object
case
don
t
worry
input
coming
camera
game
world
viewed
a
controllable
camera
move
spin
tilemaps
kiwi
j
support
tilemaps
including
multiple
tile
layer
tiled
map
data
format
supported
including
isometric
tile
programatically
generate
tile
map
a
tile
map
created
easily
manipulate
data
change
tilemap
dynamically
audio
kiwi
j
support
webaudio
api
fall
audio
tag
audio
sprite
supported
device
weird
futuristic
ghetto
blaster
monetization
fellow
game
developer
hungry
shivering
corner
holding
a
change
hand
a
damp
code
cash
cardboard
sign
creating
app
purchasing
plugin
monetize
game
a
top
priority
cocoonjs
http
www
ludei
user
easily
add
a
virtual
currency
consumable
good
appstore
plugin
system
part
dedication
open
source
principle
plugin
system
let
developer
extend
aspect
kiwi
j
rule
creating
unobtrusive
making
plugins
easy
create
attach
plugins
sold
upcoming
kiwi
j
marketplace
integration
powerful
tool
kiwi
j
part
a
larger
ecosystem
product
enable
create
game
game
content
specialised
tool
gamefroot
cloud
based
game
building
solution
power
http
www
youtube
watch
yqwynca4iog
started
splash
http
kiwi
j
s3
amazonaws
html5
conference
game
png
way
started
starting
scratch
generally
accepted
running
faster
kiwi
j
blueprint
game
game
building
experience
a
flying
start
choose
html5
match
game
http
www
kiwijs
org
documentation
blueprint
html5
match
game
blueprint
html5
hidden
object
http
www
kiwijs
org
documentation
blueprint
hidden
object
blueprint
html5
dressup
game
http
www
kiwijs
org
documentation
blueprint
dress
blueprint
html5
breakout
game
http
github
gamelab
match
blueprint
html5
roguelike
game
http
www
kiwijs
org
p
4109
html5
distance
flyer
game
http
www
kiwijs
org
documentation
blueprint
distance
flyer
blueprint
increasing
library
free
premium
blueprint
started
starting
scratch
easiest
start
a
blank
game
a
copy
gametemplate
folder
a
recommended
folder
structure
default
file
place
a
web
server
open
index
file
suggest
xampp
wamp
mamp
a
advanced
simple
create
a
blank
game
kiwi
j
yeoman
generator
http
github
gamelab
generator
kiwigame
create
build
file
goody
viewing
example
a
throng
example
fact
kiwi
tired
carrying
generous
soul
put
repo
check
example
repo
http
github
gamelab
example
tutorial
core
don
t
forget
check
example
site
http
example
kiwijs
org
demo
library
feature
cool
plugins
s
repo
note
framework
kiwi
j
kiwi
min
j
file
located
build
folder
doc
doc
folder
a
template
game
templategame
folder
don
t
worry
rest
repo
folder
build
kiwi
j
kiwi
min
j
file
src
kiwi
j
framework
source
code
doc
api
documentation
kiwi
j
framework
docstyles
store
asset
building
doc
templategame
templategame
developing
a
kiwi
j
game
file
gitignore
mask
file
git
bower
json
bower
installation
gruntfile
j
building
framework
license
txt
mit
license
package
json
npm
package
installing
dev
dependency
readme
md
file
tslint
json
tslint
configuration
file
splash
http
html5experts
jp
wp
content
uploads
2013
11
image05
png
building
library
bower
bower
http
bower
io
package
manager
install
kiwi
j
bower
install
kiwijs
yeoman
yeoman
http
github
gamelab
generator
kiwigame
scaffolding
system
install
a
blank
kiwi
j
game
yo
kiwigame
s
yeoman
game
generator
repo
full
detail
grunt
requires
installing
node
j
grunt
cli
package
a
grunt
including
linting
compiling
typescript
uglifying
result
compiling
doc
build
lint
uglify
default
grunt
compile
doc
grunt
full
build
doc
grunt
doc
csproj
grunt
compilation
method
output
a
single
kiwi
j
file
build
grunt
create
a
min
j
version
output
a
kiwi
d
t
definition
file
build
visual
studio
requires
microsoft
visual
studio
2013
install
typescript
plugin
csproj
file
main
project
advise
build
grunt
correctly
concatenate
additional
file
extending
kiwi
j
plugins
plugins
http
www
kiwijs
org
documentation
kiwi
j
plugin
tutorial
concept
plugins
apply
game
creation
interested
year
working
open
source
space
hacking
open
source
tool
qualification
create
a
system
work
built
kiwi
j
ground
a
plugable
system
add
multiple
plugins
game
write
plugins
ll
sell
plugins
kiwi
j
marketplace
kiwi
j
built
a
plugins
simple
powerful
a
utility
plugin
inventory
keeping
track
item
a
player
collected
a
gameobject
plugin
creates
programmable
tower
defense
unit
a
component
plugin
a
specialised
physic
system
applied
gameobject
a
rendering
plugin
creates
renderers
webgl
shaders
give
game
a
service
plugin
ad
network
app
purchasing
system
stop
bathtub
automatically
draining
a
bath
learn
building
plugins
view
tutorial
kiwijs
org
http
www
kiwijs
org
documentation
tutorial
plugins
kiwi
j
started
plugins
kiwi
j
yeoman
plugin
generator
http
github
gamelab
generator
kiwiplugin
tool
visual
game
maker
gamefroot
world
powerful
easy
browser
based
game
editor
ve
partnered
gamefroot
http
gamefroot
leveleditor
pleased
kiwi
j
integration
development
coming
stay
tuned
update
tool
roadmap
feature
planned
future
release
productivity
tool
multiple
camera
filter
a
world
contributing
d
love
involved
kiwi
j
damn
game
framework
world
d
contribute
touch
fork
clone
repo
a
dig
find
a
bug
report
github
issue
feature
request
written
a
game
demo
show
kiwi
touch
d
love
hear
email
dan
gamefroot
a
pull
request
kiwi
dev
branch
master
branch
submitting
a
pull
request
run
code
jshint
check
stylistic
formatting
error
bug
discover
a
bug
find
wanting
jump
world
html5
gaming
a
buggy
place
add
bug
issue
tracker
information
source
code
demonstrating
issue
http
github
gamelab
kiwi
j
issue
community
a
massive
shoutout
contributor
github
ross
kettle
rosskettle
ben
harding
benjaminharding
phil
wickliffe
stupidlikeafox
zach
frieberg
zacharyf1991
locky
reid
lockyreid
ido
yehieli
tametick
ellison
le
o
ellisonleao
kevin
johnson
cavemanpi
dan
milward
danmilward
julien
castelain
julien
benjamin
d
richards
benjamindrichards
ic5y
hector
zarco
garcia
zzarcon
john
wu
tjwudi
ryan
loader
ranisputnik
rydairegames
benliddicott
kevin
kirsche
andrew
murray
radarhere
kiwi
j
code
a
number
open
source
project
effort
identify
author
code
comment
notice
missing
incorrect
attribution
license
mit
license
txt
detail
