kiwi
js
1
4
0
splash
http
kiwi
js
s3
amazonaws
wounds
friends
jpg
kiwi
js
world
s
easiest
open
source
html5
game
framework
making
mobile
desktop
html5
browser
games
focus
blazingly
fast
webgl
rendering
complementary
tools
professional
quality
games
cocoonjs
https
www
ludei
publishing
games
app
creation
version
1
4
0
cole
visit
official
website
http
www
kiwijs
org
documentation
started
follow
twitter
http
www
twitter
kiwijsengine
explore
examples
kiwi
js
http
examples
kiwijs
org
read
api
documentation
http
api
kiwijs
org
browse
plugin
repository
contact
http
www
kiwijs
org
information
kiwi
born
a
desire
democratize
html5
game
development
love
masses
bring
kiwi
js
don
t
brag
kiwi
js
fast
hardware
accelerated
webgl
rendering
expect
games
easily
deployed
mobile
desktop
browsers
wait
deployed
mobile
devices
native
apps
cocoonjs
https
www
ludei
framework
mission
follow
open
source
community
practices
backing
providing
professional
support
needed
commercial
developers
indies
feel
love
feel
love
couldn
t
love
a
game
engine
named
a
fluffy
adorable
bird
world
s
greatest
game
inventors
guides
figure
a
website
pages
resemble
a
goosebumps
https
en
wikipedia
org
wiki
goosebumps
choose
adventure
book
spent
literally
hundreds
hours
writing
good
documents
kiwi
js
developers
official
documentation
codex
http
www
kiwijs
org
documentation
started
stuck
release
notes
version
number
tags
refer
github
issues
https
github
gamelab
kiwi
js
issues
v1
4
0
cole
features
faster
rendering
render
pipeline
caches
results
matrix
concatenation
overcoming
a
significant
bottleneck
cached
data
objects
rendering
recreating
assets
fly
depending
scene
composition
yield
a
10
50
performance
improvement
hint
objects
don
t
transform
performant
geom
transform
ignorechild
property
added
defaults
false
set
true
a
group
state
children
inherit
transforms
positioned
0
0
save
a
matrix
concatenation
operation
object
a
group
doesn
t
move
resulting
significant
performance
gains
s
faster
implement
geom
transform
ignoreparent
v1
3
0
children
added
geom
intersect
raytocircle
intersection
check
completes
geometry
intersections
170
geom
ray
inherits
geom
line
a
robust
feature
set
170
kiwi
geom
matrix
equals
method
added
add
state
property
component
kiwi
plugins
a
typescript
module
allowing
typescript
developers
plugins
natively
208
file
param
timeout
added
file
timeouts
default
null
user
set
loading
tolerances
default
files
attempt
load
prevent
crashes
slow
connections
state
destroy
explicitly
destroys
members
destruction
tracking
list
robust
overcomes
issues
occur
switching
states
file
load
checks
status
code
response
greater
robustness
optimised
gameobjects
tilemap
getoverlappingtiles
nicer
layout
preloader
template
check
http
examples
kiwijs
org
http
examples
kiwijs
org
examples
covering
facet
kiwijs
development
deprecations
glmatrix
library
removed
a
single
call
webgl
rendering
matrix
code
perform
addition
glmatrix
load
a
namespace
frameworks
results
a
crash
fork
work
glmatrix
decided
remove
reducing
size
kiwijs
glmatrix
functionality
obtain
stand
library
http
glmatrix
net
http
glmatrix
net
team
cerebral
fix
http
cerebralfix
bringing
attention
136
bug
fixes
stage
rgbcolor
correctly
interprets
values
range
0
255
198
audio
loops
stops
correctly
previously
loop
indefinitely
making
sound
loop
a
proper
loop
a
proper
stop
199
207
console
error
reported
a
texture
atlas
json
loaded
200
camera
transformpoint
camera
transformpointtoscreen
box
_rotaterect
box
_rotatehitbox
copy
concatenated
matrices
operating
matrix
201
sound
audiomanager
_unlockedsource
passes
a
required
parameter
ios
safari
203
eliminated
flickering
high
frame
rates
devices
cocoonjs
204
prevent
renderer
crash
creating
a
shader
frame
rendered
210
touch
events
fixed
internet
explorer
11
benliddicott
fix
212
213
geom
transform
anchorpointy
updates
correctly
216
stage
visibility
robust
kiwi
files
file
supports
proper
parsing
data
files
data
files
succeed
properly
dealing
null
variables
remove
version
property
bower
json
contributed
kevin
kirsche
correct
documentation
kiwi
input
keyboard
_keypressed
_keyreleased
methods
filestore
removefile
destroys
properly
radarhere
https
github
radarhere
fixed
typos
documentation
stop
raf
executing
211
details
kiwi
js
repo
https
github
gamelab
kiwi
js
1
4
0
milestone
https
github
gamelab
kiwi
js
issues
q
milestone
3av1
3
0
3aclosed
previous
view
changelog
https
github
gamelab
kiwi
js
blob
master
changelog
md
a
list
previous
versions
features
powerful
rendering
kiwi
a
custom
built
webgl
rendering
system
targeting
modern
mobile
desktop
browsers
mobile
apps
cocoonjs
https
www
ludei
kiwi
lightning
quick
extendible
meaning
fellow
contributors
easily
write
powerful
rendering
plugins
add
ons
webgl
shaders
instance
webgl
particle
plugin
creates
stunning
special
fx
system
render
canvas
means
older
browsers
mobile
browsers
don
t
mobile
publishing
kiwi
js
closely
aligned
ludei
s
cocoonjs
https
www
ludei
cocoon
wrap
game
play
ios
android
devices
state
management
a
state
management
system
lets
easily
move
manage
game
states
state
optional
preloader
phase
a
create
phase
update
loop
a
destroy
phase
phases
highly
configurable
flexible
asset
loading
management
s
easy
load
images
sound
data
decide
load
e
g
a
single
payload
beginning
a
state
basis
assets
loaded
super
easy
access
data
libraries
gameobjects
sprites
images
textfields
gameobjects
objects
rendered
game
frame
based
sprites
webgl
particles
static
images
text
fields
moved
game
world
scene
graph
entity
component
system
gameobject
entity
components
attached
components
small
pieces
code
instance
arcade
physics
system
implemented
a
component
game
object
physics
simply
attach
a
physics
component
standard
gameobjects
components
animation
attached
write
components
scene
graph
grouping
objects
scene
graph
represents
gameobjects
visible
gameworld
group
objects
place
groups
groups
animate
move
objects
groups
ll
behave
a
consistent
manner
depending
nested
animation
sprites
animation
component
enables
frame
animation
spritesheets
texture
atlases
easily
define
frame
sequences
frame
lengths
play
pause
loop
reverse
animations
a
built
tweening
system
input
including
touch
kiwi
js
supports
input
mouse
keyboard
touch
mouse
touch
events
easily
handled
kiwi
js
pointer
objects
cases
don
t
worry
input
coming
camera
game
world
viewed
a
controllable
camera
move
spin
tilemaps
kiwi
js
support
tilemaps
including
multiple
tile
layers
tiled
map
data
format
supported
including
isometric
tiles
programatically
generate
tile
maps
a
tile
map
created
easily
manipulate
data
change
tilemap
dynamically
audio
kiwi
js
supports
webaudio
api
falls
audio
tag
audio
sprites
supported
device
weird
futuristic
ghetto
blaster
monetization
fellow
game
developers
hungry
shivering
corner
holding
a
change
hand
a
damp
code
cash
cardboard
sign
creating
app
purchasing
plugin
monetize
games
a
top
priority
cocoonjs
https
www
ludei
users
easily
add
a
virtual
currency
consumable
goods
appstore
plugin
system
part
dedication
open
source
principles
plugin
system
lets
developers
extend
aspects
kiwi
js
rules
creating
unobtrusive
making
plugins
easy
create
attach
plugins
sold
upcoming
kiwi
js
marketplace
integration
powerful
tools
kiwi
js
part
a
larger
ecosystem
products
enable
create
games
game
content
specialised
tools
gamefroot
cloud
based
game
building
solution
power
https
www
youtube
watch
yqwynca4iog
started
splash
http
kiwi
js
s3
amazonaws
html5
conference
game
png
ways
started
starting
scratch
generally
accepted
running
faster
kiwi
js
blueprint
games
game
building
experience
a
flying
start
choose
html5
match
game
http
www
kiwijs
org
documentation
blueprints
html5
match
game
blueprint
html5
hidden
object
http
www
kiwijs
org
documentation
blueprints
hidden
object
blueprint
html5
dressup
game
http
www
kiwijs
org
documentation
blueprints
dress
blueprint
html5
breakout
game
https
github
gamelab
match
blueprint
html5
roguelike
game
http
www
kiwijs
org
p
4109
html5
distance
flyer
game
http
www
kiwijs
org
documentation
blueprints
distance
flyer
blueprint
increasing
library
free
premium
blueprints
started
starting
scratch
easiest
start
a
blank
game
a
copy
gametemplate
folder
a
recommended
folder
structure
default
files
place
a
web
server
open
index
file
suggest
xampp
wamp
mamp
a
advanced
simple
create
a
blank
game
kiwi
js
yeoman
generator
https
github
gamelab
generator
kiwigame
create
build
files
goodies
viewing
examples
a
throng
examples
fact
kiwi
tired
carrying
generous
souls
put
repo
check
examples
repo
https
github
gamelab
examples
tutorials
core
don
t
forget
check
examples
site
http
examples
kiwijs
org
demo
library
features
cool
plugins
s
repo
note
framework
kiwi
js
kiwi
min
js
files
located
build
folder
docs
docs
folder
a
template
game
templategame
folder
don
t
worry
rest
repo
folders
build
kiwi
js
kiwi
min
js
files
src
kiwi
js
framework
source
code
docs
api
documentation
kiwi
js
framework
docstyles
store
assets
building
docs
templategame
templategame
developing
a
kiwi
js
game
files
gitignore
mask
files
git
bower
json
bower
installation
gruntfile
js
building
framework
license
txt
mit
license
package
json
npm
package
installing
dev
dependencies
readme
md
file
tslint
json
tslint
configuration
file
splash
http
html5experts
jp
wp
content
uploads
2013
11
image05
png
building
library
bower
bower
http
bower
io
package
manager
install
kiwi
js
bower
install
kiwijs
yeoman
yeoman
https
github
gamelab
generator
kiwigame
scaffolding
system
install
a
blank
kiwi
js
game
yo
kiwigame
s
yeoman
game
generator
repo
full
details
grunt
requires
installing
node
js
grunt
cli
package
a
grunt
including
linting
compiling
typescript
uglifying
result
compiling
docs
build
lint
uglify
default
grunt
compile
docs
grunt
full
build
docs
grunt
docs
csproj
grunt
compilation
methods
output
a
single
kiwi
js
file
build
grunt
create
a
min
js
version
output
a
kiwi
d
ts
definition
file
build
visual
studio
requires
microsoft
visual
studio
2013
install
typescript
plugin
csproj
files
main
project
advise
build
grunt
correctly
concatenate
additional
files
extending
kiwi
js
plugins
plugins
http
www
kiwijs
org
documentation
kiwi
js
plugin
tutorials
concept
plugins
apply
game
creation
interested
years
working
open
source
space
hacking
open
source
tools
qualifications
create
a
system
works
built
kiwi
js
ground
a
plugable
system
add
multiple
plugins
game
write
plugins
ll
sell
plugins
kiwi
js
marketplace
kiwi
js
built
a
plugins
simple
powerful
a
utility
plugin
inventory
keeping
track
items
a
player
collected
a
gameobject
plugin
creates
programmable
tower
defense
unit
a
component
plugin
a
specialised
physics
system
applied
gameobject
a
rendering
plugin
creates
renderers
webgl
shaders
give
game
a
service
plugin
ad
network
app
purchasing
system
stop
bathtub
automatically
draining
a
bath
learn
building
plugins
view
tutorials
kiwijs
org
http
www
kiwijs
org
documentation
tutorials
plugins
kiwi
js
started
plugins
kiwi
js
yeoman
plugin
generator
https
github
gamelab
generator
kiwiplugin
tools
visual
game
maker
gamefroot
worlds
powerful
easy
browser
based
game
editor
ve
partnered
gamefroot
http
gamefroot
leveleditor
pleased
kiwi
js
integration
development
coming
stay
tuned
updates
tools
roadmap
features
planned
future
releases
productivity
tools
multiple
cameras
filters
a
world
contributing
d
love
involved
kiwi
js
damn
game
framework
world
d
contribute
touch
fork
clone
repo
a
dig
find
a
bug
report
github
issues
feature
request
written
a
game
demo
shows
kiwi
touch
d
love
hear
email
dan
gamefroot
a
pull
request
kiwi
dev
branch
master
branch
submitting
a
pull
request
run
code
jshint
check
stylistic
formatting
errors
bugs
discover
a
bug
find
wanting
jump
world
html5
gaming
a
buggy
place
add
bug
issues
tracker
information
source
code
demonstrating
issue
https
github
gamelab
kiwi
js
issues
community
a
massive
shoutout
contributors
github
ross
kettle
rosskettle
ben
harding
benjaminharding
phil
wickliffe
stupidlikeafox
zach
frieberg
zacharyf1991
locky
reid
lockyreid
ido
yehieli
tametick
ellison
le
o
ellisonleao
kevin
johnson
cavemanpi
dan
milward
danmilward
julien
castelain
julien
benjamin
d
richards
benjamindrichards
ic5y
hector
zarco
garcia
zzarcon
john
wu
tjwudi
ryan
loader
ranisputnik
rydairegames
benliddicott
kevin
kirsche
andrew
murray
radarhere
kiwi
js
code
a
number
open
source
projects
effort
identify
authors
code
comments
notice
missing
incorrect
attribution
license
mit
license
txt
details
