groundwork
logo
http
0
gravatar
avatar
c8ae740c0b5f7dd913308974a07ee02c
s
150
groundworkcss
2
5
0
responsive
design
easy
http
groundworkcss
github
io
http
groundworkcss
github
io
groundworkcss
http
groundworkcss
github
io
a
fully
responsive
html5
cs
javascript
toolkit
created
ghepting
http
twitter
ghepting
groundworkcss
rapidly
prototype
create
accessible
web
apps
work
virtually
device
key
feature
groundworkcss
stand
nestable
fractional
responsive
adaptive
fluid
grid
system
work
virtually
mobile
tablet
large
screen
device
built
modular
sas
coffeescript
component
easy
customize
highly
configurable
support
purely
semantic
implementation
utilizing
sas
extend
mixin
placeholder
class
built
aria
role
support
responsive
text
table
started
groundworkcss
default
build
easiest
incorporate
groundworkcss
project
copy
pre
compiled
cs
j
file
project
refer
markup
2
important
file
cs
groundwork
cs
j
groundwork
j
addition
required
support
file
j
libs
modernizr
2
6
2
min
j
required
j
libs
jquery
1
10
2
min
j
required
cs
groundwork
cs
required
compatibility
markup
top
html
document
head
section
modernizr
script
src
j
libs
modernizr
2
6
2
min
j
script
framework
cs
gt
9
link
type
text
cs
rel
stylesheet
href
cs
groundwork
cs
endif
lte
9
link
type
text
cs
rel
stylesheet
href
cs
groundwork
core
cs
link
type
text
cs
rel
stylesheet
href
cs
groundwork
type
cs
link
type
text
cs
rel
stylesheet
href
cs
groundwork
ui
cs
link
type
text
cs
rel
stylesheet
href
cs
groundwork
anim
cs
link
type
text
cs
rel
stylesheet
href
cs
groundwork
cs
endif
bottom
html
document
closing
body
tag
script
type
text
javascript
src
j
libs
jquery
1
10
2
min
j
script
script
type
text
javascript
src
j
groundwork
j
script
custom
build
sas
compile
build
groundwork
integrate
project
code
sas
source
file
located
src
sas
src
coffee
important
file
edit
groundwork
sas
dictate
module
imported
compilation
delete
comment
unneeded
module
_settings
sas
initial
setting
groundwork
including
customizable
color
option
turn
rapid
prototyping
class
output
groundwork
cs
j
import
groundwork
sas
part
project
s
sas
let
utilise
groundworkcss
s
library
include
extend
custom
class
ruby
rail
groundwork
a
ruby
rail
project
groundworkcss
rail
gem
http
github
groundworkcss
groundworkcss
rail
develop
contribute
groundworkcss
read
contributing
groundwork
http
github
groundworkcss
groundwork
wiki
contributing
groundwork
fork
