pyramid
image
http
travis
ci
org
pylon
pyramid
png
branch
master
target
http
travis
ci
org
pylon
pyramid
image
http
readthedocs
org
project
pyramid
badge
version
master
target
http
doc
pylonsproject
org
project
pyramid
en
master
alt
master
documentation
status
image
http
readthedocs
org
project
pyramid
badge
version
latest
target
http
doc
pylonsproject
org
project
pyramid
en
latest
alt
latest
documentation
status
image
http
img
shield
io
badge
irc
freenode
blue
svg
target
http
webchat
freenode
net
channel
pyramid
alt
irc
freenode
pyramid
a
small
fast
earth
open
source
python
web
framework
real
world
web
application
development
deployment
fun
predictable
productive
pyramid
produced
pylon
project
http
pylonsproject
org
_
support
documentation
pylon
project
website
http
pylonsproject
org
_
view
documentation
report
bug
obtain
support
developing
contributing
hacking
txt
contributing
md
guideline
running
test
adding
feature
coding
style
updating
documentation
developing
contributing
pyramid
license
pyramid
offered
bsd
derived
repoze
public
license
http
repoze
org
license
html
_
author
pyramid
agendaless
consulting
http
agendaless
_
a
team
contributor
