pyramid
image
https
travis
ci
org
pylons
pyramid
png
branch
master
target
https
travis
ci
org
pylons
pyramid
image
https
readthedocs
org
projects
pyramid
badge
version
master
target
http
docs
pylonsproject
org
projects
pyramid
en
master
alt
master
documentation
status
image
https
readthedocs
org
projects
pyramid
badge
version
latest
target
http
docs
pylonsproject
org
projects
pyramid
en
latest
alt
latest
documentation
status
image
https
img
shields
io
badge
irc
freenode
blue
svg
target
https
webchat
freenode
net
channels
pyramid
alt
irc
freenode
pyramid
a
small
fast
earth
open
source
python
web
framework
real
world
web
application
development
deployment
fun
predictable
productive
pyramid
produced
pylons
project
http
pylonsproject
org
_
support
documentation
pylons
project
website
http
pylonsproject
org
_
view
documentation
report
bugs
obtain
support
developing
contributing
hacking
txt
contributing
md
guidelines
running
tests
adding
features
coding
style
updating
documentation
developing
contributing
pyramid
license
pyramid
offered
bsd
derived
repoze
public
license
http
repoze
org
license
html
_
authors
pyramid
agendaless
consulting
http
agendaless
_
a
team
contributors
