react
https
facebook
github
io
react
build
status
https
img
shields
io
travis
facebook
react
master
svg
style
flat
https
travis
ci
org
facebook
react
coverage
status
https
img
shields
io
coveralls
facebook
react
master
svg
style
flat
https
coveralls
io
github
facebook
react
branch
master
npm
version
https
img
shields
io
npm
react
svg
style
flat
https
www
npmjs
package
react
react
a
javascript
library
building
user
interfaces
ui
lots
people
react
mvc
react
assumptions
rest
technology
stack
s
easy
a
small
feature
existing
project
virtual
dom
react
abstracts
dom
giving
a
simpler
programming
model
performance
react
render
server
node
power
native
apps
react
native
https
facebook
github
io
react
native
data
flow
react
implements
reactive
data
flow
reduces
boilerplate
easier
reason
traditional
data
binding
check
newest
project
react
native
https
github
facebook
react
native
react
javascript
create
native
mobile
apps
learn
react
project
https
facebook
github
io
react
docs
started
html
examples
examples
website
https
facebook
github
io
react
started
js
var
hellomessage
react
createclass
render
function
return
div
props
div
reactdom
render
hellomessage
john
document
getelementbyid
container
render
john
a
container
page
ll
notice
html
syntax
call
jsx
https
facebook
github
io
react
docs
jsx
depth
html
jsx
required
react
code
readable
writing
feels
writing
html
a
simple
transform
included
react
converting
jsx
native
javascript
browsers
digest
installation
fastest
started
serve
javascript
cdn
cdnjs
https
cdnjs
libraries
react
jsdelivr
http
www
jsdelivr
react
html
core
react
library
script
src
https
fb
react
0
14
6
js
script
reactdom
library
script
src
https
fb
react
dom
0
14
6
js
script
ve
built
a
starter
kit
https
facebook
github
io
react
downloads
react
0
14
6
zip
time
react
includes
a
webpage
react
live
code
d
bower
http
bower
io
s
easy
sh
bower
install
save
react
contribute
main
purpose
repository
continue
evolve
react
core
making
faster
easier
interested
helping
reading
interested
helping
s
feedback
react
greatly
appreciated
building
copy
react
process
build
react
js
built
top
node
js
libraries
familiar
prerequisites
node
installed
v4
0
0
npm
v2
0
0
familiar
npm
sudo
installing
packages
globally
familiar
git
build
repository
cloned
building
a
copy
react
js
easy
sh
grunt
cli
needed
grunt
installed
npm
install
g
grunt
cli
npm
install
grunt
build
point
a
build
directory
populated
react
examples
work
grunt
grunt
automate
tasks
run
grunt
h
a
complete
listing
important
sh
build
run
tests
phantomjs
grunt
test
lint
code
eslint
grunt
lint
wipe
build
directory
grunt
clean
good
bug
feet
wet
familiar
contribution
process
a
list
good
bugs
https
github
facebook
react
labels
good
20first
20bug
bugs
easy
fix
a
great
place
started
license
react
bsd
licensed
license
provide
additional
patent
grant
patents
react
documentation
creative
commons
licensed
license
docs
examples
repository
documentation
separately
licensed
license
examples
s
cram
read
community
guidelines
submitting
pull
requests
read
contributing
document
contributing
md
troubleshooting
troubleshooting
guide
https
github
facebook
react
wiki
troubleshooting
