react
http
facebook
github
io
react
build
status
http
img
shield
io
travis
facebook
react
master
svg
style
flat
http
travis
ci
org
facebook
react
coverage
status
http
img
shield
io
coverall
facebook
react
master
svg
style
flat
http
coverall
io
github
facebook
react
branch
master
npm
version
http
img
shield
io
npm
react
svg
style
flat
http
www
npmjs
package
react
react
a
javascript
library
building
user
interface
ui
lot
people
react
mvc
react
assumption
rest
technology
stack
s
easy
a
small
feature
existing
project
virtual
dom
react
abstract
dom
giving
a
simpler
programming
model
performance
react
render
server
node
power
native
apps
react
native
http
facebook
github
io
react
native
data
flow
react
implement
reactive
data
flow
reduces
boilerplate
easier
reason
traditional
data
binding
check
newest
project
react
native
http
github
facebook
react
native
react
javascript
create
native
mobile
apps
learn
react
project
http
facebook
github
io
react
doc
started
html
example
example
website
http
facebook
github
io
react
started
j
var
hellomessage
react
createclass
render
function
return
div
prop
div
reactdom
render
hellomessage
john
document
getelementbyid
container
render
john
a
container
page
ll
notice
html
syntax
call
jsx
http
facebook
github
io
react
doc
jsx
depth
html
jsx
required
react
code
readable
writing
feel
writing
html
a
simple
transform
included
react
converting
jsx
native
javascript
browser
digest
installation
fastest
started
serve
javascript
cdn
cdnjs
http
cdnjs
library
react
jsdelivr
http
www
jsdelivr
react
html
core
react
library
script
src
http
fb
react
0
14
6
j
script
reactdom
library
script
src
http
fb
react
dom
0
14
6
j
script
ve
built
a
starter
kit
http
facebook
github
io
react
downloads
react
0
14
6
zip
time
react
includes
a
webpage
react
live
code
d
bower
http
bower
io
s
easy
sh
bower
install
save
react
contribute
main
purpose
repository
continue
evolve
react
core
making
faster
easier
interested
helping
reading
interested
helping
s
feedback
react
greatly
appreciated
building
copy
react
process
build
react
j
built
top
node
j
library
familiar
prerequisite
node
installed
v4
0
0
npm
v2
0
0
familiar
npm
sudo
installing
package
globally
familiar
git
build
repository
cloned
building
a
copy
react
j
easy
sh
grunt
cli
needed
grunt
installed
npm
install
g
grunt
cli
npm
install
grunt
build
point
a
build
directory
populated
react
example
work
grunt
grunt
automate
task
run
grunt
h
a
complete
listing
important
sh
build
run
test
phantomjs
grunt
test
lint
code
eslint
grunt
lint
wipe
build
directory
grunt
clean
good
bug
foot
wet
familiar
contribution
process
a
list
good
bug
http
github
facebook
react
label
good
20first
20bug
bug
easy
fix
a
great
place
started
license
react
bsd
licensed
license
provide
additional
patent
grant
patent
react
documentation
creative
common
licensed
license
doc
example
repository
documentation
separately
licensed
license
example
s
cram
read
community
guideline
submitting
pull
request
read
contributing
document
contributing
md
troubleshooting
troubleshooting
guide
http
github
facebook
react
wiki
troubleshooting
