div
http
www
phaser
io
image
github
div2
png
phaser
img
src
http
phaser
io
image
github
jump
jpg
align
phaser
a
fast
free
fun
open
source
html5
game
framework
pixi
j
http
github
goodboydigital
pixi
j
webgl
canvas
rendering
desktop
mobile
web
browser
game
compiled
io
android
apps
3rd
party
tool
fantastic
open
source
community
phaser
actively
developed
maintained
photon
storm
limited
http
www
photonstorm
a
result
rapid
support
a
developer
friendly
api
phaser
starred
http
github
showcase
javascript
game
engine
game
framework
github
thousand
developer
worldwide
indie
multi
national
digital
agency
school
university
creating
incredible
game
grab
source
join
fun
visit
phaser
website
http
phaser
io
follow
twitter
http
twitter
photonstorm
phaserjs
learn
api
documentation
http
phaser
io
doc
support
forum
forum
stackoverflow
http
stackoverflow
question
tagged
phaser
framework
code
700
source
example
http
phaser
io
example
git
repo
example
read
subscribe
newsletter
http
confirmsubscription
h
r
369de48e3e86af1e
grab
phaser
book
http
phaser
io
shop
chat
phaserio
irc
channel
http
www
html5gamedevs
topic
4470
official
phaserio
irc
channel
phaserio
freenode
slack
channel
http
phaser
io
news
2015
08
phaser
slack
channel
extend
phaser
plugins
http
phaser
io
shop
plugins
awesome
support
future
phaser
patreon
http
www
patreon
photonstorm
buying
book
http
phaser
io
shop
book
div
http
www
phaser
io
image
github
div
png
index
s
whats
support
phaser
patreon
download
phaser
download
started
started
phaser
phaser
game
phaser
game
requirement
requirement
road
map
road
map
change
log
change
log
contributing
contributing
div
http
www
phaser
io
image
github
div
png
a
whats
a
s
phaser
2
4
4
div
align
center
img
src
http
phaser
io
image
github
news
jpg
div
15th
october
2015
release
phaser
2
4
4
continues
work
bug
fix
feature
optimization
previous
version
s
a
point
release
making
a
safe
upgrade
earlier
2
4
build
internally
phaser
hq
busy
project
released
interphase
http
phaser
io
interphase
a
400
page
publication
phaser
developer
packed
full
exclusive
content
including
8
complete
game
tutorial
a
deep
dive
phaser
state
manager
s
a
blast
write
encouraged
response
reader
planning
releasing
interphase
2
year
ve
released
particle
storm
http
phaser
io
shop
plugins
particlestorm
advanced
particle
system
allowing
easily
create
stunning
special
effect
game
a
line
code
primary
design
goal
create
a
particle
system
extremely
flexible
important
easily
integrate
effect
game
particle
constructed
easy
understand
javascript
object
multiple
property
option
quickly
put
complex
visuals
minimum
effort
close
2015
a
couple
release
horizon
phaser
2
4
5
close
a
fully
working
build
phaser
2
renderer
eye
phaser
web
site
twitter
http
twitter
photonstorm
latest
news
finally
d
extremely
grateful
involved
phaser
patreon
campaign
http
www
patreon
photonstorm
uptake
fantastic
support
phaser
development
share
belief
future
html5
gaming
phasers
role
happy
coding
forum
cheer
rich
photonstorm
http
twitter
photonstorm
boogie
http
www
phaser
io
image
spacedancer
gif
div
http
www
phaser
io
image
github
div
png
a
patreon
a
support
phaser
patreon
patreon
http
www
phaser
io
image
patreon
png
support
future
development
phaser
patreon
campaign
http
www
patreon
photonstorm
ve
exciting
plan
s
d
s
work
phaser
sponsor
phaser
sponsored
http
www
patreon
photonstorm
great
company
qici
http
www
phaser
io
image
sponsor
qici
100
png
qici
engine
a
powerful
stop
integrated
phaser
game
editor
http
www
qiciengine
zenva
http
www
phaser
io
image
sponsor
zenva
100
png
zenva
academy
online
course
phaser
html5
native
app
development
http
academy
zenva
zva_src
phaserpatreon
a
download
a
download
phaser
phaser
hosted
github
phaser
a
number
way
download
clone
git
repository
http
clone
http
ssh
clone
ssh
github
window
clone
ghwin
mac
clone
ghmac
client
download
zip
zip
tar
gz
tgz
download
build
file
phaser
j
j
phaser
min
j
minjs
checkout
svn
clone
svn
bower
npm
install
bower
http
bower
io
bower
install
phaser
install
npm
http
www
npmjs
npm
install
phaser
cdn
jsdelivr
http
www
jsdelivr
phaser
a
super
fast
cdn
developer
include
html
script
src
cdn
jsdelivr
net
phaser
2
4
4
phaser
j
script
minified
version
script
src
cdn
jsdelivr
net
phaser
2
4
4
phaser
min
j
script
cdnjs
http
cdnjs
library
phaser
offer
a
free
cdn
service
version
phaser
custom
build
script
src
http
cdnjs
cloudflare
ajax
libs
phaser
2
4
4
phaser
j
script
phaser
sandbox
d
coding
phaser
web
browser
head
phaser
sandbox
http
phaser
io
sandbox
ll
find
quick
start
template
a
user
friendly
editor
filled
handy
code
completion
feature
koding
phaser
downloading
site
koding
http
koding
offer
a
complete
browser
based
virtual
machine
work
allowing
clone
phaser
repo
start
work
immediately
license
phaser
released
mit
license
http
opensource
org
license
mit
div
http
www
phaser
io
image
github
div
png
a
started
a
started
img
src
http
phaser
io
image
github
learn
jpg
align
a
started
guide
http
phaser
io
tutorial
started
cover
developing
game
phaser
setting
a
web
server
picking
ide
coding
game
prefer
video
reading
lynda
published
a
free
html5
game
development
phaser
http
www
lynda
phaser
tutorial
html5
game
development
phaser
163641
2
html
single
biggest
phaser
resource
phaser
web
site
http
phaser
io
news
hundred
tutorial
listed
fresh
added
week
coming
s
phaser
typescript
check
great
series
game
scratch
http
www
gamefromscratch
page
adventure
phaser
typescript
tutorial
series
aspx
tutorial
source
code
example
started
phaser
ve
growing
expanding
extensive
set
source
code
example
700
browse
phaser
example
http
phaser
io
example
clone
example
repo
example
eat
heart
interphase
div
align
center
img
src
http
phaser
io
content
interphase
1
image
editorial
page
jpg
div
interphase
http
phaser
io
interphase
a
book
phaser
developer
skill
level
400
page
content
ll
find
detailed
article
game
development
making
guide
tutorial
written
latest
version
phaser
won
t
learning
dated
trick
book
source
code
graphic
asset
lot
extra
read
http
phaser
io
interphase
game
mechanic
explorer
game
mechanic
explorer
http
gamemechanicexplorer
a
great
interactive
learn
develop
specific
game
mechanic
phaser
worth
exploring
ve
dev
environment
set
mighty
editor
visual
game
editor
mightyeditor
http
mightyfingers
a
browser
based
visual
phaser
game
editor
create
map
ease
position
object
share
second
export
native
phaser
code
excellent
quickly
setting
level
scene
div
http
www
phaser
io
image
github
div
png
a
phaser
a
phaser
phaser
ready
compiled
build
folder
repository
plain
minified
version
plain
version
development
minified
version
production
custom
build
starting
phaser
2
3
0
include
a
brand
build
system
strip
lot
additional
feature
require
saving
hundred
kb
process
don
t
sound
game
exclude
entire
sound
system
don
t
keyboard
support
stripped
a
result
work
minimum
build
size
phaser
80kb
minified
gzipped
creating
a
custom
phaser
build
http
phaser
io
tutorial
creating
custom
phaser
build
tutorial
detail
building
source
build
phaser
source
advantage
grunt
http
gruntjs
script
ensure
required
package
running
npm
install
run
grunt
perform
a
default
build
dist
folder
div
http
www
phaser
io
image
github
div
png
a
game
a
game
phaser
thousand
game
phaser
game
jam
entry
title
largest
entertainment
brand
world
a
tiny
sample
game
http
phaser
io
image
github
241
bubble
academy
png
game10
game
http
phaser
io
image
github
241
woodventure
png
game11
game
http
phaser
io
image
github
241
hopsop
png
game12
game
http
phaser
io
image
github
241
banana
mania
png
game13
game
http
phaser
io
image
github
241
salazar
png
game14
game
http
phaser
io
image
github
241
phaser
shmup
png
game15
game
http
phaser
io
image
github
241
trappy
trap
png
game16
game
http
phaser
io
image
github
241
runaway
ruin
png
game17
game
http
phaser
io
image
github
241
ananias
png
game18
game
http
phaser
io
image
github
shot1a
jpg
game1
game
http
phaser
io
image
github
shot2a
jpg
game2
game
http
phaser
io
image
github
shot3a
jpg
game3
game
http
phaser
io
image
github
shot4a
jpg
game4
game
http
phaser
io
image
github
shot5b
jpg
game5
game
http
phaser
io
image
github
shot6b
jpg
game6
game
http
phaser
io
image
github
shot7b
jpg
game7
game
http
phaser
io
image
github
shot8
jpg
game8
game
http
phaser
io
image
github
shot9
jpg
game9
artwork
copyright
respective
owner
add
game
http
phaser
io
news
category
game
phaser
site
weekly
send
s
finished
div
http
www
phaser
io
image
github
div
png
a
requirement
a
requirement
phaser
requires
a
web
browser
support
canvas
tag
http
caniuse
feat
canvas
includes
internet
explorer
9
firefox
chrome
safari
opera
desktop
io
safari
android
browser
chrome
android
supported
mobile
phaser
ensure
a
consistent
cross
platform
experience
aware
browser
device
limitation
important
regard
memory
gpu
limitation
mobile
legacy
browser
html5
compatibility
ie9
support
ie9
android
2
x
p2
physic
polyfill
resource
ie9
polyfill
folder
don
t
p2
don
t
care
ie9
skip
javascript
typescript
phaser
developed
javascript
ve
assumption
code
careful
impose
a
strict
structure
won
t
find
phaser
split
module
requiring
a
build
step
making
a
class
inheritance
oop
approach
doesn
t
t
mean
don
t
force
s
choice
code
typescript
http
www
typescriptlang
org
comprehensive
definition
file
typescript
folder
typescript
1
4
div
http
www
phaser
io
image
github
div
png
a
road
map
a
road
map
majority
phaser
development
place
phaser
3
project
phaser
2
branch
supported
issue
fixed
roadmap
feature
migrated
phaser
3
a
phaser3
a
phaser
3
a
good
development
phaser
3
ve
working
hard
creating
a
brand
extremely
powerful
renderer
progress
report
posted
web
site
http
phaser
io
lab
phaser
3
repo
http
github
photonstorm
phaser3
plenty
time
add
suggestion
feedback
forum
thread
http
www
html5gamedevs
topic
7949
phaser
3
wishlist
thread
exceptional
javascript
developer
join
phaser
3
development
team
a
limited
budget
pay
time
phaser
nano
phaser
nano
http
github
photonstorm
phaser
nano
a
cut
optimized
build
phaser
designed
specifically
super
file
size
environment
banner
ad
interstitials
friendly
api
phaser
a
smaller
footprint
current
release
8
3kb
div
http
www
phaser
io
image
github
div
png
a
change
log
a
change
log
version
2
4
4
amador
15th
october
2015
feature
emitter
emitparticle
4
optional
argument
x
y
key
frame
override
emitter
default
value
emit
particle
coordinate
a
texture
group
resetchild
a
method
call
child
reset
child
loadtexture
child
object
internally
getfirstdead
similar
public
a
group
iteration
callback
note
child
public
reset
loadtexture
method
valid
call
group
getfirstdead
group
getfirstalive
group
getfirstexists
optional
argument
createifnull
x
y
key
frame
method
call
find
a
matching
child
i
e
getfirstdead
find
dead
child
optional
createifnull
instantly
create
a
child
group
position
texture
argument
a
child
group
remove
null
check
group
insert
game
code
argument
a
createifnull
false
provide
extra
argument
a
child
passed
group
resetchild
method
retrieve
a
child
group
reset
instantly
ready
game
extra
code
p2
body
removecollisiongroup
remove
collisiongroup
array
collisiongroups
list
group
a
body
collide
update
collision
mask
garbanas
2047
filter
addtoworld
quickly
create
a
phaser
image
object
position
size
filter
ready
applied
eliminate
lot
duplicate
code
tiled
0
13
0
added
support
layer
data
compression
exporting
json
mean
tmx
stored
base64
encoding
start
exporting
layer
data
a
base64
encoded
string
a
native
array
update
add
automatic
support
long
data
isn
t
compressed
ie9
support
ll
polyfill
resource
folder
noidexe
2084
load
single
layer
pyxel
edit
tilemaps
atlas
joshpmcghee
2050
canvas
getsmoothingprefix
return
vendor
prefixed
smoothing
enabled
context
set
null
random
number
generator
set
state
rnd
state
saving
state
generator
a
string
part
a
save
game
file
load
luckylooke
2056
1900
device
iosversion
major
version
number
io
pointermode
enumeration
added
simple
input
discrimination
future
active
pointer
touch
screen
passive
pointer
mouse
cursor
pnstickne
2062
button
justreleasedpreventsover
control
a
release
event
a
pointer
prevents
trigger
event
button
forceout
expanded
accept
a
pointermode
controlled
input
mode
phaser
keycode
a
pseudo
type
keyboard
class
code
separation
keyboard
constant
file
stop
jsdocs
polluted
easier
future
expansion
pnstickne
2118
2031
update
typescript
definition
fix
update
clark
stevenson
milkey
mouse
timotei
qdrj
garbanas
cloakedninjas
doc
typo
fix
rwrountree
yeluoqiuzhi
pnstickne
fonsecas72
jackmorgannz
caryanne
math
average
optimized
rwrountree
2025
calling
gameobject
revive
heal
method
called
apply
health
allowing
consideration
a
maxhealth
set
bsparks
2027
change
splice
call
argument
slice
pnstickne
2034
2032
bitmapdata
move
moveh
movev
a
optional
wrap
argument
allowing
control
content
bitmapdata
wrapped
edge
true
simply
scrolled
false
time
desiredfps
moved
a
getter
setter
time
physicselapsed
time
physicselapsedms
longer
calculated
frame
desiredfps
changed
time
update
streamlined
updatesettimeout
updateraf
method
merged
duplicate
code
removed
time
desiredfpsmult
a
pre
calculated
multiplier
game
update
time
refresh
update
time
time
time
elapsedms
value
called
automatically
game
update
devicebutton
setting
a
duration
property
read
getter
duration
winstonwolff
added
node
j
v4
stable
travis
config
phillipalexander
2070
optimised
canvas
getsmoothingenabled
canvas
setsmoothingenabled
canvas
setimagerenderingcrisp
physic
editor
exporter
resource
folder
repo
option
prefix
shape
name
optimize
json
output
added
garbanas
2093
touch
addtouchlockcallback
a
argument
onend
callback
fire
a
touchstart
a
touchend
event
soundmanager
detects
browser
running
ios9
a
touchend
callback
unlock
audio
subsystem
previous
version
io
android
touchstart
fix
apple
s
screw
regard
changing
web
audio
triggered
mobile
safari
apple
mycatcarlos
head
2095
inputhandler
validforinput
check
game
object
input
enabled
set
false
doesn
t
validate
input
s
case
default
button
onovermouseonly
changed
false
true
touch
enabled
game
aware
change
2083
bitmapdata
clear
automatically
call
bitmapdata
update
color
stub
added
custom
build
process
bare
minimum
function
phaser
work
cut
file
size
48
7kb
7
4kb
note
stub
bitmapdata
object
dom
stub
added
custom
build
process
bare
minimum
function
phaser
work
cut
file
size
14
8kb
2
4kb
note
stub
full
scale
manager
scale
manager
stub
added
remove
scale
manager
handling
phaser
save
75kb
process
don
t
scale
phaser
canvas
handling
externally
safely
stub
a
custom
build
added
pixi
polyk
pixi
webglgraphics
pixi
canvasgraphics
file
graphic
custom
build
option
weren
t
remove
extra
40
2kb
build
size
phaser
create
longer
automatically
creates
a
bitmapdata
object
start
a
texture
grid
create
stub
added
custom
build
process
cut
file
size
8kb
exclude
flexgrid
custom
build
saving
15kb
scalemanager
longer
creates
a
phaser
flexgrid
class
isn
t
i
e
excluded
a
custom
build
time
suggestedfps
defaulted
time
desiredfps
frame
settled
previously
null
noidexe
2130
text
anchor
0
5
word
wrap
extra
space
added
width
calculation
adjusted
nickryall
2052
1990
scalemanager
getparentbounds
check
parentnode
offsetparent
calling
getboundingclientrect
mcfarts
2134
bug
fix
loader
bitmapfont
wouldn
t
automatically
set
atlasurl
key
loader
put
baseurl
path
front
data
blob
url
rblopes
2044
text
width
calculated
add
strokethickness
causing
alignment
offset
nickryall
2039
sound
onendedhandler
a
fix
audiobuffersourcenode
listener
memory
leak
pappa
2069
game
update
call
updatelogic
multiple
time
a
single
frame
catching
slow
device
frame
rate
tweens
advance
speed
mkristo
added
usecapture
flag
removeeventlistener
mspointer
class
pmcmonagle
2055
settimeout
forcesettimeout
true
time
incorrectly
setting
time
timeexpected
causing
game
update
lag
satan6
2087
fix
edge
case
tilingsprite
removed
render
pnstickne
2097
2092
camera
setboundstoworld
adjusts
bound
exists
prudolfs
2099
keyboard
addcallbacks
didn
t
check
argument
null
undefined
making
jsdocs
misleading
scalemanager
getparentbounds
take
transforms
account
correct
parent
bound
jdnichollsc
2111
2098
cache
addbitmapfont
applies
a
default
x
y
spacing
argument
omitted
nlotz
2128
removed
tileposition
property
phaser
rope
class
isn
t
implemented
caused
call
rope
reset
crash
spayton
2135
scalemin
scalemax
stopped
working
phaser
2
3
0
due
incorrect
transform
callback
scope
brianbunch
2132
pixi
update
note
phaser
a
custom
build
pixi
custom
build
pixi
general
canvasrenderer
mapblendmodes
optimised
cut
file
size
pixi
webglrenderer
updatetexture
return
a
boolean
depending
texture
successfully
bound
gl
context
pixi
webglspritebatch
renderbatch
render
a
texture
updatetexture
failed
bind
check
return
updatetexture
ignores
failed
bind
webglrenderer
mapblendmodes
optimised
cut
file
size
sprite
getbounds
report
inaccurate
sprite
negatively
scaled
causing
generatetexture
cut
davidapc
2108
removed
displayobject
transformcallback
s
a
game
object
component
basetexture
skiprender
a
boolean
set
skip
rendering
phase
webgl
sprite
batch
a
parent
sprite
visible
texture
i
e
internal
__default
texture
child
render
causing
a
batch
flush
process
previous
release
extensive
version
history
http
github
photonstorm
phaser
blob
master
changelog
md
div
http
www
phaser
io
image
github
div
png
a
contributing
a
contributing
read
contributor
guide
contribute
full
detail
helping
phaser
main
point
a
bug
report
github
issue
issue
include
a
code
sample
pull
request
dev
branch
master
submitting
a
pull
request
run
code
jshint
http
www
jshint
config
http
github
photonstorm
phaser
blob
master
jshintrc
contributing
read
code
conduct
http
github
photonstorm
phaser
blob
master
code_of_conduct
md
written
cool
show
phaser
forum
forum
email
support
phaser
io
build
status
http
travis
ci
org
photonstorm
phaser
png
branch
dev
http
travis
ci
org
photonstorm
phaser
div
http
www
phaser
io
image
github
div
png
storm
http
www
phaser
io
image
github
photonstorm
x2
png
phaser
a
photon
storm
http
www
photonstorm
production
created
richard
davey
mailto
rich
photonstorm
powered
coffee
anime
pixel
love
phaser
logo
character
copy
2015
photon
storm
limited
right
reserved
video
game
meant
fun
fun
satoru
iwata
analytics
http
ga
beacon
appspot
ua
44006568
2
phaser
index
http
github
igrigorik
ga
beacon
j
http
github
photonstorm
phaser
release
download
v2
4
4
phaser
j
minjs
http
github
photonstorm
phaser
release
download
v2
4
4
phaser
min
j
zip
http
github
photonstorm
phaser
archive
v2
4
4
zip
tgz
http
github
photonstorm
phaser
archive
v2
4
4
tar
gz
clone
http
http
github
photonstorm
phaser
git
clone
ssh
git
github
photonstorm
phaser
git
clone
svn
http
github
photonstorm
phaser
clone
ghwin
github
window
openrepo
http
github
photonstorm
phaser
clone
ghmac
github
mac
openrepo
http
github
photonstorm
phaser
phaser
http
github
photonstorm
phaser
issue
http
github
photonstorm
phaser
issue
example
http
github
photonstorm
phaser
example
contribute
http
github
photonstorm
phaser
blob
master
contributing
md
forum
http
www
html5gamedevs
forum
14
phaser
game1
http
www
prodigygame
fun
math
game
game2
http
www
bbc
uk
cbbc
game
deadly
defender
game
game3
http
www
defiantfew
game4
http
www
pawpatrol
fun
php
game5
http
www
fyretale
game6
http
www
pocoyo
juegos
ninos
caramelos
game7
http
www
html5gamedevs
topic
11179
phaser
cocoonjs
tap
tap
submarine
game8
http
www
gamepix
project
footchinko
game9
http
orcattack
thehobbit
game10
http
phaser
io
news
2015
06
bubble
academy
game11
http
phaser
io
news
2015
07
woodventure
game12
http
phaser
io
news
2015
04
hopsop
journey
top
game13
http
phaser
io
news
2015
05
banana
mania
game14
http
phaser
io
news
2015
06
salazar
alchemist
game15
http
phaser
io
news
2015
05
phaser
shmup
game16
http
phaser
io
news
2015
05
trappy
trap
game17
http
phaser
io
news
2015
04
runaway
ruin
game18
http
phaser
io
news
2015
04
ananias
