spine
gitter
https
badges
gitter
im
join
chat
svg
https
gitter
im
spine
spine
utm_source
badge
utm_medium
badge
utm_campaign
pr
badge
utm_content
badge
build
status
https
secure
travis
ci
org
spine
spine
svg
http
travis
ci
org
spine
spine
bitdeli
badge
https
d2weczhvl823v0
cloudfront
net
spine
spine
trend
png
https
bitdeli
free
bitdeli
badge
spine
a
lightweight
mvc
library
building
javascript
web
applications
spine
structure
allowing
concentrate
fun
stuff
building
awesome
web
applications
spine
opinionated
approach
web
application
architecture
design
spine
s
architecture
complements
patterns
de
coupled
components
commonjs
modules
markedly
helping
code
quality
maintainability
library
written
coffeescript
http
coffeescript
org
doesn
t
necessarily
require
coffeescript
develop
applications
language
familiar
prefer
documentation
tools
hem
https
github
spine
hem
spine
app
https
github
spine
spine
app
cater
prefer
coffeescript
s
syntax
learn
documentation
incomplete
lies
waiting
happen
approachable
source
code
reduces
knowledge
dependencies
area
spine
excells
compared
mvc
frameworks
spine
tiny
core
library
700
lines
coffeescript
code
written
a
prefer
readability
terseness
clever
tricks
small
a
small
timeframe
understand
pieces
work
expertise
achievable
days
weeks
months
years
reasons
remaining
lightweight
simple
fundamental
spine
documentation
usage
examples
spinejs
http
spinejs
test
suite
occasionally
provide
additional
examples
coffeescript
examples
contributing
reporting
issues
file
a
bug
report
visit
github
issues
page
https
github
spine
spine
issues
s
great
attach
code
test
cases
fixes
bugs
test
cases
a
proposed
implementation
features
reproducible
bug
reports
support
spine
spine
google
group
https
groups
google
forum
forum
spinejs
stackoverflow
opening
issue
github
post
places
people
chime
benefit
readily
cloning
master
running
test
suite
started
contributing
spine
clone
repository
run
test
suite
familiar
git
visit
git
homepage
http
git
scm
download
git
platform
clone
repository
git
clone
git
github
spine
spine
git
cd
spine
node
npm
pull
testing
libraries
set
spine
repo
directory
run
npm
install
bring
jasmine
http
jasmine
github
io
coffeescript
a
minimalist
local
server
running
tests
a
browser
simply
open
test
index
html
a
browser
run
jasmine
http
jasmine
github
io
test
suite
spine
core
tests
passing
ready
contribute
a
issue
routing
tests
fail
simply
a
file
protocol
browser
browser
security
avoid
running
local
server
npm
start
alternatively
a
server
apache
nginx
serve
test
files
browser
phantom
js
http
phantomjs
org
a
script
included
running
tests
slicker
npm
test
contributing
spine
documentation
easiest
started
contributing
docs
find
typos
bugs
omissions
docs
submit
a
pull
request
fix
spine
website
spinejs
http
spinejs
primary
documentation
a
simple
rails
app
spine
site
https
github
spine
spine
site
don
t
rails
ruby
contribute
vast
majority
markdown
contributing
spine
code
recommended
contribution
process
based
ruby
rails
contribution
guide
http
edgeguides
rubyonrails
org
contributing_to_ruby_on_rails
html
contributing
rails
code
general
include
tests
features
bugfixes
work
a
feature
branch
ready
submit
discuss
code
fork
repository
push
fork
issue
a
pull
request
coffeescript
submitting
a
pull
request
code
submit
coffeescript
building
effected
js
files
required
testing
sake
submitting
js
files
optional
assuming
node
js
npm
installed
proceed
installing
local
dev
dependencies
npm
install
build
scripts
compile
coffeescript
files
cake
build
cake
watch
tasks
a
locally
installed
copy
coffeescript
ensure
contributors
version
compiler
git
s
i
m
submit
a
patch
add
somefeaturefix
git
checkout
dev
feature
branches
start
dev
master
branch
builds
master
branch
coffeescript
source
map
files
cool
tend
ruin
automatic
merges
git
git
checkout
b
somefeaturefix
vim
test
add
tests
cake
watch
recompile
coffeescript
figure
spine
module
belong
vim
src
spine
coffee
vim
src
otherspinecomponent
coffee
add
feature
fix
open
test
index
html
tests
run
component
changed
test
browsers
jquery
versions
feel
risk
git
commit
m
add
feature
fix
fork
spine
repository
https
github
spine
spine
fork
push
branch
fork
git
remote
add
user
git
github
user
spine
git
git
push
user
somefeaturefix
finally
issue
a
pull
request
github
interface
dev
branch
spine
contribution
ready
consideration
discussion
merging
