spine
gitter
http
badge
gitter
im
join
chat
svg
http
gitter
im
spine
spine
utm_source
badge
utm_medium
badge
utm_campaign
pr
badge
utm_content
badge
build
status
http
secure
travis
ci
org
spine
spine
svg
http
travis
ci
org
spine
spine
bitdeli
badge
http
d2weczhvl823v0
cloudfront
net
spine
spine
trend
png
http
bitdeli
free
bitdeli
badge
spine
a
lightweight
mvc
library
building
javascript
web
application
spine
structure
allowing
concentrate
fun
stuff
building
awesome
web
application
spine
opinionated
approach
web
application
architecture
design
spine
s
architecture
complement
pattern
de
coupled
component
commonjs
module
markedly
helping
code
quality
maintainability
library
written
coffeescript
http
coffeescript
org
doesn
t
necessarily
require
coffeescript
develop
application
language
familiar
prefer
documentation
tool
hem
http
github
spine
hem
spine
app
http
github
spine
spine
app
cater
prefer
coffeescript
s
syntax
learn
documentation
incomplete
lie
waiting
happen
approachable
source
code
reduces
knowledge
dependency
area
spine
excells
compared
mvc
framework
spine
tiny
core
library
700
line
coffeescript
code
written
a
prefer
readability
terseness
clever
trick
small
a
small
timeframe
understand
piece
work
expertise
achievable
day
week
month
year
reason
remaining
lightweight
simple
fundamental
spine
documentation
usage
example
spinejs
http
spinejs
test
suite
occasionally
provide
additional
example
coffeescript
example
contributing
reporting
issue
file
a
bug
report
visit
github
issue
page
http
github
spine
spine
issue
s
great
attach
code
test
case
fix
bug
test
case
a
proposed
implementation
feature
reproducible
bug
report
support
spine
spine
google
group
http
group
google
forum
forum
spinejs
stackoverflow
opening
issue
github
post
place
people
chime
benefit
readily
cloning
master
running
test
suite
started
contributing
spine
clone
repository
run
test
suite
familiar
git
visit
git
homepage
http
git
scm
download
git
platform
clone
repository
git
clone
git
github
spine
spine
git
cd
spine
node
npm
pull
testing
library
set
spine
repo
directory
run
npm
install
bring
jasmine
http
jasmine
github
io
coffeescript
a
minimalist
local
server
running
test
a
browser
simply
open
test
index
html
a
browser
run
jasmine
http
jasmine
github
io
test
suite
spine
core
test
passing
ready
contribute
a
issue
routing
test
fail
simply
a
file
protocol
browser
browser
security
avoid
running
local
server
npm
start
alternatively
a
server
apache
nginx
serve
test
file
browser
phantom
j
http
phantomjs
org
a
script
included
running
test
slicker
npm
test
contributing
spine
documentation
easiest
started
contributing
doc
find
typo
bug
omission
doc
submit
a
pull
request
fix
spine
website
spinejs
http
spinejs
primary
documentation
a
simple
rail
app
spine
site
http
github
spine
spine
site
don
t
rail
ruby
contribute
vast
majority
markdown
contributing
spine
code
recommended
contribution
process
based
ruby
rail
contribution
guide
http
edgeguides
rubyonrails
org
contributing_to_ruby_on_rails
html
contributing
rail
code
general
include
test
feature
bugfixes
work
a
feature
branch
ready
submit
discus
code
fork
repository
push
fork
issue
a
pull
request
coffeescript
submitting
a
pull
request
code
submit
coffeescript
building
effected
j
file
required
testing
sake
submitting
j
file
optional
assuming
node
j
npm
installed
proceed
installing
local
dev
dependency
npm
install
build
script
compile
coffeescript
file
cake
build
cake
watch
task
a
locally
installed
copy
coffeescript
ensure
contributor
version
compiler
git
s
i
m
submit
a
patch
add
somefeaturefix
git
checkout
dev
feature
branch
start
dev
master
branch
build
master
branch
coffeescript
source
map
file
cool
tend
ruin
automatic
merges
git
git
checkout
b
somefeaturefix
vim
test
add
test
cake
watch
recompile
coffeescript
figure
spine
module
belong
vim
src
spine
coffee
vim
src
otherspinecomponent
coffee
add
feature
fix
open
test
index
html
test
run
component
changed
test
browser
jquery
version
feel
risk
git
commit
m
add
feature
fix
fork
spine
repository
http
github
spine
spine
fork
push
branch
fork
git
remote
add
user
git
github
user
spine
git
git
push
user
somefeaturefix
finally
issue
a
pull
request
github
interface
dev
branch
spine
contribution
ready
consideration
discussion
merging
