whitestormjs
build
status
http
travis
ci
org
whitestormjs
whitestorm
j
svg
http
travis
ci
org
whitestormjs
whitestorm
j
npm
http
wsbadge
herokuapp
npm
whitestormjs
svg
http
www
npmjs
package
whitestormjs
bower
http
wsbadge
herokuapp
bower
whitestormjs
svg
http
github
whitestormjs
whitestorm
j
gitter
http
wsbadge
herokuapp
badge
gitter
join_chat_
e2
86
92
1dce73
svg
http
gitter
im
whitestormjs
whitestorm
j
issue
http
wsbadge
herokuapp
npm
dt
whitestormjs
svg
http
www
npmjs
package
whitestormjs
author
http
wsbadge
herokuapp
badge
author
alexander
20buzin
red
svg
http
github
sasha240100
slack
status
http
whslack
herokuapp
badge
svg
http
whslack
herokuapp
code
style
check
codacy
badge
http
api
codacy
project
badge
8f5d1eab0569415b983bf0c1b7323d68
http
www
codacy
app
siteprogcom
whitestormjs
bithound
score
http
www
bithound
io
github
whitestormjs
whitestorm
j
badge
score
svg
http
www
bithound
io
github
whitestormjs
whitestorm
j
whitestormjs
a
3d
javascript
engine
based
j
http
threejs
org
physic
effect
library
define
whitestormjs
api
script
terrain
generation
skybox
animation
physic
simulation
post
effect
whitestormjs
simplifies
_three
j
object
crafting
algorithm_
javascript
method
parameter
whitestormjs
hosted
jsdelivr
http
www
jsdelivr
project
whitestormjs
link
latest
minified
version
http
cdn
jsdelivr
net
whitestormjs
latest
whitestorm
min
j
full
version
http
cdn
jsdelivr
net
whitestormjs
latest
whitestorm
j
download
http
cdn
jsdelivr
net
whitestormjs
latest
whitestormjs
zip
whitestormjs
http
raw
githubusercontent
whitestormjs
whitestorm
j
master
development
art
logo
big
png
installation
forthebadge
http
forthebadge
image
badge
j
svg
http
github
search
l
javascript
q
23javasript
ref
searchresults
type
repository
utf8
e2
9c
93
advised
download
copy
library
large
break
compatibility
include
j
http
threejs
org
build
min
j
wagner
http
spite
github
io
wagner
wagner
j
physi
j
http
github
chandlerprall
physijs
blob
master
physi
j
library
include
a
script
tag
linking
whitestormjs
http
cdn
jsdelivr
net
whitestormjs
latest
whitestorm
min
j
library
head
body
html
script
src
j
script
script
src
physi
j
script
script
src
wagner
j
script
whitestormjs
library
script
src
path_to_lib
whitestorm
j
script
adding
library
configure
game
javascript
var
game
whs
init
anaglyph
false
anaglyph
effect
stats
fps
fps
m
mb
false
wagner
wagner
wagner
library
variable
gravity
physic
gravity
x
0
y
100
z
0
path_worker
physijs_worker
j
path
physijs
worker
path_ammo
ammo
j
path
ammo
j
define
scene
object
game
start
start
animation
physic
simulation
join
chat
http
gitter
im
whitestormjs
whitestorm
j
http
badge
gitter
im
join
20chat
svg
http
gitter
im
whitestormjs
whitestorm
j
utm_source
badge
utm_medium
badge
utm_campaign
pr
badge
utm_content
badge
structure
whitestorm
j
structure
http
raw
githubusercontent
whitestormjs
whitestorm
j
master
development
art
coggle
whitestormjs
png
example
fps
http
192
241
128
187
current
example
fps
html
person
wagner
effect
terrain
basic
http
192
241
128
187
current
example
basic
html
basic
world
material
http
192
241
128
187
current
example
basic_material
html
basic
material
object
model
http
192
241
128
187
current
example
basic_model
html
teapot
model
j
jsonloader
object
wall
http
192
241
128
187
current
example
stone_wall
html
stone
wall
basic
plugin
color
http
192
241
128
187
current
example
plugin_example
html
basic
plugin
skybox
http
192
241
128
187
current
example
skybox
html
skybox
author
sasha240100
forthebadge
http
wsbadge
herokuapp
twitter
url
http
alexbuzin
svg
style
social
http
twitter
intent
tweet
text
check
developer
url
http
3a
2f
2falexbuzin
changelog
http
github
whitestormjs
whitestorm
j
blob
master
changelog
md
forthebadge
http
forthebadge
image
badge
built
love
svg
http
alexbuzin
license
a
rel
license
href
http
creativecommons
org
license
nc
4
0
img
alt
creative
common
style
border
width
0
src
http
i
creativecommons
org
l
nc
4
0
88x31
png
a
br
span
xmlns
dct
http
purl
org
dc
term
property
dct
title
whitestormjs
3d
library
span
a
xmlns
cc
http
creativecommons
org
n
href
http
github
sasha240100
property
cc
attributionname
rel
cc
attributionurl
alexander
buzin
a
a
rel
license
href
http
creativecommons
org
license
nc
4
0
creative
common
attribution
noncommercial
noderivatives
4
0
a
br
a
xmlns
dct
http
purl
org
dc
term
href
http
github
whitestormjs
whitestorm
j
rel
dct
source
http
github
whitestormjs
whitestorm
j
a
br
a
xmlns
cc
http
creativecommons
org
n
href
http
github
whitestormjs
whitestorm
j
rel
cc
morepermissions
http
github
whitestormjs
whitestorm
j
a
