whitestormjs
build
status
https
travis
ci
org
whitestormjs
whitestorm
js
svg
https
travis
ci
org
whitestormjs
whitestorm
js
npm
http
wsbadge
herokuapp
npm
whitestormjs
svg
https
www
npmjs
package
whitestormjs
bower
http
wsbadge
herokuapp
bower
whitestormjs
svg
https
github
whitestormjs
whitestorm
js
gitter
http
wsbadge
herokuapp
badge
gitter
join_chat_
e2
86
92
1dce73
svg
https
gitter
im
whitestormjs
whitestorm
js
issues
http
wsbadge
herokuapp
npm
dt
whitestormjs
svg
https
www
npmjs
package
whitestormjs
author
http
wsbadge
herokuapp
badge
author
alexander
20buzin
red
svg
https
github
sasha240100
slack
status
https
whslack
herokuapp
badge
svg
https
whslack
herokuapp
code
style
check
codacy
badge
https
api
codacy
project
badge
8f5d1eab0569415b983bf0c1b7323d68
https
www
codacy
app
siteprogcom
whitestormjs
bithound
score
https
www
bithound
io
github
whitestormjs
whitestorm
js
badges
score
svg
https
www
bithound
io
github
whitestormjs
whitestorm
js
whitestormjs
a
3d
javascript
engine
based
js
http
threejs
org
physics
effects
libraries
define
whitestormjs
api
scripts
terrain
generation
skybox
animation
physics
simulation
post
effects
whitestormjs
simplifies
_three
js
object
crafting
algorithm_
javascript
methods
parameters
whitestormjs
hosted
jsdelivr
http
www
jsdelivr
projects
whitestormjs
link
latest
minified
version
https
cdn
jsdelivr
net
whitestormjs
latest
whitestorm
min
js
full
version
https
cdn
jsdelivr
net
whitestormjs
latest
whitestorm
js
download
https
cdn
jsdelivr
net
whitestormjs
latest
whitestormjs
zip
whitestormjs
https
raw
githubusercontent
whitestormjs
whitestorm
js
master
development
art
logo
big
png
installation
forthebadge
http
forthebadge
images
badges
js
svg
https
github
search
l
javascript
q
23javasript
ref
searchresults
type
repositories
utf8
e2
9c
93
advised
download
copies
libraries
large
break
compatibility
include
js
http
threejs
org
build
min
js
wagner
http
spite
github
io
wagner
wagner
js
physi
js
https
github
chandlerprall
physijs
blob
master
physi
js
libraries
include
a
script
tag
linking
whitestormjs
https
cdn
jsdelivr
net
whitestormjs
latest
whitestorm
min
js
library
head
body
html
script
src
js
script
script
src
physi
js
script
script
src
wagner
js
script
whitestormjs
library
script
src
path_to_lib
whitestorm
js
script
adding
libraries
configure
game
javascript
var
game
whs
init
anaglyph
false
anaglyph
effect
stats
fps
fps
ms
mb
false
wagner
wagner
wagner
library
variable
gravity
physic
gravity
x
0
y
100
z
0
path_worker
physijs_worker
js
path
physijs
worker
path_ammo
ammo
js
path
ammo
js
define
scene
objects
game
start
start
animations
physics
simulation
join
chat
https
gitter
im
whitestormjs
whitestorm
js
https
badges
gitter
im
join
20chat
svg
https
gitter
im
whitestormjs
whitestorm
js
utm_source
badge
utm_medium
badge
utm_campaign
pr
badge
utm_content
badge
structure
whitestorm
js
structure
https
raw
githubusercontent
whitestormjs
whitestorm
js
master
development
art
coggle
whitestormjs
png
examples
fps
http
192
241
128
187
current
examples
fps
html
person
wagner
effects
terrain
basic
http
192
241
128
187
current
examples
basic
html
basic
world
material
http
192
241
128
187
current
examples
basic_material
html
basic
material
object
model
http
192
241
128
187
current
examples
basic_model
html
teapot
model
js
jsonloader
object
wall
http
192
241
128
187
current
examples
stone_wall
html
stone
wall
basic
plugin
color
http
192
241
128
187
current
examples
plugin_example
html
basic
plugin
skybox
http
192
241
128
187
current
examples
skybox
html
skybox
author
sasha240100
forthebadge
http
wsbadge
herokuapp
twitter
url
http
alexbuzin
svg
style
social
https
twitter
intent
tweet
text
check
developer
url
http
3a
2f
2falexbuzin
changelog
https
github
whitestormjs
whitestorm
js
blob
master
changelog
md
forthebadge
http
forthebadge
images
badges
built
love
svg
https
alexbuzin
license
a
rel
license
href
http
creativecommons
org
licenses
nc
4
0
img
alt
creative
commons
style
border
width
0
src
https
i
creativecommons
org
l
nc
4
0
88x31
png
a
br
span
xmlns
dct
http
purl
org
dc
terms
property
dct
title
whitestormjs
3d
library
span
a
xmlns
cc
http
creativecommons
org
ns
href
https
github
sasha240100
property
cc
attributionname
rel
cc
attributionurl
alexander
buzin
a
a
rel
license
href
http
creativecommons
org
licenses
nc
4
0
creative
commons
attribution
noncommercial
noderivatives
4
0
a
br
a
xmlns
dct
http
purl
org
dc
terms
href
https
github
whitestormjs
whitestorm
js
rel
dct
source
https
github
whitestormjs
whitestorm
js
a
br
a
xmlns
cc
http
creativecommons
org
ns
href
https
github
whitestormjs
whitestorm
js
rel
cc
morepermissions
https
github
whitestormjs
whitestorm
js
a
