skeleton
http
getskeleton
skeleton
a
simple
responsive
boilerplate
kickstart
responsive
project
check
http
getskeleton
documentation
details
started
a
couple
ways
download
skeleton
download
zip
https
github
dhg
skeleton
releases
download
2
0
4
skeleton
2
0
4
zip
clone
repo
git
clone
https
github
dhg
skeleton
git
note
active
development
stable
safe
zipped
download
s
download
download
includes
skeleton
s
css
normalize
css
a
reset
a
sample
favicon
index
html
a
starting
point
skeleton
index
html
css
normalize
min
css
skeleton
css
images
favicon
ico
s
awesome
skeleton
lightweight
simple
styles
raw
html
elements
a
exceptions
a
responsive
grid
400
lines
css
unminified
comments
s
a
starting
point
a
ui
framework
compiling
installing
vanilla
css
browser
support
chrome
latest
firefox
latest
opera
latest
safari
latest
latest
list
exhaustive
skeleton
works
perfectly
older
versions
browsers
large
degradation
prior
ie9
license
parts
skeleton
free
abuse
open
source
mit
license
https
github
dhg
skeleton
blob
master
license
md
extensions
extensions
skeleton
built
community
officially
supported
tested
compatible
v2
0
exact
release
noted
skeleton
https
github
whatsnewsaes
skeleton
skeleton
built
easier
replacement
grid
color
media
queries
update
match
v2
0
1
skeleton
sass
https
github
whatsnewsaes
skeleton
sass
skeleton
built
sass
easier
replacement
grid
color
media
queries
update
match
v2
0
1
extension
shoot
email
getskeleton
extension
colophon
skeleton
built
sublime
text
3
http
www
sublimetext
3
designed
sketch
http
bohemiancoding
sketch
typeface
raleway
http
www
google
fonts
specimen
raleway
created
matt
mcinerney
http
matt
cc
pablo
impallari
http
www
impallari
code
highlighting
google
s
prettify
library
https
code
google
p
google
code
prettify
icons
header
documentation
derivative
work
icons
noun
project
http
thenounproject
feather
http
thenounproject
term
feather
22073
zach
vandehey
pen
http
thenounproject
term
pen
21163
cap
ed
harrison
pen
http
thenounproject
term
pen
32847
clicker
matthew
hall
watch
http
thenounproject
term
watch
48015
julien
deveaux
acknowledgement
skeleton
created
dave
gamache
https
twitter
dhg
a
web
