skeleton
http
getskeleton
skeleton
a
simple
responsive
boilerplate
kickstart
responsive
project
check
http
getskeleton
documentation
detail
started
a
couple
way
download
skeleton
download
zip
http
github
dhg
skeleton
release
download
2
0
4
skeleton
2
0
4
zip
clone
repo
git
clone
http
github
dhg
skeleton
git
note
active
development
stable
safe
zipped
download
s
download
download
includes
skeleton
s
cs
normalize
cs
a
reset
a
sample
favicon
index
html
a
starting
point
skeleton
index
html
cs
normalize
min
cs
skeleton
cs
image
favicon
ico
s
awesome
skeleton
lightweight
simple
style
raw
html
element
a
exception
a
responsive
grid
400
line
cs
unminified
comment
s
a
starting
point
a
ui
framework
compiling
installing
vanilla
cs
browser
support
chrome
latest
firefox
latest
opera
latest
safari
latest
latest
list
exhaustive
skeleton
work
perfectly
older
version
browser
large
degradation
prior
ie9
license
part
skeleton
free
abuse
open
source
mit
license
http
github
dhg
skeleton
blob
master
license
md
extension
extension
skeleton
built
community
officially
supported
tested
compatible
v2
0
exact
release
noted
skeleton
http
github
whatsnewsaes
skeleton
skeleton
built
easier
replacement
grid
color
medium
query
update
match
v2
0
1
skeleton
sas
http
github
whatsnewsaes
skeleton
sas
skeleton
built
sas
easier
replacement
grid
color
medium
query
update
match
v2
0
1
extension
shoot
email
getskeleton
extension
colophon
skeleton
built
sublime
text
3
http
www
sublimetext
3
designed
sketch
http
bohemiancoding
sketch
typeface
raleway
http
www
google
font
specimen
raleway
created
matt
mcinerney
http
matt
cc
pablo
impallari
http
www
impallari
code
highlighting
google
s
prettify
library
http
code
google
p
google
code
prettify
icon
header
documentation
derivative
work
icon
noun
project
http
thenounproject
feather
http
thenounproject
term
feather
22073
zach
vandehey
pen
http
thenounproject
term
pen
21163
cap
ed
harrison
pen
http
thenounproject
term
pen
32847
clicker
matthew
hall
watch
http
thenounproject
term
watch
48015
julien
deveaux
acknowledgement
skeleton
created
dave
gamache
http
twitter
dhg
a
web
