matreshka
j
framework
github
version
http
badge
fury
io
gh
matreshkajs
2fmatreshka
svg
http
badge
fury
io
gh
matreshkajs
2fmatreshka
npm
version
http
badge
fury
io
j
matreshka
svg
http
badge
fury
io
j
matreshka
matreshka
website
http
matreshka
io
img
mk5
logo_full
vert
svg
http
matreshka
io
build
status
http
travis
ci
org
matreshkajs
matreshka
svg
http
travis
ci
org
matreshkajs
matreshka
devdependency
status
http
img
shield
io
david
dev
matreshkajs
matreshka
svg
http
david
dm
org
matreshkajs
matreshka
info
devdependencies
dependency
status
http
img
shield
io
david
matreshkajs
matreshka
svg
http
david
dm
org
matreshkajs
matreshka
issue
stats
http
issuestats
github
matreshkajs
matreshka
badge
pr
http
issuestats
github
matreshkajs
matreshka
issue
stats
http
issuestats
github
matreshkajs
matreshka
badge
issue
http
issuestats
github
matreshkajs
matreshka
join
chat
http
gitter
im
finom
matreshka
http
badge
gitter
im
join
20chat
svg
http
gitter
im
matreshkajs
matreshka
html
input
class
type
text
input
class
type
text
output
class
output
script
src
matreshka
min
j
script
script
var
app
matreshka
app
bindnode
firstname
input
lastname
input
fullname
output
full
linkprops
fullname
firstname
lastname
function
firstname
lastname
return
firstname
lastname
app
firstname
brendan
app
lastname
eich
alert
app
fullname
script
matreshka
small
powerful
reactive
javascript
framework
build
single
page
application
easy
data
binding
javascript
file
s
simple
don
t
learn
mass
article
started
custom
architecture
choose
build
application
s
fast
http
mathieuancelin
github
io
j
repaint
perfs
matreshka
index
html
sponsoring
shooju
http
shooju
download
http
github
finom
matreshka
release
install
npm
npm
install
save
matreshka
npm
http
img
shield
io
npm
dt
matreshka
svg
http
www
npmjs
package
matreshka
npm
http
img
shield
io
npm
dm
matreshka
svg
http
www
npmjs
package
matreshka
install
bower
bower
install
matreshka
cdn
html
script
src
http
cdn
jsdelivr
net
matreshka
latest
matreshka
min
j
script
resource
vote
feature
http
trello
b
e5kcqesk
matreshka
j
feature
website
http
matreshka
io
release
history
http
github
matreshkajs
matreshka
release
jsdoc
file
ide
http
github
matreshkajs
matreshka
io
tree
master
en
jsdoc
todomvc
http
github
matreshkajs
matreshka_todomvc
issue
http
github
matreshkajs
matreshka
issue
forum
http
matreshka
io
forum
twitter
http
twitter
matreshkajs
donate
bitcoins
http
www
coinbase
finom
license
mit
license
http
raw
github
finom
matreshka
master
license
