matreshka
js
framework
github
version
https
badge
fury
io
gh
matreshkajs
2fmatreshka
svg
https
badge
fury
io
gh
matreshkajs
2fmatreshka
npm
version
https
badge
fury
io
js
matreshka
svg
https
badge
fury
io
js
matreshka
matreshka
website
http
matreshka
io
img
mk5
logo_full
vert
svg
http
matreshka
io
build
status
https
travis
ci
org
matreshkajs
matreshka
svg
https
travis
ci
org
matreshkajs
matreshka
devdependency
status
https
img
shields
io
david
dev
matreshkajs
matreshka
svg
https
david
dm
org
matreshkajs
matreshka
info
devdependencies
dependency
status
https
img
shields
io
david
matreshkajs
matreshka
svg
https
david
dm
org
matreshkajs
matreshka
issue
stats
http
issuestats
github
matreshkajs
matreshka
badge
pr
http
issuestats
github
matreshkajs
matreshka
issue
stats
http
issuestats
github
matreshkajs
matreshka
badge
issue
http
issuestats
github
matreshkajs
matreshka
join
chat
https
gitter
im
finom
matreshka
https
badges
gitter
im
join
20chat
svg
https
gitter
im
matreshkajs
matreshka
html
input
class
type
text
input
class
type
text
output
class
output
script
src
matreshka
min
js
script
script
var
app
matreshka
app
bindnode
firstname
input
lastname
input
fullname
output
full
linkprops
fullname
firstname
lastname
function
firstname
lastname
return
firstname
lastname
app
firstname
brendan
app
lastname
eich
alert
app
fullname
script
matreshka
small
powerful
reactive
javascript
framework
build
single
page
applications
easy
data
bindings
javascript
files
s
simple
don
t
learn
mass
articles
started
custom
architecture
choose
build
application
s
fast
http
mathieuancelin
github
io
js
repaint
perfs
matreshka
index
html
sponsoring
shooju
http
shooju
download
https
github
finom
matreshka
releases
install
npm
npm
install
save
matreshka
npm
https
img
shields
io
npm
dt
matreshka
svg
https
www
npmjs
package
matreshka
npm
https
img
shields
io
npm
dm
matreshka
svg
https
www
npmjs
package
matreshka
install
bower
bower
install
matreshka
cdn
html
script
src
https
cdn
jsdelivr
net
matreshka
latest
matreshka
min
js
script
resources
vote
features
https
trello
b
e5kcqesk
matreshka
js
features
website
http
matreshka
io
release
history
https
github
matreshkajs
matreshka
releases
jsdoc
files
ide
https
github
matreshkajs
matreshka
io
tree
master
en
jsdoc
todomvc
https
github
matreshkajs
matreshka_todomvc
issues
https
github
matreshkajs
matreshka
issues
forum
http
matreshka
io
forum
twitter
https
twitter
matreshkajs
donate
bitcoins
https
www
coinbase
finom
license
mit
license
https
raw
github
finom
matreshka
master
license
