playcanvas
http
static
playcanvas
image
logo
playcanvas_logoset_small
06
png
playcanvas
webgl
game
engine
playcanvas
open
source
game
engine
html5
webgl
run
game
interactive
3d
content
modern
browser
a
plugin
project
showcase
game
apps
published
playcanvas
engine
a
small
selection
tanx
http
s3
eu
west
1
amazonaws
image
playcanvas
project
4373
45093
esr5dq
image
25
jpg
http
playcanv
p
ap0oxhur
car
http
s3
eu
west
1
amazonaws
image
playcanvas
project
23510
347824
7ulq3y
image
25
jpg
http
car
playcanvas
swooop
http
s3
eu
west
1
amazonaws
image
playcanvas
project
12
4763
tkyxb8
image
25
jpg
http
playcanv
p
jtl2iqih
br
afterglow
http
s3
eu
west
1
amazonaws
image
playcanvas
project
8
341194
memet7
image
25
jpg
http
afterglowskigame
dareville
star
lord
http
s3
eu
west
1
amazonaws
image
playcanvas
project
4373
333626
bgqn9h
image
25
jpg
http
playcanv
p
sa7hvblt
orange
room
http
s3
eu
west
1
amazonaws
image
playcanvas
project
23510
345310
bkst60
image
25
jpg
http
playcanv
p
1ha5glkf
br
steampunk
slot
http
s3
eu
west
1
amazonaws
image
playcanvas
project
23510
344862
vh0noh
image
25
jpg
http
playcanv
p
nl1dybmv
casino
http
s3
eu
west
1
amazonaws
image
playcanvas
project
14928
349824
u88hjq
image
25
jpg
http
casino
playcanvas
seemore
http
s3
eu
west
1
amazonaws
image
playcanvas
project
14705
319531
o4j4vu
image
25
jpg
http
seemore
playcanvas
game
playcanvas
website
http
playcanvas
explore
feature
playcanvas
engine
a
fully
featured
3d
game
engine
graphic
webgl
based
3d
renderer
physically
based
rendering
pbr
directional
point
spot
light
cast
shadow
static
skinned
mesh
gpu
particle
engine
editor
postfx
library
bloom
edge
detect
fxaa
vignette
seamless
default
material
support
maya
3d
max
blender
full
model
export
pipeline
maya
3d
max
blender
playcanvas
tool
http
playcanvas
collision
physic
full
integration
3d
rigid
body
physic
engine
ammo
j
http
github
kripken
ammo
j
audio
3d
positional
audio
web
audio
api
resource
loading
simple
powerful
resource
loading
entity
component
system
built
component
audiosource
animation
camera
collision
light
rigidbody
script
scripting
system
write
game
behaviour
attaching
javascript
game
entity
input
mouse
keyboard
touch
gamepad
support
usage
s
a
super
simple
world
a
spinning
cube
html
script
create
a
playcanvas
application
var
canvas
document
getelementbyid
application
canvas
var
app
pc
application
canvas
app
start
fill
space
full
resolution
app
setcanvasfillmode
pc
fillmode_fill_window
app
setcanvasresolution
pc
resolution_auto
create
box
entity
var
cube
pc
entity
cube
addcomponent
model
type
box
create
camera
entity
var
camera
pc
entity
camera
addcomponent
camera
clearcolor
pc
color
0
1
0
1
0
1
create
directional
light
entity
var
light
pc
entity
light
addcomponent
light
add
hierarchy
app
root
addchild
cube
app
root
addchild
camera
app
root
addchild
light
set
initial
position
orientation
camera
setposition
0
0
3
light
seteulerangles
45
0
0
register
update
event
app
update
function
deltatime
cube
rotate
10
deltatime
20
deltatime
30
deltatime
script
play
code
edit
codepen
http
codepen
io
playcanvas
pen
npbxmj
example
example
http
playcanvas
github
io
browse
locally
example
directory
build
ensure
python
installed
supported
version
2
7
ensure
java
http
java
en
download
installed
execute
a
build
engine
build
output
folder
cd
build
python
build
py
documentation
full
documentation
playcanvas
developer
http
developer
playcanvas
site
including
api
reference
http
developer
playcanvas
en
api
release
a
full
list
release
release
note
http
github
playcanvas
engine
release
model
convert
model
created
a
3d
modelling
package
page
http
developer
playcanvas
en
engine
developer
documentation
answer
http
answer
playcanvas
playcanvas
answer
specific
question
achieve
engine
forum
http
forum
playcanvas
forum
general
conversion
playcanvas
engine
contributing
damn
3d
engine
web
great
github
issue
github
issue
report
bug
request
feature
reporting
bug
follow
step
report
a
bug
1
search
related
issue
search
existing
issue
don
t
create
duplicate
2
create
a
testcase
create
smallest
isolated
testcase
reproduces
bug
3
share
information
help
o
browser
version
stuff
playcanvas
platform
playcanvas
engine
open
source
game
engine
create
game
render
3d
browser
addition
engine
playcanvas
development
platform
http
playcanvas
feature
a
level
design
tool
asset
management
a
hosting
publishing
service
license
playcanvas
engine
released
mit
http
opensource
org
license
mit
license
license
file
