playcanvas
http
static
playcanvas
images
logo
playcanvas_logoset_small
06
png
playcanvas
webgl
game
engine
playcanvas
open
source
game
engine
html5
webgl
run
games
interactive
3d
content
modern
browsers
a
plugin
project
showcase
games
apps
published
playcanvas
engine
a
small
selection
tanx
https
s3
eu
west
1
amazonaws
images
playcanvas
projects
4373
45093
esr5dq
image
25
jpg
http
playcanv
p
ap0oxhur
car
https
s3
eu
west
1
amazonaws
images
playcanvas
projects
23510
347824
7ulq3y
image
25
jpg
http
car
playcanvas
swooop
https
s3
eu
west
1
amazonaws
images
playcanvas
projects
12
4763
tkyxb8
image
25
jpg
http
playcanv
p
jtl2iqih
br
afterglow
https
s3
eu
west
1
amazonaws
images
playcanvas
projects
8
341194
memet7
image
25
jpg
http
afterglowskigame
dareville
star
lord
https
s3
eu
west
1
amazonaws
images
playcanvas
projects
4373
333626
bgqn9h
image
25
jpg
http
playcanv
p
sa7hvblt
orange
room
https
s3
eu
west
1
amazonaws
images
playcanvas
projects
23510
345310
bkst60
image
25
jpg
http
playcanv
p
1ha5glkf
br
steampunk
slots
https
s3
eu
west
1
amazonaws
images
playcanvas
projects
23510
344862
vh0noh
image
25
jpg
http
playcanv
p
nl1dybmv
casino
https
s3
eu
west
1
amazonaws
images
playcanvas
projects
14928
349824
u88hjq
image
25
jpg
http
casino
playcanvas
seemore
https
s3
eu
west
1
amazonaws
images
playcanvas
projects
14705
319531
o4j4vu
image
25
jpg
http
seemore
playcanvas
games
playcanvas
website
https
playcanvas
explore
features
playcanvas
engine
a
fully
featured
3d
game
engine
graphics
webgl
based
3d
renderer
physically
based
rendering
pbr
directional
point
spot
lights
cast
shadows
static
skinned
meshes
gpu
particle
engine
editor
postfx
library
bloom
edge
detect
fxaa
vignette
seamless
default
material
support
maya
3ds
max
blender
full
model
export
pipeline
maya
3ds
max
blender
playcanvas
tools
https
playcanvas
collision
physics
full
integration
3d
rigid
body
physics
engine
ammo
js
https
github
kripken
ammo
js
audio
3d
positional
audio
web
audio
api
resource
loading
simple
powerful
resource
loading
entity
component
system
built
components
audiosource
animation
camera
collision
light
rigidbody
script
scripting
system
write
game
behaviours
attaching
javascript
game
entities
input
mouse
keyboard
touch
gamepad
support
usage
s
a
super
simple
world
a
spinning
cube
html
script
create
a
playcanvas
application
var
canvas
document
getelementbyid
application
canvas
var
app
pc
application
canvas
app
start
fill
space
full
resolution
app
setcanvasfillmode
pc
fillmode_fill_window
app
setcanvasresolution
pc
resolution_auto
create
box
entity
var
cube
pc
entity
cube
addcomponent
model
type
box
create
camera
entity
var
camera
pc
entity
camera
addcomponent
camera
clearcolor
pc
color
0
1
0
1
0
1
create
directional
light
entity
var
light
pc
entity
light
addcomponent
light
add
hierarchy
app
root
addchild
cube
app
root
addchild
camera
app
root
addchild
light
set
initial
positions
orientations
camera
setposition
0
0
3
light
seteulerangles
45
0
0
register
update
event
app
update
function
deltatime
cube
rotate
10
deltatime
20
deltatime
30
deltatime
script
play
code
edit
codepen
http
codepen
io
playcanvas
pen
npbxmj
examples
examples
http
playcanvas
github
io
browse
locally
examples
directory
build
ensure
python
installed
supported
version
2
7
ensure
java
https
java
en
download
installed
execute
a
build
engine
build
output
folder
cd
build
python
build
py
documentation
full
documentation
playcanvas
developer
http
developer
playcanvas
site
including
api
reference
http
developer
playcanvas
en
api
releases
a
full
list
releases
release
notes
https
github
playcanvas
engine
releases
models
convert
models
created
a
3d
modelling
package
page
http
developer
playcanvas
en
engine
developer
documentation
answers
http
answers
playcanvas
playcanvas
answers
specific
questions
achieve
engine
forums
http
forum
playcanvas
forum
general
conversions
playcanvas
engine
contributing
damn
3d
engine
web
great
github
issues
github
issues
report
bugs
request
features
reporting
bugs
follow
steps
report
a
bug
1
search
related
issues
search
existing
issues
don
t
create
duplicates
2
create
a
testcase
create
smallest
isolated
testcase
reproduces
bug
3
share
information
helps
os
browser
version
stuff
playcanvas
platform
playcanvas
engine
open
source
game
engine
create
games
render
3d
browser
addition
engine
playcanvas
development
platform
https
playcanvas
features
a
level
design
tool
asset
management
a
hosting
publishing
service
license
playcanvas
engine
released
mit
http
opensource
org
licenses
mit
license
license
file
