readme
web2py
a
free
open
source
full
stack
framework
rapid
development
fast
scalable
secure
portable
database
driven
web
based
applications
written
programmable
python
lgplv3
license
learn
http
web2py
google
app
engine
deployment
cp
examples
app
yaml
cp
handlers
gaehandler
py
edit
app
yaml
replace
yourappname
yourappname
important
reminder
git
repo
important
part
web2py
database
abstraction
layer
dal
early
2015
decoupled
a
separate
code
base
pydal
terms
git
a
module
main
repository
a
module
requires
a
time
recursive
flag
git
clone
cloning
web2py
scratch
git
clone
recursive
https
github
web2py
web2py
git
existing
repository
commands
executed
git
submodule
update
init
recursive
a
folder
gluon
dal
remove
rm
r
gluon
dal
pydal
a
separate
stable
release
cycle
rest
web2py
pydal
releases
a
date
naming
scheme
similar
ubuntu
issues
related
pydal
reported
separate
repository
documentation
readthedocs
org
docs
status
https
readthedocs
org
projects
web2py
badge
version
latest
style
flat
square
http
web2py
rtfd
org
tests
build
status
https
img
shields
io
travis
web2py
web2py
master
svg
style
flat
square
label
travis
ci
https
travis
ci
org
web2py
web2py
ms
build
status
https
img
shields
io
appveyor
ci
web2py
web2py
master
svg
style
flat
square
label
appveyor
ci
https
ci
appveyor
project
web2py
web2py
coverage
status
https
img
shields
io
codecov
c
github
web2py
web2py
svg
style
flat
square
https
codecov
io
github
web2py
web2py
installation
instructions
start
web2py
install
unzip
python
web2py
py
s
web2py
directory
structure
project
readme
license
version
web2py
version
web2py
py
startup
script
anyserver
py
run
party
servers
handlers
files
gluon
core
libraries
packages
web2py
submodules
dal
contrib
party
libraries
tests
unittests
applications
apps
admin
web
based
ide
examples
examples
docs
links
scaffolding
app
copy
license
models
views
controllers
sessions
errors
cache
static
uploads
modules
cron
tests
apps
examples
config
files
mv
customize
extras
files
required
building
web2py
scripts
utility
installation
scripts
handlers
wsgihandler
py
handler
connect
wsgi
handlers
fast
cgi
scgi
gevent
site
packages
additional
optional
modules
logs
log
files
deposit
a
place
web2py
stores
apps
temporarily
issues
report
issues
https
github
web2py
web2py
issues
