readme
web2py
a
free
open
source
full
stack
framework
rapid
development
fast
scalable
secure
portable
database
driven
web
based
application
written
programmable
python
lgplv3
license
learn
http
web2py
google
app
engine
deployment
cp
example
app
yaml
cp
handler
gaehandler
py
edit
app
yaml
replace
yourappname
yourappname
important
reminder
git
repo
important
part
web2py
database
abstraction
layer
dal
early
2015
decoupled
a
separate
code
base
pydal
term
git
a
module
main
repository
a
module
requires
a
time
recursive
flag
git
clone
cloning
web2py
scratch
git
clone
recursive
http
github
web2py
web2py
git
existing
repository
command
executed
git
submodule
update
init
recursive
a
folder
gluon
dal
remove
rm
r
gluon
dal
pydal
a
separate
stable
release
cycle
rest
web2py
pydal
release
a
date
naming
scheme
similar
ubuntu
issue
related
pydal
reported
separate
repository
documentation
readthedocs
org
doc
status
http
readthedocs
org
project
web2py
badge
version
latest
style
flat
square
http
web2py
rtfd
org
test
build
status
http
img
shield
io
travis
web2py
web2py
master
svg
style
flat
square
label
travis
ci
http
travis
ci
org
web2py
web2py
m
build
status
http
img
shield
io
appveyor
ci
web2py
web2py
master
svg
style
flat
square
label
appveyor
ci
http
ci
appveyor
project
web2py
web2py
coverage
status
http
img
shield
io
codecov
c
github
web2py
web2py
svg
style
flat
square
http
codecov
io
github
web2py
web2py
installation
instruction
start
web2py
install
unzip
python
web2py
py
s
web2py
directory
structure
project
readme
license
version
web2py
version
web2py
py
startup
script
anyserver
py
run
party
server
handler
file
gluon
core
library
package
web2py
submodules
dal
contrib
party
library
test
unittests
application
apps
admin
web
based
ide
example
example
doc
link
scaffolding
app
copy
license
model
view
controller
session
error
cache
static
uploads
module
cron
test
apps
example
config
file
mv
customize
extra
file
required
building
web2py
script
utility
installation
script
handler
wsgihandler
py
handler
connect
wsgi
handler
fast
cgi
scgi
gevent
site
package
additional
optional
module
log
log
file
deposit
a
place
web2py
store
apps
temporarily
issue
report
issue
http
github
web2py
web2py
issue
