pure
gitter
http
badge
gitter
im
join
chat
svg
http
gitter
im
yahoo
pure
utm_source
badge
utm_medium
badge
utm_campaign
pr
badge
utm_content
badge
pure
http
cloud
githubusercontent
asset
449779
5291099
1b554cca
7b03
11e4
9157
53a12d91b34a
png
pure
a
set
small
responsive
cs
module
web
project
http
purecss
io
pure
build
status
http
img
shield
io
travis
yahoo
pure
svg
style
flat
build
status
cdn
html
link
rel
stylesheet
href
http
yui
yahooapis
pure
0
6
0
pure
min
cs
note
customize
pure
module
customize
install
bower
shell
bower
install
save
pure
install
npm
shell
npm
install
purecss
pure
http
purecss
io
bower
http
bower
io
build
status
http
travis
ci
org
yahoo
pure
customize
http
purecss
io
customize
feature
pure
meant
a
starting
point
website
web
app
care
cs
work
site
making
cookie
cutter
a
responsive
grid
customized
a
solid
base
built
normalize
cs
fix
cross
browser
compatibility
issue
consistently
styled
button
work
a
button
element
style
vertical
horizontal
menu
including
support
dropdown
menu
form
alignment
great
screen
size
common
table
style
extremely
minimalist
super
easy
customize
responsive
default
a
responsive
option
extremely
small
file
size
4
5kb
minified
gzip
normalize
cs
http
necolas
github
io
normalize
cs
started
started
pure
pure
cs
website
pure
website
extensive
documentation
example
start
pure
include
pure
cs
file
project
fetching
yahoo
s
cdn
html
link
rel
stylesheet
href
http
yui
yahooapis
pure
0
6
0
pure
min
cs
install
pure
bower
command
shell
bower
install
save
pure
install
pure
npm
shell
npm
install
purecss
build
source
optionally
build
pure
source
github
ll
node
j
npm
installed
grunt
build
pure
shell
git
clone
git
github
yahoo
pure
git
cd
pure
npm
install
grunt
build
file
pure
cs
file
built
pure
build
directory
file
build
directory
cdn
naming
convention
file
build
directory
follow
rule
module
core
cs
minimal
set
style
structural
provide
base
rest
module
s
style
build
module
nr
cs
rollup
module
core
cs
module
cs
module
feature
cs
src
module
dir
responsive
version
a
module
module
cs
rollup
module
nr
cs
module
r
cs
build
dir
responsive
version
a
module
min
cs
a
minified
file
version
file
pure
cs
a
rollup
module
cs
file
build
dir
a
responsive
roll
minified
pure
min
cs
minified
version
pure
cs
production
pure
nr
cs
a
rollup
module
medium
query
a
responsive
roll
minified
pure
nr
min
cs
minified
version
pure
nr
cs
production
grid
responsive
cs
unminified
version
pure
s
grid
stylesheet
includes
medium
query
grid
responsive
min
cs
minified
version
grid
responsive
cs
production
grunt
http
gruntjs
browser
support
testing
pure
tested
work
8
latest
stable
firefox
chrome
safari
io
6
8
android
4
x
doc
website
pure
s
website
pure
open
source
open
issue
pull
request
doc
website
pure
site
pure
site
repository
pure
site
http
github
yahoo
pure
site
contributing
contributing
file
information
contribute
pure
contributing
file
http
github
yahoo
pure
blob
master
contributing
md
license
software
free
yahoo
bsd
license
license
file
license
text
copyright
information
license
file
http
github
yahoo
pure
blob
master
license
md
