pure
gitter
https
badges
gitter
im
join
chat
svg
https
gitter
im
yahoo
pure
utm_source
badge
utm_medium
badge
utm_campaign
pr
badge
utm_content
badge
pure
https
cloud
githubusercontent
assets
449779
5291099
1b554cca
7b03
11e4
9157
53a12d91b34a
png
pure
a
set
small
responsive
css
modules
web
project
http
purecss
io
pure
build
status
http
img
shields
io
travis
yahoo
pure
svg
style
flat
build
status
cdn
html
link
rel
stylesheet
href
http
yui
yahooapis
pure
0
6
0
pure
min
css
note
customize
pure
modules
customize
install
bower
shell
bower
install
save
pure
install
npm
shell
npm
install
purecss
pure
http
purecss
io
bower
http
bower
io
build
status
https
travis
ci
org
yahoo
pure
customize
http
purecss
io
customize
features
pure
meant
a
starting
point
website
web
app
care
css
work
site
making
cookie
cutter
a
responsive
grid
customized
a
solid
base
built
normalize
css
fix
cross
browser
compatibility
issues
consistently
styled
buttons
work
a
button
elements
styles
vertical
horizontal
menus
including
support
dropdown
menus
form
alignments
great
screen
sizes
common
table
styles
extremely
minimalist
super
easy
customize
responsive
default
a
responsive
option
extremely
small
file
size
4
5kb
minified
gzip
normalize
css
http
necolas
github
io
normalize
css
started
started
pure
pure
css
website
pure
website
extensive
documentation
examples
start
pure
include
pure
css
file
project
fetching
yahoo
s
cdn
html
link
rel
stylesheet
href
http
yui
yahooapis
pure
0
6
0
pure
min
css
install
pure
bower
command
shell
bower
install
save
pure
install
pure
npm
shell
npm
install
purecss
build
source
optionally
build
pure
source
github
ll
node
js
npm
installed
grunt
build
pure
shell
git
clone
git
github
yahoo
pure
git
cd
pure
npm
install
grunt
build
files
pure
css
files
built
pure
build
directory
files
build
directory
cdn
naming
conventions
files
build
directory
follow
rules
module
core
css
minimal
set
styles
structural
provide
base
rest
module
s
styles
build
module
nr
css
rollup
module
core
css
module
css
module
feature
css
src
module
dir
responsive
version
a
module
module
css
rollup
module
nr
css
module
r
css
build
dir
responsive
version
a
module
min
css
a
minified
file
version
files
pure
css
a
rollup
module
css
files
build
dir
a
responsive
roll
minified
pure
min
css
minified
version
pure
css
production
pure
nr
css
a
rollup
modules
media
queries
a
responsive
roll
minified
pure
nr
min
css
minified
version
pure
nr
css
production
grids
responsive
css
unminified
version
pure
s
grid
stylesheet
includes
media
queries
grids
responsive
min
css
minified
version
grids
responsive
css
production
grunt
http
gruntjs
browser
support
testing
pure
tested
works
8
latest
stable
firefox
chrome
safari
ios
6
8
android
4
x
docs
website
pure
s
website
pure
open
source
open
issues
pull
requests
docs
website
pure
site
pure
site
repository
pure
site
https
github
yahoo
pure
site
contributing
contributing
file
information
contribute
pure
contributing
file
https
github
yahoo
pure
blob
master
contributing
md
license
software
free
yahoo
bsd
license
license
file
license
text
copyright
information
license
file
https
github
yahoo
pure
blob
master
license
md
