total
js
logo
https
www
totaljs
img
logo
github
png
npm
version
npm
version
image
npm
url
npm
downloads
npm
downloads
image
npm
url
mit
license
license
image
license
url
build
status
travis
image
travis
url
gitter
chat
https
badges
gitter
im
totaljs
framework
png
https
gitter
im
totaljs
framework
framework
node
js
__total
js__
web
application
framework
creating
rich
web
sites
web
services
framework
doesn
t
dependencies
s
written
scratch
support
framework
social
networks
__new__
download
total
js
models
https
github
totaljs
models
__new__
appmonitor
https
github
totaljs
modules
tree
master
miscellaneous
monitor
tracking
total
js
applications
total
js
simple
eshop
cms
http
www
totaljs
eshop
total
js
enterprise
http
nodejsenterprise
npm
install
total
js
homepage
http
www
totaljs
__documentation__
http
docs
totaljs
gitter
chat
github
https
gitter
im
totaljs
framework
discussion
forum
https
groups
google
forum
forum
totaljs
changelog
https
github
totaljs
framework
blob
master
txt
__download__
empty
project
framework
https
github
totaljs
framework
releases
__download__
modules
packages
https
github
totaljs
modules
view
engines
session
auth
__download__
examples
https
github
totaljs
examples
__make
a
donation__
paypal
http
www
totaljs
a
donation
enterprise
http
www
nodejsenterprise
social
networks
support
framework
social
networks
blogs
https
bufferwall
blogs
tag
total
js
follow
total
js
gitter
https
gitter
im
totaljs
framework
follow
total
js
github
https
github
totaljs
framework
follow
total
js
twitter
__
totalframework__
https
twitter
totalframework
follow
total
js
facebook
https
www
facebook
totaljs
web
framework
follow
total
js
google
https
google
u
0
113175077493180148081
posts
follow
total
js
linkedin
https
www
linkedin
groups
totaljs
8109884
support
companies
provide
a
support
framework
companies
support
services
company
worry
free
focus
building
products
growing
business
support
form
http
www
totaljs
support
support
e
mail
support
totaljs
features
total
js
trailer
https
www
totaljs
img
github
video
png
https
vimeo
134131056
__offline
documentation__
http
docs
totaljs
__backward
compatibility__
hmvc
architecture
clean
directory
structure
fully
asynchronous
full
web
server
serving
static
files
supports
generators
node
harmony
isomorphic
code
supports
ip
restrictions
supports
redirections
supports
time
js
css
variables
nesting
html
compressor
supports
time
merging
static
files
javascripts
css
html
supports
time
mapping
files
supports
media
streaming
e
g
videos
supports
modules
packages
built
image
processing
engine
imagemagick
graphicsmagick
supports
websockets
__rfc
6455__
server
events
supports
restful
routing
supports
middleware
express
js
custom
options
supports
unit
testing
supports
workers
heavy
cpu
operations
supports
4x
config
files
common
debug
release
test
mailer
templating
gmail
outlook
classic
smtp
servers
auth
tls
built
view
engine
layouts
nested
views
conditions
loops
inline
helpers
localization
diff
tool
csv
export
supports
cache
mechanism
supports
schemas
creating
business
objects
validations
workflows
supports
injecting
scripts
packages
views
url
supports
string
date
number
array
prototypes
supports
additional
utilities
e
g
create
request
xml
parsing
supports
themes
possibility
rewrite
existing
functionality
nosql
embedded
database
__you
framework
single
library__
total
js
320
kb
benevolent
dictator
life
bdfl
peter
irka
http
www
petersirka
eu
contact
petersirka
gmail
contributors
contributor
type
e
mail
jozef
gula
https
github
jozefgula
contributor
support
gula
jozef
gmail
matus
szabo
https
github
matusszabo
support
enterprise
matus
szabo
gmail
tomas
holovsky
support
enterprise
tomasholovsky
gmail
andrea
sessa
https
github
asessa
contributor
andrea
sessa
gmail
gera
g
g
iles
https
github
maxima
solutions
contributor
gerardo
gonzalezg
gmail
radek
rsmogura
https
github
rsmogura
contributor
liao
san
kai
https
github
liaosankai
contributor
liaosankai
gmail
ivan
marchukov
https
github
deadman2000
contributor
marchukov
ivan
gmail
dusan
dragula
https
github
dusandragulagr
contributor
dusan
dragula
goodrequest
https
github
chalker
contributor
chalkerx
gmail
built
total
js
__new__
eshop
cms
written
node
js
total
js
http
www
totaljs
eshop
__new__
todomator
www
todomator
https
www
todomator
componenator
resources
web
developers
http
www
componentator
e
commerce
cms
docker
manager
http
nowitssimple
test
application
http
www
testerleader
monitorguru
website
monitoring
https
www
monitorguru
bufferwall
blog
portal
https
bufferwall
warstore
sk
e
commerce
https
www
warstore
sk
privater
websocket
www
privater
eu
https
www
privater
eu
gps
localization
websocket
www
gpslocalization
http
www
gpslocalization
modules
sql
agent
a
missing
orm
node
js
total
js
https
github
petersirka
node
sqlagent
mongodb
addons
work
mongodb
total
js
https
github
petersirka
mongodb
addons
paypal
express
checkout
https
github
petersirka
node
paypal
express
checkout
license
image
https
img
shields
io
badge
license
mit
blue
svg
style
flat
license
url
license
txt
npm
url
https
npmjs
org
package
total
js
npm
version
image
https
img
shields
io
npm
total
js
svg
style
flat
npm
downloads
image
https
img
shields
io
npm
dm
total
js
svg
style
flat
travis
url
https
travis
ci
org
totaljs
framework
travis
image
https
img
shields
io
travis
totaljs
framework
svg
style
flat
