total
j
logo
http
www
totaljs
img
logo
github
png
npm
version
npm
version
image
npm
url
npm
downloads
npm
downloads
image
npm
url
mit
license
license
image
license
url
build
status
travis
image
travis
url
gitter
chat
http
badge
gitter
im
totaljs
framework
png
http
gitter
im
totaljs
framework
framework
node
j
__total
js__
web
application
framework
creating
rich
web
site
web
service
framework
doesn
t
dependency
s
written
scratch
support
framework
social
network
__new__
download
total
j
model
http
github
totaljs
model
__new__
appmonitor
http
github
totaljs
module
tree
master
miscellaneous
monitor
tracking
total
j
application
total
j
simple
eshop
cm
http
www
totaljs
eshop
total
j
enterprise
http
nodejsenterprise
npm
install
total
j
homepage
http
www
totaljs
__documentation__
http
doc
totaljs
gitter
chat
github
http
gitter
im
totaljs
framework
discussion
forum
http
group
google
forum
forum
totaljs
changelog
http
github
totaljs
framework
blob
master
txt
__download__
empty
project
framework
http
github
totaljs
framework
release
__download__
module
package
http
github
totaljs
module
view
engine
session
auth
__download__
example
http
github
totaljs
example
__make
a
donation__
paypal
http
www
totaljs
a
donation
enterprise
http
www
nodejsenterprise
social
network
support
framework
social
network
blog
http
bufferwall
blog
tag
total
j
follow
total
j
gitter
http
gitter
im
totaljs
framework
follow
total
j
github
http
github
totaljs
framework
follow
total
j
twitter
__
totalframework__
http
twitter
totalframework
follow
total
j
facebook
http
www
facebook
totaljs
web
framework
follow
total
j
google
http
google
u
0
113175077493180148081
post
follow
total
j
linkedin
http
www
linkedin
group
totaljs
8109884
support
company
provide
a
support
framework
company
support
service
company
worry
free
focus
building
product
growing
business
support
form
http
www
totaljs
support
support
e
mail
support
totaljs
feature
total
j
trailer
http
www
totaljs
img
github
video
png
http
vimeo
134131056
__offline
documentation__
http
doc
totaljs
__backward
compatibility__
hmvc
architecture
clean
directory
structure
fully
asynchronous
full
web
server
serving
static
file
support
generator
node
harmony
isomorphic
code
support
ip
restriction
support
redirections
support
time
j
cs
variable
nesting
html
compressor
support
time
merging
static
file
javascripts
cs
html
support
time
mapping
file
support
medium
streaming
e
g
video
support
module
package
built
image
processing
engine
imagemagick
graphicsmagick
support
websockets
__rfc
6455__
server
event
support
restful
routing
support
middleware
express
j
custom
option
support
unit
testing
support
worker
heavy
cpu
operation
support
4x
config
file
common
debug
release
test
mailer
templating
gmail
outlook
classic
smtp
server
auth
tl
built
view
engine
layout
nested
view
condition
loop
inline
helper
localization
diff
tool
csv
export
support
cache
mechanism
support
schema
creating
business
object
validation
workflow
support
injecting
script
package
view
url
support
string
date
number
array
prototype
support
additional
utility
e
g
create
request
xml
parsing
support
theme
possibility
rewrite
existing
functionality
nosql
embedded
database
__you
framework
single
library__
total
j
320
kb
benevolent
dictator
life
bdfl
peter
irka
http
www
petersirka
eu
contact
petersirka
gmail
contributor
contributor
type
e
mail
jozef
gula
http
github
jozefgula
contributor
support
gula
jozef
gmail
matus
szabo
http
github
matusszabo
support
enterprise
matus
szabo
gmail
tomas
holovsky
support
enterprise
tomasholovsky
gmail
andrea
sessa
http
github
asessa
contributor
andrea
sessa
gmail
gera
g
g
iles
http
github
maximum
solution
contributor
gerardo
gonzalezg
gmail
radek
rsmogura
http
github
rsmogura
contributor
liao
san
kai
http
github
liaosankai
contributor
liaosankai
gmail
ivan
marchukov
http
github
deadman2000
contributor
marchukov
ivan
gmail
dusan
dragula
http
github
dusandragulagr
contributor
dusan
dragula
goodrequest
http
github
chalker
contributor
chalkerx
gmail
built
total
j
__new__
eshop
cm
written
node
j
total
j
http
www
totaljs
eshop
__new__
todomator
www
todomator
http
www
todomator
componenator
resource
web
developer
http
www
componentator
e
commerce
cm
docker
manager
http
nowitssimple
test
application
http
www
testerleader
monitorguru
website
monitoring
http
www
monitorguru
bufferwall
blog
portal
http
bufferwall
warstore
sk
e
commerce
http
www
warstore
sk
privater
websocket
www
privater
eu
http
www
privater
eu
gps
localization
websocket
www
gpslocalization
http
www
gpslocalization
module
sql
agent
a
missing
orm
node
j
total
j
http
github
petersirka
node
sqlagent
mongodb
addons
work
mongodb
total
j
http
github
petersirka
mongodb
addons
paypal
express
checkout
http
github
petersirka
node
paypal
express
checkout
license
image
http
img
shield
io
badge
license
mit
blue
svg
style
flat
license
url
license
txt
npm
url
http
npmjs
org
package
total
j
npm
version
image
http
img
shield
io
npm
total
j
svg
style
flat
npm
downloads
image
http
img
shield
io
npm
dm
total
j
svg
style
flat
travis
url
http
travis
ci
org
totaljs
framework
travis
image
http
img
shield
io
travis
totaljs
framework
svg
style
flat
