digital
surgeon
decided
retire
gumby
framework
order
focus
effort
making
awesome
web
feel
free
continue
framework
development
ceased
interested
inheriting
project
touch
http
www
digitalsurgeons
contact
gumby
framework
build
status
http
travis
ci
org
gumbyframework
gumby
svg
branch
master
http
travis
ci
org
gumbyframework
gumby
gumby
framework
a
flexible
responsive
cs
framework
powered
sas
create
rapid
logical
page
layout
app
prototype
a
flexible
responsive
grid
system
ui
kit
full
documentation
http
gumbyframework
http
gumbyframework
doc
information
including
changelog
wiki
http
github
gumbyframework
gumby
wiki
google
community
http
google
u
0
community
108760896951473344451
rapidly
growing
recommend
heading
question
geek
discus
framework
rwd
general
gumby
developed
love
friend
digital
surgeon
http
www
digitalsurgeons
gumby
a
dependency
big
innovative
genius
awesome
technology
sas
http
github
nex3
sas
nathan
weizenbaum
compass
http
github
chriseppstein
compass
chris
eppstein
modular
scale
http
github
team
sas
modular
scale
scott
kellum
note
modular
scale
1
0
6
2
x
integrated
fittext
http
fittextjs
paravel
jquery
http
jquery
modernizr
http
modernizr
mit
open
source
license
permission
granted
free
charge
person
obtaining
a
copy
software
documentation
file
software
deal
software
restriction
including
limitation
right
copy
modify
merge
publish
distribute
sublicense
sell
copy
software
permit
person
software
furnished
subject
condition
copyright
notice
permission
notice
included
copy
substantial
portion
software
software
warranty
kind
express
implied
including
limited
warranty
merchantability
fitness
a
purpose
noninfringement
event
author
copyright
holder
liable
claim
damage
liability
action
contract
tort
arising
connection
software
dealing
software
