digital
surgeons
decided
retire
gumby
framework
order
focus
efforts
making
awesome
web
feel
free
continue
framework
development
ceased
interested
inheriting
project
touch
http
www
digitalsurgeons
contact
gumby
framework
build
status
https
travis
ci
org
gumbyframework
gumby
svg
branch
master
https
travis
ci
org
gumbyframework
gumby
gumby
framework
a
flexible
responsive
css
framework
powered
sass
create
rapid
logical
page
layout
app
prototypes
a
flexible
responsive
grid
system
ui
kit
full
documentation
http
gumbyframework
http
gumbyframework
docs
information
including
changelog
wiki
https
github
gumbyframework
gumby
wiki
google
community
https
google
u
0
communities
108760896951473344451
rapidly
growing
recommend
heading
questions
geek
discuss
framework
rwd
general
gumby
developed
love
friends
digital
surgeons
http
www
digitalsurgeons
gumby
a
dependencies
big
innovative
geniuses
awesome
technologies
sass
https
github
nex3
sass
nathan
weizenbaum
compass
https
github
chriseppstein
compass
chris
eppstein
modular
scale
https
github
team
sass
modular
scale
scott
kellum
note
modular
scale
1
0
6
2
x
integrated
fittext
http
fittextjs
paravel
jquery
http
jquery
modernizr
http
modernizr
mit
open
source
license
permission
granted
free
charge
person
obtaining
a
copy
software
documentation
files
software
deal
software
restriction
including
limitation
rights
copy
modify
merge
publish
distribute
sublicense
sell
copies
software
permit
persons
software
furnished
subject
conditions
copyright
notice
permission
notice
included
copies
substantial
portions
software
software
warranty
kind
express
implied
including
limited
warranties
merchantability
fitness
a
purpose
noninfringement
event
authors
copyright
holders
liable
claim
damages
liability
action
contract
tort
arising
connection
software
dealings
software
