image
http
bottlepy
org
docs
dev
_static
logo_nav
png
target
http
bottlepy
org
alt
bottle
logo
align
image
https
travis
ci
org
bottlepy
bottle
svg
branch
master
target
https
travis
ci
org
bottlepy
bottle
alt
bottle
build
image
https
pypip
download
bottle
badge
png
target
https
pypi
python
org
pypi
bottle
alt
downloads
image
https
pypip
version
bottle
badge
png
target
https
pypi
python
org
pypi
bottle
alt
latest
version
image
https
pypip
license
bottle
badge
png
target
https
pypi
python
org
pypi
bottle
alt
license
_mako
http
www
makotemplates
org
_cheetah
http
www
cheetahtemplate
org
_jinja2
http
jinja
pocoo
org
_paste
http
pythonpaste
org
_fapws3
https
github
william
os4y
fapws3
_bjoern
https
github
jonashaag
bjoern
_cherrypy
http
www
cherrypy
org
_wsgi
http
www
wsgi
org
_python
http
python
org
bottle
python
web
framework
bottle
a
fast
simple
lightweight
wsgi_
micro
web
framework
python_
distributed
a
single
file
module
dependencies
python
standard
library
http
docs
python
org
library
_
routing
requests
function
call
mapping
support
clean
dynamic
urls
templates
fast
pythonic
built
template
engine
http
bottlepy
org
docs
dev
tutorial
html
tutorial
templates
_
support
mako_
jinja2_
cheetah_
templates
utilities
convenient
access
form
data
file
uploads
cookies
headers
http
related
metadata
server
built
http
development
server
support
paste_
fapws3_
bjoern_
google
app
engine
https
cloud
google
appengine
_
cherrypy_
wsgi_
capable
http
server
homepage
documentation
http
bottlepy
org
world
a
bottle
code
block
python
bottle
import
route
run
template
route
def
index
return
template
b
b
run
host
localhost
port
8080
run
script
paste
a
python
console
point
browser
http
localhost
8080
world
_
s
download
install
__
https
github
bottlepy
bottle
raw
master
bottle
py
install
latest
stable
release
pip
install
bottle
easy_install
u
bottle
download
bottle
py
__
unstable
project
directory
hard
dependencies
python
standard
library
bottle
runs
python
2
6
3
2
license
__
https
github
bottlepy
bottle
raw
master
license
code
documentation
mit
license
license__
bottle
logo
covered
license
allowed
logo
a
link
bottle
homepage
direct
context
unmodified
library
cases
