bootstrap
http
getbootstrap
slack
http
bootstrap
slack
herokuapp
badge
svg
http
bootstrap
slack
herokuapp
bower
version
http
img
shield
io
bower
bootstrap
svg
npm
version
http
img
shield
io
npm
bootstrap
svg
http
www
npmjs
package
bootstrap
build
status
http
img
shield
io
travis
twbs
bootstrap
master
svg
http
travis
ci
org
twbs
bootstrap
devdependency
status
http
img
shield
io
david
dev
twbs
bootstrap
svg
http
david
dm
org
twbs
bootstrap
info
devdependencies
nuget
http
img
shield
io
nuget
bootstrap
svg
http
www
nuget
org
package
bootstrap
selenium
test
status
http
saucelabs
browser
matrix
bootstrap
svg
http
saucelabs
u
bootstrap
bootstrap
a
sleek
intuitive
powerful
front
framework
faster
easier
web
development
created
mark
otto
http
twitter
mdo
jacob
thornton
http
twitter
fat
maintained
core
team
http
github
orgs
twbs
people
massive
support
involvement
community
started
check
http
getbootstrap
table
content
quick
start
quick
start
bug
feature
request
bug
feature
request
documentation
documentation
contributing
contributing
community
community
versioning
versioning
creator
creator
copyright
license
copyright
license
quick
start
quick
start
option
download
latest
release
http
github
twbs
bootstrap
archive
v3
3
6
zip
clone
repo
git
clone
http
github
twbs
bootstrap
git
install
bower
http
bower
io
bower
install
bootstrap
install
npm
http
www
npmjs
npm
install
bootstrap
3
install
meteor
http
www
meteor
meteor
add
twbs
bootstrap
install
composer
http
getcomposer
org
composer
require
twbs
bootstrap
read
started
page
http
getbootstrap
started
information
framework
content
template
example
s
included
download
ll
find
directory
file
logically
grouping
common
asset
providing
compiled
minified
variation
ll
bootstrap
cs
bootstrap
cs
bootstrap
cs
map
bootstrap
min
cs
bootstrap
min
cs
map
bootstrap
theme
cs
bootstrap
theme
cs
map
bootstrap
theme
min
cs
bootstrap
theme
min
cs
map
j
bootstrap
j
bootstrap
min
j
font
glyphicons
halflings
regular
eot
glyphicons
halflings
regular
svg
glyphicons
halflings
regular
ttf
glyphicons
halflings
regular
woff
glyphicons
halflings
regular
woff2
provide
compiled
cs
j
bootstrap
compiled
minified
cs
j
bootstrap
min
cs
source
map
http
developer
chrome
devtools
doc
cs
preprocessors
bootstrap
map
browser
developer
tool
font
glyphicons
included
optional
bootstrap
theme
bug
feature
request
a
bug
a
feature
request
read
issue
guideline
http
github
twbs
bootstrap
blob
master
contributing
md
issue
tracker
search
existing
closed
issue
problem
idea
addressed
open
a
issue
http
github
twbs
bootstrap
issue
note
feature
request
target
bootstrap
v4
http
github
twbs
bootstrap
tree
v4
dev
bootstrap
v3
maintenance
mode
closed
feature
focus
effort
bootstrap
v4
documentation
bootstrap
s
documentation
included
repo
root
directory
built
jekyll
http
jekyllrb
publicly
hosted
github
page
http
getbootstrap
doc
run
locally
running
documentation
locally
1
install
jekyll
http
jekyllrb
doc
installation
requires
v3
0
x
note
window
user
read
unofficial
guide
http
jekyll
window
juthilo
jekyll
running
problem
2
install
ruby
based
syntax
highlighter
rouge
http
github
jneen
rouge
gem
install
rouge
3
root
bootstrap
directory
run
jekyll
serve
command
line
4
open
http
localhost
9001
browser
voil
learn
jekyll
reading
documentation
http
jekyllrb
doc
home
documentation
previous
release
documentation
v2
3
2
time
http
getbootstrap
2
3
2
folk
transition
bootstrap
3
previous
release
http
github
twbs
bootstrap
release
documentation
download
contributing
read
contributing
guideline
http
github
twbs
bootstrap
blob
master
contributing
md
included
direction
opening
issue
coding
standard
note
development
pull
request
javascript
patch
feature
include
relevant
unit
test
http
github
twbs
bootstrap
tree
master
j
test
html
cs
conform
code
guide
http
github
mdo
code
guide
maintained
mark
otto
http
github
mdo
bootstrap
v3
closed
feature
maintenance
mode
focus
effort
bootstrap
v4
http
github
twbs
bootstrap
tree
v4
dev
future
framework
pull
request
add
feature
fix
bug
target
bootstrap
v4
v4
dev
git
branch
http
github
twbs
bootstrap
tree
v4
dev
editor
preference
editor
config
http
github
twbs
bootstrap
blob
master
editorconfig
easy
common
text
editor
read
download
plugins
http
editorconfig
org
community
update
bootstrap
s
development
chat
project
maintainer
community
member
follow
getbootstrap
twitter
http
twitter
getbootstrap
read
subscribe
official
bootstrap
blog
http
blog
getbootstrap
join
official
slack
room
http
bootstrap
slack
herokuapp
chat
fellow
bootstrappers
irc
irc
freenode
net
server
bootstrap
channel
implementation
stack
overflow
tagged
twitter
bootstrap
3
http
stackoverflow
question
tagged
twitter
bootstrap
3
developer
keyword
bootstrap
package
modify
add
functionality
bootstrap
distributing
npm
http
www
npmjs
browse
keyword
bootstrap
similar
delivery
mechanism
maximum
discoverability
versioning
transparency
release
cycle
striving
maintain
compatibility
bootstrap
maintained
semantic
versioning
guideline
http
semver
org
screw
ll
adhere
rule
release
section
github
project
http
github
twbs
bootstrap
release
changelogs
release
version
bootstrap
release
announcement
post
official
bootstrap
blog
http
blog
getbootstrap
summary
noteworthy
release
creator
mark
otto
http
twitter
mdo
http
github
mdo
jacob
thornton
http
twitter
fat
http
github
fat
copyright
license
code
documentation
copyright
2011
2016
twitter
code
released
mit
license
http
github
twbs
bootstrap
blob
master
license
doc
released
creative
common
http
github
twbs
bootstrap
blob
master
doc
license
