bootstrap
http
getbootstrap
slack
https
bootstrap
slack
herokuapp
badge
svg
https
bootstrap
slack
herokuapp
bower
version
https
img
shields
io
bower
bootstrap
svg
npm
version
https
img
shields
io
npm
bootstrap
svg
https
www
npmjs
package
bootstrap
build
status
https
img
shields
io
travis
twbs
bootstrap
master
svg
https
travis
ci
org
twbs
bootstrap
devdependency
status
https
img
shields
io
david
dev
twbs
bootstrap
svg
https
david
dm
org
twbs
bootstrap
info
devdependencies
nuget
https
img
shields
io
nuget
bootstrap
svg
https
www
nuget
org
packages
bootstrap
selenium
test
status
https
saucelabs
browser
matrix
bootstrap
svg
https
saucelabs
u
bootstrap
bootstrap
a
sleek
intuitive
powerful
front
framework
faster
easier
web
development
created
mark
otto
https
twitter
mdo
jacob
thornton
https
twitter
fat
maintained
core
team
https
github
orgs
twbs
people
massive
support
involvement
community
started
check
http
getbootstrap
table
contents
quick
start
quick
start
bugs
feature
requests
bugs
feature
requests
documentation
documentation
contributing
contributing
community
community
versioning
versioning
creators
creators
copyright
license
copyright
license
quick
start
quick
start
options
download
latest
release
https
github
twbs
bootstrap
archive
v3
3
6
zip
clone
repo
git
clone
https
github
twbs
bootstrap
git
install
bower
http
bower
io
bower
install
bootstrap
install
npm
https
www
npmjs
npm
install
bootstrap
3
install
meteor
https
www
meteor
meteor
add
twbs
bootstrap
install
composer
https
getcomposer
org
composer
require
twbs
bootstrap
read
started
page
http
getbootstrap
started
information
framework
contents
templates
examples
s
included
download
ll
find
directories
files
logically
grouping
common
assets
providing
compiled
minified
variations
ll
bootstrap
css
bootstrap
css
bootstrap
css
map
bootstrap
min
css
bootstrap
min
css
map
bootstrap
theme
css
bootstrap
theme
css
map
bootstrap
theme
min
css
bootstrap
theme
min
css
map
js
bootstrap
js
bootstrap
min
js
fonts
glyphicons
halflings
regular
eot
glyphicons
halflings
regular
svg
glyphicons
halflings
regular
ttf
glyphicons
halflings
regular
woff
glyphicons
halflings
regular
woff2
provide
compiled
css
js
bootstrap
compiled
minified
css
js
bootstrap
min
css
source
maps
https
developer
chrome
devtools
docs
css
preprocessors
bootstrap
map
browsers
developer
tools
fonts
glyphicons
included
optional
bootstrap
theme
bugs
feature
requests
a
bug
a
feature
request
read
issue
guidelines
https
github
twbs
bootstrap
blob
master
contributing
md
issue
tracker
search
existing
closed
issues
problem
idea
addressed
open
a
issue
https
github
twbs
bootstrap
issues
note
feature
requests
target
bootstrap
v4
https
github
twbs
bootstrap
tree
v4
dev
bootstrap
v3
maintenance
mode
closed
features
focus
efforts
bootstrap
v4
documentation
bootstrap
s
documentation
included
repo
root
directory
built
jekyll
http
jekyllrb
publicly
hosted
github
pages
http
getbootstrap
docs
run
locally
running
documentation
locally
1
install
jekyll
http
jekyllrb
docs
installation
requires
v3
0
x
note
windows
users
read
unofficial
guide
http
jekyll
windows
juthilo
jekyll
running
problems
2
install
ruby
based
syntax
highlighter
rouge
https
github
jneen
rouge
gem
install
rouge
3
root
bootstrap
directory
run
jekyll
serve
command
line
4
open
http
localhost
9001
browser
voil
learn
jekyll
reading
documentation
http
jekyllrb
docs
home
documentation
previous
releases
documentation
v2
3
2
time
http
getbootstrap
2
3
2
folks
transition
bootstrap
3
previous
releases
https
github
twbs
bootstrap
releases
documentation
download
contributing
read
contributing
guidelines
https
github
twbs
bootstrap
blob
master
contributing
md
included
directions
opening
issues
coding
standards
notes
development
pull
request
javascript
patches
features
include
relevant
unit
tests
https
github
twbs
bootstrap
tree
master
js
tests
html
css
conform
code
guide
https
github
mdo
code
guide
maintained
mark
otto
https
github
mdo
bootstrap
v3
closed
features
maintenance
mode
focus
efforts
bootstrap
v4
https
github
twbs
bootstrap
tree
v4
dev
future
framework
pull
requests
add
features
fix
bugs
target
bootstrap
v4
v4
dev
git
branch
https
github
twbs
bootstrap
tree
v4
dev
editor
preferences
editor
config
https
github
twbs
bootstrap
blob
master
editorconfig
easy
common
text
editors
read
download
plugins
http
editorconfig
org
community
updates
bootstrap
s
development
chat
project
maintainers
community
members
follow
getbootstrap
twitter
https
twitter
getbootstrap
read
subscribe
official
bootstrap
blog
http
blog
getbootstrap
join
official
slack
room
https
bootstrap
slack
herokuapp
chat
fellow
bootstrappers
irc
irc
freenode
net
server
bootstrap
channel
implementation
stack
overflow
tagged
twitter
bootstrap
3
https
stackoverflow
questions
tagged
twitter
bootstrap
3
developers
keyword
bootstrap
packages
modify
add
functionality
bootstrap
distributing
npm
https
www
npmjs
browse
keyword
bootstrap
similar
delivery
mechanisms
maximum
discoverability
versioning
transparency
release
cycle
striving
maintain
compatibility
bootstrap
maintained
semantic
versioning
guidelines
http
semver
org
screw
ll
adhere
rules
releases
section
github
project
https
github
twbs
bootstrap
releases
changelogs
release
version
bootstrap
release
announcement
posts
official
bootstrap
blog
http
blog
getbootstrap
summaries
noteworthy
release
creators
mark
otto
https
twitter
mdo
https
github
mdo
jacob
thornton
https
twitter
fat
https
github
fat
copyright
license
code
documentation
copyright
2011
2016
twitter
code
released
mit
license
https
github
twbs
bootstrap
blob
master
license
docs
released
creative
commons
https
github
twbs
bootstrap
blob
master
docs
license
