browsercms
humane
content
management
rails
browsercms
a
general
purpose
open
source
web
content
management
system
cms
supports
ruby
rails
v4
0
a
standalone
cms
added
existing
rails
projects
extended
rails
engines
designed
support
distinct
groups
users
1
technical
web
editors
a
humane
system
manage
site
needing
understand
html
rails
2
designers
create
large
elegantly
designed
websites
artificial
constraints
cms
3
developers
drop
a
cms
rails
projects
create
cms
driven
websites
clients
features
browsercms
intended
offer
features
comparable
commercial
cms
products
support
larger
teams
editors
means
a
robust
set
features
part
core
capability
customize
modules
s
a
quick
overview
notable
features
standalone
cms
browsercms
designed
provide
a
robust
cms
capabilities
box
content
heavy
web
sites
mobile
friendly
sites
built
mobile
optimized
designs
optimized
small
screens
bandwidth
responsive
design
context
editing
users
browse
site
locate
content
page
design
friendly
templates
pages
aren
t
a
template
giant
single
chunk
html
templates
built
multiple
editable
areas
rich
designs
easy
manage
technical
users
highly
extensible
developer
access
full
rails
development
stack
customize
project
adding
controllers
views
cms
content
types
sitemap
explorer
finder
style
view
sections
pages
a
site
allowing
users
add
organize
pages
content
library
a
standardized
crud
interface
users
manage
core
custom
content
types
content
api
a
set
behaviors
added
activerecord
versioning
auditing
tagging
content
services
cms
section
based
security
admins
control
users
access
specific
sections
public
users
edit
pages
cms
users
workflow
supports
larger
website
teams
users
contribute
publish
users
assign
work
publishers
review
page
caching
full
page
caching
web
server
apache
serve
html
statically
don
t
change
cmsify
rails
app
browsercms
added
existing
rails
applications
add
content
management
capabilities
started
started
https
github
browsermedia
browsercms
wiki
started
guide
instructions
install
start
a
project
browsercms
license
browsercms
released
a
lgpl
license
copyright
1998
2014
browsermedia
complete
copyright
copyright
txt
copy
license
license
txt
documentation
support
user
documentation
guides
version
application
1
guides
wiki
http
wiki
github
browsermedia
browsercms
2
api
docs
http
rubydoc
info
gems
browsercms
3
report
a
bug
https
github
browsermedia
browsercms
issues
4
discuss
project
http
groups
google
group
browsercms
5
browsercms
site
http
browsercms
org
