express
io
http
cdn
techpines
io
express
io
black
png
realtime
web
framework
node
j
coffeescript
express
io
express
socket
io
simple
app
setup
canonical
express
io
javascript
app
require
express
io
app
http
io
build
realtime
web
app
app
listen
7076
upgrade
existing
express
apps
install
bash
npm
install
express
io
simply
replace
line
code
javascript
require
express
line
code
javascript
require
express
io
app
run
express
io
designed
a
superset
express
socket
io
easy
drop
replacement
simple
started
realtime
web
realtime
routing
sweet
express
io
realtime
routing
a
pro
j
app
io
route
customer
create
function
req
create
customer
update
function
req
update
customer
remove
function
req
remove
customer
client
emit
event
customer
create
customer
update
customer
delete
fashioned
j
app
io
route
realtime
route
function
req
respond
event
automatic
session
support
session
work
automatically
set
normal
express
j
app
express
session
secret
express
io
happy
double
normal
http
route
realtime
route
s
easy
regular
http
route
realtime
route
j
app
function
req
re
req
io
route
cool
realtime
route
example
__all
example
work
__
i
repeat
__they
work__
express
io
a
simple
framework
build
incredibly
complex
realtime
apps
code
example
http
github
techpines
express
io
tree
master
example
readme
view
bite
size
simple
http
io
setup
http
github
techpines
express
io
tree
master
example
simple
http
io
setup
simple
http
io
setup
http
github
techpines
express
io
tree
master
example
simple
http
io
setup
routing
http
github
techpines
express
io
tree
master
example
routing
route
forwarding
http
github
techpines
express
io
tree
master
example
route
forwarding
broadcasting
http
github
techpines
express
io
tree
master
example
broadcasting
session
http
github
techpines
express
io
tree
master
example
session
room
http
github
techpines
express
io
tree
master
example
room
acknowledgement
http
github
techpines
express
io
tree
master
example
acknowledgement
realtime
canvas
http
github
techpines
express
io
tree
master
example
realtime
canvas
scaling
redis
http
github
techpines
express
io
tree
master
example
scaling
redis
run
example
git
j
git
clone
http
github
techpines
express
io
cd
express
io
example
npm
install
ll
ready
run
code
a
simple
node
app
j
api
reference
a
bird
eye
view
__express
io__
architecture
simple
lean
reuse
express
socket
io
knowledge
api
reference
http
github
techpines
express
io
tree
master
lib
readme
wonderful
__express
io__
object
expressio
http
github
techpines
express
io
tree
master
lib
expressio
expressapp
http
github
techpines
express
io
tree
master
lib
expressapp
appio
http
github
techpines
express
io
tree
master
lib
appio
socketrequest
http
github
techpines
express
io
tree
master
lib
socketrequest
requestio
http
github
techpines
express
io
tree
master
lib
requestio
faq
frequent
question
frequent
answer
check
http
github
techpines
express
io
tree
master
doc
faq
md
test
a
full
test
suite
run
full
express
test
suite
ensure
compatibility
bash
cd
express
io
npm
test
license
s
free
party
mit
copyright
c
2012
tech
pine
llc
brad
carleton
permission
granted
free
charge
person
obtaining
a
copy
software
documentation
file
software
deal
software
restriction
including
limitation
right
copy
modify
merge
publish
distribute
sublicense
sell
copy
software
permit
person
software
furnished
subject
condition
copyright
notice
permission
notice
included
copy
substantial
portion
software
software
warranty
kind
express
implied
including
limited
warranty
merchantability
fitness
a
purpose
noninfringement
event
author
copyright
holder
liable
claim
damage
liability
action
contract
tort
arising
connection
software
dealing
software
