express
io
http
cdn
techpines
io
express
io
black
png
realtime
web
framework
node
js
coffeescript
express
io
express
socket
io
simple
app
setup
canonical
express
io
javascript
app
require
express
io
app
http
io
build
realtime
web
app
app
listen
7076
upgrade
existing
express
apps
install
bash
npm
install
express
io
simply
replace
line
code
javascript
require
express
line
code
javascript
require
express
io
app
run
express
io
designed
a
superset
express
socket
io
easy
drop
replacement
simple
started
realtime
web
realtime
routing
sweet
express
io
realtime
routing
a
pro
js
app
io
route
customers
create
function
req
create
customer
update
function
req
update
customer
remove
function
req
remove
customer
client
emit
events
customers
create
customers
update
customers
delete
fashioned
js
app
io
route
realtime
route
function
req
respond
event
automatic
session
support
sessions
work
automatically
set
normal
express
js
app
express
session
secret
express
io
happy
double
normal
http
routes
realtime
routes
s
easy
regular
http
routes
realtime
routes
js
app
function
req
res
req
io
route
cool
realtime
route
examples
__all
examples
work
__
i
repeat
__they
work__
express
io
a
simple
framework
build
incredibly
complex
realtime
apps
code
examples
https
github
techpines
express
io
tree
master
examples
readme
view
bite
size
simple
http
io
setup
https
github
techpines
express
io
tree
master
examples
simple
http
io
setup
simple
https
io
setup
https
github
techpines
express
io
tree
master
examples
simple
https
io
setup
routing
https
github
techpines
express
io
tree
master
examples
routing
route
forwarding
https
github
techpines
express
io
tree
master
examples
route
forwarding
broadcasting
https
github
techpines
express
io
tree
master
examples
broadcasting
sessions
https
github
techpines
express
io
tree
master
examples
sessions
rooms
https
github
techpines
express
io
tree
master
examples
rooms
acknowledgements
https
github
techpines
express
io
tree
master
examples
acknowledgements
realtime
canvas
https
github
techpines
express
io
tree
master
examples
realtime
canvas
scaling
redis
https
github
techpines
express
io
tree
master
examples
scaling
redis
run
examples
git
js
git
clone
https
github
techpines
express
io
cd
express
io
examples
npm
install
ll
ready
run
code
a
simple
node
app
js
api
reference
a
birds
eye
view
__express
io__
architecture
simple
lean
reuse
express
socket
io
knowledge
api
reference
https
github
techpines
express
io
tree
master
lib
readme
wonderful
__express
io__
objects
expressio
https
github
techpines
express
io
tree
master
lib
expressio
expressapp
https
github
techpines
express
io
tree
master
lib
expressapp
appio
https
github
techpines
express
io
tree
master
lib
appio
socketrequest
https
github
techpines
express
io
tree
master
lib
socketrequest
requestio
https
github
techpines
express
io
tree
master
lib
requestio
faq
frequent
questions
frequent
answers
check
https
github
techpines
express
io
tree
master
docs
faq
md
test
a
full
test
suite
run
full
express
test
suite
ensure
compatibility
bash
cd
express
io
npm
test
license
s
free
party
mit
copyright
c
2012
tech
pines
llc
brad
carleton
permission
granted
free
charge
person
obtaining
a
copy
software
documentation
files
software
deal
software
restriction
including
limitation
rights
copy
modify
merge
publish
distribute
sublicense
sell
copies
software
permit
persons
software
furnished
subject
conditions
copyright
notice
permission
notice
included
copies
substantial
portions
software
software
warranty
kind
express
implied
including
limited
warranties
merchantability
fitness
a
purpose
noninfringement
event
authors
copyright
holders
liable
claim
damages
liability
action
contract
tort
arising
connection
software
dealings
software
