semantic
http
www
semantic
ui
image
logo
png
semantic
ui
join
chat
http
gitter
im
semantic
org
semantic
ui
http
badge
gitter
im
join
20chat
svg
http
gitter
im
semantic
org
semantic
ui
utm_source
badge
utm_medium
badge
utm_campaign
pr
badge
utm_content
badge
projecttalk
messageboard
http
www
projecttalk
io
image
gh_badge
3e578a9f437f841de7446bab9a49d103
svg
vsn
d
http
www
projecttalk
io
board
semantic
org
2fsemantic
ui
utm_campaign
gh
badge
utm_medium
badge
utm_source
github
semantic
a
ui
framework
designed
theming
key
feature
50
ui
element
3000
cs
variable
3
level
variable
inheritance
similar
sublimetext
built
em
value
responsive
design
flexbox
friendly
2
1
release
semantic
ui
2
1
read
s
http
www
semantic
ui
introduction
html
doc
migration
info
1
x
2
0
release
note
http
github
semantic
org
semantic
ui
blob
master
release
note
md
version
200
march
xx
2015
install
recommended
install
bash
npm
install
semantic
ui
theme
import
build
watch
task
gulpfile
semantic
ui
includes
interactive
installer
setup
project
started
http
dl
dropboxusercontent
u
2657007
install
gif
detail
setup
visit
started
guide
http
semantic
ui
introduction
started
html
learn
theming
read
theming
guide
http
www
semantic
ui
usage
theming
html
additional
version
environment
install
script
repo
cs
npm
install
semantic
ui
cs
cs
repo
http
github
semantic
org
semantic
ui
cs
http
github
j
npm
install
semantic
ui
repo
http
github
semantic
org
semantic
ui
http
github
j
plugin
npm
install
plugin
semantic
ui
plugin
repo
http
github
bassjobsen
plugin
semantic
ui
emberjs
http
emberjs
ember
install
addon
semantic
ui
ember
ember
repo
http
github
semantic
org
semantic
ui
ember
meteor
http
www
meteor
http
github
j
meteor
add
semantic
ui
meteor
repo
http
github
semantic
org
semantic
ui
meteor
meteor
http
www
meteor
cs
meteor
add
semantic
ui
cs
cs
repo
http
github
semantic
org
semantic
ui
cs
bower
http
bower
io
bower
install
semantic
ui
check
integration
wiki
http
github
semantic
org
semantic
ui
wiki
integration
option
browser
support
2
version
ff
chrome
10
safari
mac
10
android
4
4
chrome
android
44
io
safari
7
component
work
ie9
grid
http
semantic
ui
collection
grid
html
flexbox
http
developer
mozilla
org
en
doc
web
guide
cs
flexible_boxes
component
supported
ie9
correctly
community
post
usage
question
github
issue
type
question
stackoverflow
http
stackoverflow
question
tagged
semantic
ui
projecttalk
http
www
projecttalk
io
board
semantic
org
2fsemantic
ui
join
gitter
chatroom
http
gitter
im
semantic
org
semantic
ui
submitting
bug
enhancement
github
issue
http
github
semantic
org
semantic
ui
issue
suggesting
enhancement
reporting
bug
submiting
a
bug
check
contributing
guide
http
github
semantic
org
semantic
ui
blob
master
contributing
md
info
release
cycle
fork
boilerplate
jsfiddle
http
jsfiddle
net
efp8z6ln
create
a
test
case
bug
a
bug
demonstratable
doc
s
bug
include
a
test
case
triaged
pull
request
adding
pull
request
merge
http
github
semantic
org
semantic
ui
tree
branch
demonstrate
a
fix
release
jsfiddle
http
jsfiddle
net
rduvhn8u
1
international
chinese
a
chinese
mirror
site
http
www
semantic
ui
cn
http
www
semantic
ui
cn
left
rtl
rtl
version
created
build
tool
selecting
rtl
install
script
translation
translate
wiki
guide
http
github
semantic
org
semantic
ui
wiki
translating
semantic
ui
doc
translation
resource
resource
description
bug
feature
request
bug
submission
require
a
link
a
test
case
a
set
step
reproduce
issue
a
test
case
forking
jsfiddle
http
jsfiddle
net
efp8z6ln
submit
bug
report
github
issue
http
github
semantic
org
semantic
ui
issue
live
chat
join
gitter
im
room
http
gitter
im
semantic
org
semantic
ui
message
board
projecttalk
board
http
www
projecttalk
io
board
semantic
org
2fsemantic
ui
newsletter
update
sign
update
semantic
ui
http
www
semantic
ui
additional
resource
submit
a
question
stackoverflow
http
stackoverflow
question
tagged
semantic
ui
google
group
http
group
google
forum
forum
semantic
ui
place
project
step
localization
translate
semantic
ui
language
join
translation
community
http
github
semantic
org
semantic
ui
wiki
translating
semantic
ui
doc
sc
http
sas
lang
sas
pr
support
variable
import
add
pull
request
http
github
sas
sas
pull
739
http
github
sas
sas
issue
739
issuecomment
73984809
angular
http
angularjs
org
develop
angular
binding
reach
github
issue
http
github
semantic
org
semantic
ui
angular
issue
8
guide
tutorial
write
guide
tutorial
join
discussion
http
github
semantic
org
semantic
ui
issue
1571
reaching
d
start
a
conversation
semantic
feel
free
e
mail
jack
semantic
ui
mailto
jack
semantic
ui
flattr
http
api
flattr
button
flattr
badge
large
png
http
flattr
submit
auto
user_id
jlukic
url
http
3a
2f
2fgithub
2fjlukic
2fsemantic
ui
a
href
http
packagequality
package
semantic
ui
img
src
http
npm
packagequality
badge
semantic
ui
png
a
