express
logo
https
i
cloudup
zfy6ll7efa
3000x3000
png
http
expressjs
fast
unopinionated
minimalist
web
framework
node
http
nodejs
org
npm
version
npm
image
npm
url
npm
downloads
downloads
image
downloads
url
linux
build
travis
image
travis
url
windows
build
appveyor
image
appveyor
url
test
coverage
coveralls
image
coveralls
url
js
var
express
require
express
var
app
express
app
function
req
res
res
send
world
app
listen
3000
installation
bash
npm
install
express
features
robust
routing
focus
high
performance
super
high
test
coverage
http
helpers
redirection
caching
view
system
supporting
14
template
engines
content
negotiation
executable
generating
applications
quickly
docs
community
website
documentation
http
expressjs
website
repo
https
github
strongloop
expressjs
express
https
webchat
freenode
net
channels
express
freenode
irc
github
organization
https
github
expressjs
official
middleware
modules
visit
wiki
https
github
strongloop
express
wiki
google
group
https
groups
google
group
express
js
discussion
gitter
https
gitter
im
strongloop
express
support
discussion
http
jsman
ru
express
protip
read
migrating
3
x
4
x
https
github
strongloop
express
wiki
migrating
3
x
4
x
features
4
x
https
github
strongloop
express
wiki
features
4
x
security
issues
discover
a
security
vulnerability
express
security
policies
procedures
security
md
quick
start
quickest
started
express
utilize
executable
express
1
https
github
expressjs
generator
generate
application
shown
install
executable
executable
s
major
version
match
express
s
bash
npm
install
g
express
generator
4
create
app
bash
express
tmp
foo
cd
tmp
foo
install
dependencies
bash
npm
install
start
server
bash
npm
start
philosophy
express
philosophy
provide
small
robust
tooling
http
servers
making
a
great
solution
single
page
applications
web
sites
hybrids
public
http
apis
express
force
specific
orm
template
engine
support
14
template
engines
consolidate
js
https
github
tj
consolidate
js
quickly
craft
perfect
framework
examples
view
examples
clone
express
repo
install
dependencies
bash
git
clone
git
github
strongloop
express
git
depth
1
cd
express
npm
install
run
bash
node
examples
content
negotiation
tests
run
test
suite
install
dependencies
run
npm
test
bash
npm
install
npm
test
people
original
author
express
tj
holowaychuk
https
github
tj
tj
s
gratipay
gratipay
image
visionmedia
gratipay
url
visionmedia
current
lead
maintainer
douglas
christopher
wilson
https
github
dougwilson
doug
s
gratipay
gratipay
image
dougwilson
gratipay
url
dougwilson
list
contributors
https
github
strongloop
express
graphs
contributors
license
mit
license
npm
image
https
img
shields
io
npm
express
svg
npm
url
https
npmjs
org
package
express
downloads
image
https
img
shields
io
npm
dm
express
svg
downloads
url
https
npmjs
org
package
express
travis
image
https
img
shields
io
travis
strongloop
express
master
svg
label
linux
travis
url
https
travis
ci
org
strongloop
express
appveyor
image
https
img
shields
io
appveyor
ci
dougwilson
express
master
svg
label
windows
appveyor
url
https
ci
appveyor
project
dougwilson
express
coveralls
image
https
img
shields
io
coveralls
strongloop
express
master
svg
coveralls
url
https
coveralls
io
r
strongloop
express
branch
master
gratipay
image
visionmedia
https
img
shields
io
gratipay
visionmedia
svg
gratipay
url
visionmedia
https
gratipay
visionmedia
gratipay
image
dougwilson
https
img
shields
io
gratipay
dougwilson
svg
gratipay
url
dougwilson
https
gratipay
dougwilson
