express
logo
http
i
cloudup
zfy6ll7efa
3000x3000
png
http
expressjs
fast
unopinionated
minimalist
web
framework
node
http
nodejs
org
npm
version
npm
image
npm
url
npm
downloads
downloads
image
downloads
url
linux
build
travis
image
travis
url
window
build
appveyor
image
appveyor
url
test
coverage
coverall
image
coverall
url
j
var
express
require
express
var
app
express
app
function
req
re
re
send
world
app
listen
3000
installation
bash
npm
install
express
feature
robust
routing
focus
high
performance
super
high
test
coverage
http
helper
redirection
caching
view
system
supporting
14
template
engine
content
negotiation
executable
generating
application
quickly
doc
community
website
documentation
http
expressjs
website
repo
http
github
strongloop
expressjs
express
http
webchat
freenode
net
channel
express
freenode
irc
github
organization
http
github
expressjs
official
middleware
module
visit
wiki
http
github
strongloop
express
wiki
google
group
http
group
google
group
express
j
discussion
gitter
http
gitter
im
strongloop
express
support
discussion
http
jsman
ru
express
protip
read
migrating
3
x
4
x
http
github
strongloop
express
wiki
migrating
3
x
4
x
feature
4
x
http
github
strongloop
express
wiki
feature
4
x
security
issue
discover
a
security
vulnerability
express
security
policy
procedure
security
md
quick
start
quickest
started
express
utilize
executable
express
1
http
github
expressjs
generator
generate
application
shown
install
executable
executable
s
major
version
match
express
s
bash
npm
install
g
express
generator
4
create
app
bash
express
tmp
foo
cd
tmp
foo
install
dependency
bash
npm
install
start
server
bash
npm
start
philosophy
express
philosophy
provide
small
robust
tooling
http
server
making
a
great
solution
single
page
application
web
site
hybrid
public
http
apis
express
force
specific
orm
template
engine
support
14
template
engine
consolidate
j
http
github
tj
consolidate
j
quickly
craft
perfect
framework
example
view
example
clone
express
repo
install
dependency
bash
git
clone
git
github
strongloop
express
git
depth
1
cd
express
npm
install
run
bash
node
example
content
negotiation
test
run
test
suite
install
dependency
run
npm
test
bash
npm
install
npm
test
people
original
author
express
tj
holowaychuk
http
github
tj
tj
s
gratipay
gratipay
image
visionmedia
gratipay
url
visionmedia
current
lead
maintainer
douglas
christopher
wilson
http
github
dougwilson
doug
s
gratipay
gratipay
image
dougwilson
gratipay
url
dougwilson
list
contributor
http
github
strongloop
express
graph
contributor
license
mit
license
npm
image
http
img
shield
io
npm
express
svg
npm
url
http
npmjs
org
package
express
downloads
image
http
img
shield
io
npm
dm
express
svg
downloads
url
http
npmjs
org
package
express
travis
image
http
img
shield
io
travis
strongloop
express
master
svg
label
linux
travis
url
http
travis
ci
org
strongloop
express
appveyor
image
http
img
shield
io
appveyor
ci
dougwilson
express
master
svg
label
window
appveyor
url
http
ci
appveyor
project
dougwilson
express
coverall
image
http
img
shield
io
coverall
strongloop
express
master
svg
coverall
url
http
coverall
io
r
strongloop
express
branch
master
gratipay
image
visionmedia
http
img
shield
io
gratipay
visionmedia
svg
gratipay
url
visionmedia
http
gratipay
visionmedia
gratipay
image
dougwilson
http
img
shield
io
gratipay
dougwilson
svg
gratipay
url
dougwilson
http
gratipay
dougwilson
