babylon
j
started
play
babylon
j
api
playground
http
www
babylonjs
playground
lot
simple
sample
learn
build
status
http
travis
ci
org
babylonjs
babylon
j
svg
http
travis
ci
org
babylonjs
babylon
j
cdn
http
cdn
babylonjs
2
2
babylon
j
http
cdn
babylonjs
2
2
babylon
max
j
http
cdn
babylonjs
2
2
babylon
noworker
j
preview
release
testing
contributing
version
2
3
beta
http
github
babylonjs
babylon
j
tree
master
dist
preview
20release
complicated
people
coding
guideline
http
doc
babylonjs
general
approved_naming_conventions
submitting
pr
check
creating
minified
version
http
doc
babylonjs
general
creating_the_mini
fied_version
documentation
documentation
http
doc
babylonjs
roadmap
http
doc
babylonjs
general
roadmap
sample
http
github
babylonjs
sample
video
overview
1
hour
babylonjs
feature
http
www
youtube
watch
z80tymqsdem
complete
8
hour
http
www
microsoftvirtualacademy
training
course
introduction
webgl
3d
html5
babylon
j
link
official
web
site
www
babylonjs
http
www
babylonjs
official
forum
http
www
html5gamedevs
forum
16
babylonjs
www
html5gamedevs
online
sandbox
http
www
babylonjs
sandbox
test
babylon
scene
a
simple
drag
n
drop
online
shader
creation
tool
http
www
babylonjs
cyos
learn
create
glsl
shaders
3d
max
exporter
http
github
babylonjs
babylon
j
tree
master
exporter
3d
20max
generate
a
babylon
file
3d
max
blender
exporter
http
github
babylonjs
babylon
j
tree
master
exporter
blender
generate
a
babylon
file
blender
3d
unity
5
exporter
http
github
babylonjs
babylon
j
tree
master
exporter
unity
205
export
geometry
unity
5
scene
editor
fbx
command
line
exporter
http
github
babylonjs
babylon
j
tree
master
exporter
fbx
generate
a
babylon
file
fbx
file
animation
supported
feature
a
complete
list
supported
feature
visit
website
http
www
babylonjs
specification
apache
license
2
0
apache
apache
license
version
2
0
january
2004
http
www
apache
org
license
term
condition
reproduction
distribution
definition
license
term
condition
reproduction
distribution
defined
section
1
9
document
licensor
copyright
owner
entity
authorized
copyright
owner
granting
license
legal
entity
union
acting
entity
entity
control
controlled
common
control
entity
purpose
definition
control
mean
i
power
direct
indirect
direction
management
entity
contract
ii
ownership
fifty
percent
50
outstanding
share
iii
beneficial
ownership
entity
individual
legal
entity
exercising
permission
granted
license
source
form
preferred
form
making
modification
including
limited
software
source
code
documentation
source
configuration
file
object
form
form
resulting
mechanical
transformation
translation
a
source
form
including
limited
compiled
object
code
generated
documentation
conversion
medium
type
work
work
authorship
source
object
form
license
a
copyright
notice
included
attached
work
appendix
derivative
work
work
source
object
form
based
derived
work
editorial
revision
annotation
elaboration
modification
represent
a
original
work
authorship
purpose
license
derivative
work
include
work
remain
separable
link
bind
interface
work
derivative
work
thereof
contribution
work
authorship
including
original
version
work
modification
addition
work
derivative
work
thereof
intentionally
submitted
licensor
inclusion
work
copyright
owner
individual
legal
entity
authorized
submit
behalf
copyright
owner
purpose
definition
submitted
mean
form
electronic
verbal
written
communication
licensor
representative
including
limited
communication
electronic
mailing
list
source
code
control
system
issue
tracking
system
managed
behalf
licensor
purpose
discussing
improving
work
excluding
communication
conspicuously
marked
designated
writing
copyright
owner
a
contribution
contributor
licensor
individual
legal
entity
behalf
a
contribution
received
licensor
subsequently
incorporated
work
grant
copyright
license
subject
term
condition
license
contributor
grant
a
perpetual
worldwide
exclusive
charge
royalty
free
irrevocable
copyright
license
reproduce
prepare
derivative
work
publicly
display
publicly
perform
sublicense
distribute
work
derivative
work
source
object
form
grant
patent
license
subject
term
condition
license
contributor
grant
a
perpetual
worldwide
exclusive
charge
royalty
free
irrevocable
stated
section
patent
license
offer
sell
sell
import
transfer
work
license
applies
patent
claim
licensable
contributor
necessarily
infringed
contribution
s
combination
contribution
s
work
contribution
s
submitted
institute
patent
litigation
entity
including
a
cross
claim
counterclaim
a
lawsuit
alleging
work
a
contribution
incorporated
work
constitutes
direct
contributory
patent
infringement
patent
license
granted
license
work
terminate
date
litigation
filed
redistribution
reproduce
distribute
copy
work
derivative
work
thereof
medium
modification
source
object
form
meet
condition
1
give
recipient
work
derivative
work
a
copy
license
2
modified
file
carry
prominent
notice
stating
changed
file
3
retain
source
form
derivative
work
distribute
copyright
patent
trademark
attribution
notice
source
form
work
excluding
notice
pertain
part
derivative
work
4
work
includes
a
notice
text
file
part
distribution
derivative
work
distribute
include
a
readable
copy
attribution
notice
contained
notice
file
excluding
notice
pertain
part
derivative
work
place
a
notice
text
file
distributed
part
derivative
work
source
form
documentation
derivative
work
a
display
generated
derivative
work
party
notice
content
notice
file
informational
purpose
modify
license
add
attribution
notice
derivative
work
distribute
addendum
notice
text
work
additional
attribution
notice
construed
modifying
license
add
copyright
statement
modification
provide
additional
license
term
condition
reproduction
distribution
modification
derivative
work
a
reproduction
distribution
work
complies
condition
stated
license
submission
contribution
explicitly
state
contribution
intentionally
submitted
inclusion
work
licensor
term
condition
license
additional
term
condition
supersede
modify
term
separate
license
agreement
executed
licensor
contribution
trademark
license
grant
permission
trade
name
trademark
service
mark
product
name
licensor
required
reasonable
customary
describing
origin
work
reproducing
content
notice
file
disclaimer
warranty
required
applicable
law
agreed
writing
licensor
work
contributor
contribution
basis
warranty
condition
kind
express
implied
including
limitation
warranty
condition
title
infringement
merchantability
fitness
a
purpose
solely
responsible
determining
appropriateness
redistributing
work
assume
risk
exercise
permission
license
limitation
liability
event
legal
theory
tort
including
negligence
contract
required
applicable
law
deliberate
grossly
negligent
act
agreed
writing
contributor
liable
damage
including
direct
indirect
special
incidental
consequential
damage
character
arising
a
result
license
inability
work
including
limited
damage
loss
goodwill
work
stoppage
computer
failure
malfunction
commercial
damage
loss
contributor
advised
possibility
damage
accepting
warranty
additional
liability
redistributing
work
derivative
work
thereof
choose
offer
charge
a
fee
acceptance
support
warranty
indemnity
liability
obligation
right
consistent
license
accepting
obligation
act
behalf
sole
responsibility
behalf
contributor
agree
indemnify
defend
hold
contributor
harmless
liability
incurred
claim
asserted
contributor
reason
accepting
warranty
additional
liability
external
dependency
hand
j
http
handjs
codeplex
