babylon
js
started
play
babylon
js
api
playground
http
www
babylonjs
playground
lot
simple
samples
learn
build
status
https
travis
ci
org
babylonjs
babylon
js
svg
https
travis
ci
org
babylonjs
babylon
js
cdn
http
cdn
babylonjs
2
2
babylon
js
http
cdn
babylonjs
2
2
babylon
max
js
http
cdn
babylonjs
2
2
babylon
noworker
js
preview
release
testing
contributing
version
2
3
beta
https
github
babylonjs
babylon
js
tree
master
dist
preview
20release
complicated
people
coding
guidelines
http
doc
babylonjs
generals
approved_naming_conventions
submitting
pr
check
creating
minified
version
http
doc
babylonjs
generals
creating_the_mini
fied_version
documentation
documentation
http
doc
babylonjs
roadmap
http
doc
babylonjs
generals
roadmap
samples
https
github
babylonjs
samples
video
overview
1
hour
babylonjs
features
http
www
youtube
watch
z80tymqsdem
complete
8
hours
http
www
microsoftvirtualacademy
training
courses
introduction
webgl
3d
html5
babylon
js
links
official
web
site
www
babylonjs
http
www
babylonjs
official
forum
http
www
html5gamedevs
forum
16
babylonjs
www
html5gamedevs
online
sandbox
http
www
babylonjs
sandbox
test
babylon
scenes
a
simple
drag
n
drop
online
shader
creation
tool
http
www
babylonjs
cyos
learn
create
glsl
shaders
3ds
max
exporter
https
github
babylonjs
babylon
js
tree
master
exporters
3ds
20max
generate
a
babylon
file
3ds
max
blender
exporter
https
github
babylonjs
babylon
js
tree
master
exporters
blender
generate
a
babylon
file
blender
3d
unity
5
exporter
https
github
babylonjs
babylon
js
tree
master
exporters
unity
205
export
geometries
unity
5
scene
editor
fbx
command
line
exporter
https
github
babylonjs
babylon
js
tree
master
exporters
fbx
generate
a
babylon
file
fbx
file
animations
supported
features
a
complete
list
supported
features
visit
website
http
www
babylonjs
specifications
apache
license
2
0
apache
apache
license
version
2
0
january
2004
http
www
apache
org
licenses
terms
conditions
reproduction
distribution
definitions
license
terms
conditions
reproduction
distribution
defined
sections
1
9
document
licensor
copyright
owner
entity
authorized
copyright
owner
granting
license
legal
entity
union
acting
entity
entities
control
controlled
common
control
entity
purposes
definition
control
means
i
power
direct
indirect
direction
management
entity
contract
ii
ownership
fifty
percent
50
outstanding
shares
iii
beneficial
ownership
entity
individual
legal
entity
exercising
permissions
granted
license
source
form
preferred
form
making
modifications
including
limited
software
source
code
documentation
source
configuration
files
object
form
form
resulting
mechanical
transformation
translation
a
source
form
including
limited
compiled
object
code
generated
documentation
conversions
media
types
work
work
authorship
source
object
form
license
a
copyright
notice
included
attached
work
appendix
derivative
works
work
source
object
form
based
derived
work
editorial
revisions
annotations
elaborations
modifications
represent
a
original
work
authorship
purposes
license
derivative
works
include
works
remain
separable
link
bind
interfaces
work
derivative
works
thereof
contribution
work
authorship
including
original
version
work
modifications
additions
work
derivative
works
thereof
intentionally
submitted
licensor
inclusion
work
copyright
owner
individual
legal
entity
authorized
submit
behalf
copyright
owner
purposes
definition
submitted
means
form
electronic
verbal
written
communication
licensor
representatives
including
limited
communication
electronic
mailing
lists
source
code
control
systems
issue
tracking
systems
managed
behalf
licensor
purpose
discussing
improving
work
excluding
communication
conspicuously
marked
designated
writing
copyright
owner
a
contribution
contributor
licensor
individual
legal
entity
behalf
a
contribution
received
licensor
subsequently
incorporated
work
grant
copyright
license
subject
terms
conditions
license
contributor
grants
a
perpetual
worldwide
exclusive
charge
royalty
free
irrevocable
copyright
license
reproduce
prepare
derivative
works
publicly
display
publicly
perform
sublicense
distribute
work
derivative
works
source
object
form
grant
patent
license
subject
terms
conditions
license
contributor
grants
a
perpetual
worldwide
exclusive
charge
royalty
free
irrevocable
stated
section
patent
license
offer
sell
sell
import
transfer
work
license
applies
patent
claims
licensable
contributor
necessarily
infringed
contribution
s
combination
contribution
s
work
contribution
s
submitted
institute
patent
litigation
entity
including
a
cross
claim
counterclaim
a
lawsuit
alleging
work
a
contribution
incorporated
work
constitutes
direct
contributory
patent
infringement
patent
licenses
granted
license
work
terminate
date
litigation
filed
redistribution
reproduce
distribute
copies
work
derivative
works
thereof
medium
modifications
source
object
form
meet
conditions
1
give
recipients
work
derivative
works
a
copy
license
2
modified
files
carry
prominent
notices
stating
changed
files
3
retain
source
form
derivative
works
distribute
copyright
patent
trademark
attribution
notices
source
form
work
excluding
notices
pertain
part
derivative
works
4
work
includes
a
notice
text
file
part
distribution
derivative
works
distribute
include
a
readable
copy
attribution
notices
contained
notice
file
excluding
notices
pertain
part
derivative
works
places
a
notice
text
file
distributed
part
derivative
works
source
form
documentation
derivative
works
a
display
generated
derivative
works
party
notices
contents
notice
file
informational
purposes
modify
license
add
attribution
notices
derivative
works
distribute
addendum
notice
text
work
additional
attribution
notices
construed
modifying
license
add
copyright
statement
modifications
provide
additional
license
terms
conditions
reproduction
distribution
modifications
derivative
works
a
reproduction
distribution
work
complies
conditions
stated
license
submission
contributions
explicitly
state
contribution
intentionally
submitted
inclusion
work
licensor
terms
conditions
license
additional
terms
conditions
supersede
modify
terms
separate
license
agreement
executed
licensor
contributions
trademarks
license
grant
permission
trade
names
trademarks
service
marks
product
names
licensor
required
reasonable
customary
describing
origin
work
reproducing
content
notice
file
disclaimer
warranty
required
applicable
law
agreed
writing
licensor
work
contributor
contributions
basis
warranties
conditions
kind
express
implied
including
limitation
warranties
conditions
title
infringement
merchantability
fitness
a
purpose
solely
responsible
determining
appropriateness
redistributing
work
assume
risks
exercise
permissions
license
limitation
liability
event
legal
theory
tort
including
negligence
contract
required
applicable
law
deliberate
grossly
negligent
acts
agreed
writing
contributor
liable
damages
including
direct
indirect
special
incidental
consequential
damages
character
arising
a
result
license
inability
work
including
limited
damages
loss
goodwill
work
stoppage
computer
failure
malfunction
commercial
damages
losses
contributor
advised
possibility
damages
accepting
warranty
additional
liability
redistributing
work
derivative
works
thereof
choose
offer
charge
a
fee
acceptance
support
warranty
indemnity
liability
obligations
rights
consistent
license
accepting
obligations
act
behalf
sole
responsibility
behalf
contributor
agree
indemnify
defend
hold
contributor
harmless
liability
incurred
claims
asserted
contributor
reason
accepting
warranty
additional
liability
external
dependencies
hand
js
http
handjs
codeplex
