django
a
high
level
python
web
framework
encourages
rapid
development
clean
pragmatic
design
checking
documentation
doc
directory
online
http
doc
djangoproject
en
stable
started
s
recommend
read
doc
read
doc
intro
install
txt
instruction
installing
django
work
tutorial
order
doc
intro
tutorial01
txt
doc
intro
tutorial02
txt
set
actual
deployment
server
read
doc
howto
deployment
index
txt
instruction
ll
read
topical
guide
doc
topic
jump
howtos
doc
howto
specific
problem
check
reference
doc
ref
gory
detail
doc
readme
instruction
building
html
version
doc
doc
updated
rigorously
find
problem
doc
clarified
30
second
fill
a
ticket
http
code
djangoproject
newticket
join
django
channel
irc
freenode
net
lot
helpful
people
hang
read
archive
http
django
irc
log
join
django
user
mailing
list
read
archive
http
group
google
group
django
user
contribute
django
check
http
doc
djangoproject
en
dev
internals
contributing
information
involved
run
django
s
test
suite
follow
instruction
unit
test
section
doc
internals
contributing
writing
code
unit
test
txt
published
online
http
doc
djangoproject
en
dev
internals
contributing
writing
code
unit
test
running
unit
test
