django
a
high
level
python
web
framework
encourages
rapid
development
clean
pragmatic
design
checking
documentation
docs
directory
online
https
docs
djangoproject
en
stable
started
s
recommend
read
docs
read
docs
intro
install
txt
instructions
installing
django
work
tutorials
order
docs
intro
tutorial01
txt
docs
intro
tutorial02
txt
set
actual
deployment
server
read
docs
howto
deployment
index
txt
instructions
ll
read
topical
guides
docs
topics
jump
howtos
docs
howto
specific
problems
check
reference
docs
ref
gory
details
docs
readme
instructions
building
html
version
docs
docs
updated
rigorously
find
problems
docs
clarified
30
seconds
fill
a
ticket
https
code
djangoproject
newticket
join
django
channel
irc
freenode
net
lots
helpful
people
hang
read
archives
http
django
irc
logs
join
django
users
mailing
list
read
archives
https
groups
google
group
django
users
contribute
django
check
https
docs
djangoproject
en
dev
internals
contributing
information
involved
run
django
s
test
suite
follow
instructions
unit
tests
section
docs
internals
contributing
writing
code
unit
tests
txt
published
online
https
docs
djangoproject
en
dev
internals
contributing
writing
code
unit
tests
running
unit
tests
