django
cms
image
https
travis
ci
org
divio
django
cms
svg
branch
develop
target
http
travis
ci
org
divio
django
cms
image
https
img
shields
io
pypi
django
cms
svg
target
https
pypi
python
org
pypi
django
cms
image
https
img
shields
io
pypi
dm
django
cms
svg
target
https
pypi
python
org
pypi
django
cms
image
https
img
shields
io
badge
wheel
green
svg
target
https
pypi
python
org
pypi
django
cms
image
https
img
shields
io
pypi
l
django
cms
svg
target
https
pypi
python
org
pypi
django
cms
image
https
codeclimate
github
divio
django
cms
badges
gpa
svg
target
https
codeclimate
github
divio
django
cms
alt
code
climate
open
source
enterprise
content
management
system
based
django
framework
image
https
raw
githubusercontent
divio
django
cms
develop
docs
images
aldryn
png
target
http
demo
django
cms
org
alt
demo
aldryn
attention
propose
features
open
pull
requests
develop
branch
s
branch
features
django
cms
feature
release
fixes
3
1
x
releases
work
support
3
1
x
patch
release
3
1
x
series
fixes
3
0
x
releases
work
support
3
0
x
patch
release
3
0
x
series
master
branch
current
stable
release
released
pypi
based
master
accepted
features
hierarchical
pages
extensive
support
multilingual
websites
multi
site
support
draft
published
workflows
undo
redo
content
blocks
placeholders
apps
models
content
blocks
static
placeholders
templates
edit
content
frontend
pages
hierarchical
content
plugins
columns
style
navigation
rendering
extending
apps
seo
friendly
urls
highly
integrative
apps
define
editable
areas
called
placeholders
templates
fill
called
cms
content
plugins
a
list
plugins
3rd
party
plugins
http
www
djangopackages
grids
g
django
cms
_
unable
find
a
suitable
plugin
writing
simple
information
website
http
www
django
cms
org
_
requirements
django
cms
requires
django
version
1
6
9
1
7
1
8
python
2
6
2
7
3
3
3
4
documentation
head
documentation
http
docs
django
cms
org
_
details
install
extend
django
cms
tutorial
http
docs
django
cms
org
en
latest
introduction
index
html
quick
start
django
cms
installer
http
djangocms
installer
readthedocs
org
_
pip
install
upgrade
virtualenv
virtualenv
env
source
env
bin
activate
env
pip
install
djangocms
installer
env
mkdir
myproject
cd
myproject
env
djangocms
f
p
my_demo
env
python
manage
py
head
irc
channel
django
cms
irc
freenode
net
write
mailing
list
https
groups
google
forum
forum
django
cms
_
commercial
support
project
backed
divio
http
divio
ch
en
commercial
support
_
implementing
hosting
django
cms
contact
sales
divio
credits
includes
icons
famfamfam
http
www
famfamfam
_
python
tree
engine
powered
django
treebeard
https
tabo
pe
projects
django
treebeard
_
javascript
tree
admin
jstree
http
www
jstree
_
250
contributors
https
github
divio
django
cms
blob
master
authors
_
django
cms
