django
cm
image
http
travis
ci
org
divio
django
cm
svg
branch
develop
target
http
travis
ci
org
divio
django
cm
image
http
img
shield
io
pypi
django
cm
svg
target
http
pypi
python
org
pypi
django
cm
image
http
img
shield
io
pypi
dm
django
cm
svg
target
http
pypi
python
org
pypi
django
cm
image
http
img
shield
io
badge
wheel
green
svg
target
http
pypi
python
org
pypi
django
cm
image
http
img
shield
io
pypi
l
django
cm
svg
target
http
pypi
python
org
pypi
django
cm
image
http
codeclimate
github
divio
django
cm
badge
gpa
svg
target
http
codeclimate
github
divio
django
cm
alt
code
climate
open
source
enterprise
content
management
system
based
django
framework
image
http
raw
githubusercontent
divio
django
cm
develop
doc
image
aldryn
png
target
http
demo
django
cm
org
alt
demo
aldryn
attention
propose
feature
open
pull
request
develop
branch
s
branch
feature
django
cm
feature
release
fix
3
1
x
release
work
support
3
1
x
patch
release
3
1
x
series
fix
3
0
x
release
work
support
3
0
x
patch
release
3
0
x
series
master
branch
current
stable
release
released
pypi
based
master
accepted
feature
hierarchical
page
extensive
support
multilingual
website
multi
site
support
draft
published
workflow
undo
redo
content
block
placeholder
apps
model
content
block
static
placeholder
template
edit
content
frontend
page
hierarchical
content
plugins
column
style
navigation
rendering
extending
apps
seo
friendly
url
highly
integrative
apps
define
editable
area
called
placeholder
template
fill
called
cm
content
plugins
a
list
plugins
3rd
party
plugins
http
www
djangopackages
grid
g
django
cm
_
unable
find
a
suitable
plugin
writing
simple
information
website
http
www
django
cm
org
_
requirement
django
cm
requires
django
version
1
6
9
1
7
1
8
python
2
6
2
7
3
3
3
4
documentation
head
documentation
http
doc
django
cm
org
_
detail
install
extend
django
cm
tutorial
http
doc
django
cm
org
en
latest
introduction
index
html
quick
start
django
cm
installer
http
djangocms
installer
readthedocs
org
_
pip
install
upgrade
virtualenv
virtualenv
env
source
env
bin
activate
env
pip
install
djangocms
installer
env
mkdir
myproject
cd
myproject
env
djangocms
f
p
my_demo
env
python
manage
py
head
irc
channel
django
cm
irc
freenode
net
write
mailing
list
http
group
google
forum
forum
django
cm
_
commercial
support
project
backed
divio
http
divio
ch
en
commercial
support
_
implementing
hosting
django
cm
contact
sale
divio
credit
includes
icon
famfamfam
http
www
famfamfam
_
python
tree
engine
powered
django
treebeard
http
tabo
pe
project
django
treebeard
_
javascript
tree
admin
jstree
http
www
jstree
_
250
contributor
http
github
divio
django
cm
blob
master
author
_
django
cm
