polymer
build
status
http
travis
ci
org
polymer
polymer
svg
branch
master
http
travis
ci
org
polymer
polymer
polymer
let
build
encapsulated
usable
element
work
html
element
building
web
application
html
polyfill
web
component
older
browser
script
src
webcomponentsjs
webcomponents
lite
min
j
script
import
element
link
rel
import
href
google
map
html
element
google
map
latitude
37
790
longitude
122
390
google
map
started
check
polymer
project
org
http
www
polymer
project
org
library
documentation
including
started
guide
tutorial
developer
reference
d
download
library
check
release
page
http
github
polymer
polymer
release
polymer
1
minute
polymer
library
a
lightweight
sugaring
layer
top
web
component
http
webcomponents
org
api
s
building
web
component
add
convenient
feature
easy
build
complex
element
create
register
a
custom
element
j
a
inline
element
polymer
element
html
element
element
element
add
markup
element
html
define
markup
element
dom
module
id
simple
namecard
template
div
span
jane
span
div
template
script
polymer
simple
namecard
script
dom
module
configure
property
element
j
create
element
take
a
property
polymer
property
namecard
property
myname
type
string
ready
function
textcontent
myname
set
declarative
attribute
html
element
property
namecard
jim
property
namecard
jim
bind
data
element
familiar
mustache
syntax
html
define
markup
binding
dom
module
id
bound
namecard
template
div
span
myname
span
div
template
script
polymer
bound
namecard
property
myname
type
string
script
dom
module
html
element
bound
namecard
josh
bound
namecard
josh
style
internals
element
style
leaking
html
add
style
element
dom
module
id
styled
namecard
template
style
crazy
webcomponents
span
font
weight
bold
style
div
span
myname
span
div
template
script
polymer
styled
namecard
property
myname
type
string
script
dom
module
html
element
styled
namecard
jesse
styled
namecard
jesse
web
component
incredibly
powerful
set
primitive
baked
web
platform
open
a
world
possibility
componentizing
front
code
easily
creating
powerful
immersive
app
experience
web
based
web
component
element
built
polymer
built
platform
contained
don
t
require
overarching
framework
interoperable
framework
usable
contributing
polymer
team
love
contribution
community
a
contributing
guide
contributing
md
information
contribute
communicating
polymer
team
github
a
variety
line
communication
blog
http
blog
polymer
project
org
twitter
http
twitter
polymer
google
community
http
google
community
115626364525706131031
mailing
list
http
group
google
forum
forum
polymer
dev
slack
channel
http
bit
ly
polymerslack
license
polymer
library
a
bsd
license
license
txt
