polymer
build
status
https
travis
ci
org
polymer
polymer
svg
branch
master
https
travis
ci
org
polymer
polymer
polymer
lets
build
encapsulated
usable
elements
work
html
elements
building
web
applications
html
polyfill
web
components
older
browsers
script
src
webcomponentsjs
webcomponents
lite
min
js
script
import
element
link
rel
import
href
google
map
html
element
google
map
latitude
37
790
longitude
122
390
google
map
started
check
polymer
project
org
https
www
polymer
project
org
library
documentation
including
started
guides
tutorials
developer
reference
d
download
library
check
releases
page
https
github
polymer
polymer
releases
polymer
1
minute
polymer
library
a
lightweight
sugaring
layer
top
web
components
http
webcomponents
org
api
s
building
web
components
adds
convenient
features
easy
build
complex
elements
create
register
a
custom
element
js
a
inline
element
polymer
element
html
element
element
element
add
markup
element
html
define
markup
element
dom
module
id
simple
namecard
template
div
span
jane
span
div
template
script
polymer
simple
namecard
script
dom
module
configure
properties
element
js
create
element
takes
a
property
polymer
property
namecard
properties
myname
type
string
ready
function
textcontent
myname
set
declarative
attributes
html
element
property
namecard
jim
property
namecard
jim
bind
data
element
familiar
mustache
syntax
html
define
markup
bindings
dom
module
id
bound
namecard
template
div
span
myname
span
div
template
script
polymer
bound
namecard
properties
myname
type
string
script
dom
module
html
element
bound
namecard
josh
bound
namecard
josh
style
internals
element
style
leaking
html
add
style
element
dom
module
id
styled
namecard
template
style
crazy
webcomponents
span
font
weight
bold
style
div
span
myname
span
div
template
script
polymer
styled
namecard
properties
myname
type
string
script
dom
module
html
element
styled
namecard
jesse
styled
namecard
jesse
web
components
incredibly
powerful
set
primitives
baked
web
platform
open
a
world
possibility
componentizing
front
code
easily
creating
powerful
immersive
app
experiences
web
based
web
components
elements
built
polymer
built
platform
contained
don
t
require
overarching
framework
interoperable
frameworks
usable
contributing
polymer
team
loves
contributions
community
a
contributing
guide
contributing
md
information
contribute
communicating
polymer
team
github
a
variety
lines
communication
blog
https
blog
polymer
project
org
twitter
https
twitter
polymer
google
community
https
google
communities
115626364525706131031
mailing
list
https
groups
google
forum
forum
polymer
dev
slack
channel
https
bit
ly
polymerslack
license
polymer
library
a
bsd
license
license
txt
