pixi
j
a
2d
javascript
renderer
pixi
j
logo
http
www
goodboydigital
pixijs
pixi_v3_github
pad
png
project
http
www
pixijs
wp
content
uploads
2013
05
headerpanel_projects
898x342
jpg
http
www
pixijs
project
pixi
j
inline
doc
http
inch
ci
org
github
goodboydigital
pixi
j
svg
branch
dev
http
inch
ci
org
github
goodboydigital
pixi
j
build
status
http
travis
ci
org
pixijs
pixi
j
svg
branch
dev
http
travis
ci
org
pixijs
pixi
j
aim
project
provide
a
fast
lightweight
2d
library
work
device
pixi
renderer
enjoy
power
hardware
acceleration
prior
knowledge
webgl
s
fast
fast
date
latest
pixi
j
news
feel
free
follow
twitter
doormat23
http
twitter
doormat23
rolnaaba
http
twitter
rolnaaba
posted
check
site
http
www
goodboydigital
blog
breakthrough
posted
support
help
pixi
j
pledge
patreon
http
www
patreon
user
u
2384552
ty
h
u
2384552
ll
love
demo
webgl
filter
http
www
goodboydigital
pixijs
example
15
indexall
html
run
pixie
run
http
www
goodboydigital
runpixierun
fight
http
www
goodboydigital
casestudies
fightforeveryone
flash
html
http
flashvhtml
bunny
demo
http
www
goodboydigital
pixijs
bunnymark
storm
brewing
http
www
goodboydigital
pixijs
storm
filter
demo
http
www
goodboydigital
pixijs
example
15
indexall
html
render
texture
demo
http
www
goodboydigital
pixijs
example
11
primitive
demo
http
www
goodboydigital
pixijs
example
13
masking
demo
http
www
goodboydigital
pixijs
example
14
interaction
demo
http
www
goodboydigital
pixijs
example
6
photonstorm
s
ball
demo
http
gametest
mobi
pixi
ball
photonstorm
s
morph
demo
http
gametest
mobi
pixi
morph
photonstorm
http
twitter
photonstorm
providing
2
example
allowing
share
source
code
resource
api
documentation
http
pixijs
github
io
doc
feature
example
http
pixijs
github
io
example
pixi
j
forum
http
www
html5gamedevs
forum
15
pixijs
misc
tutorial
resource
wiki
http
github
pixijs
pixi
j
wiki
resource
contribute
part
pixi
j
project
great
quicker
find
a
bug
a
great
feature
request
fancy
owning
a
task
road
map
feel
free
touch
read
contributing
guide
http
github
pixijs
pixi
j
blob
master
contributing
md
submitting
current
feature
webgl
renderer
automatic
smart
batching
allowing
fast
performance
canvas
renderer
fastest
town
full
scene
graph
super
easy
api
similar
flash
display
list
api
support
texture
atlas
asset
loader
sprite
sheet
loader
auto
detect
renderer
full
mouse
multi
touch
interaction
text
bitmapfont
text
multiline
text
render
texture
primitive
drawing
masking
filter
user
plugins
http
github
pixijs
pixi
j
wiki
pixi
v3
plugins
basic
usage
j
pixi
webglrenderer
pixi
canvasrenderer
pixi
autodetectrenderer
choose
renderer
environment
var
renderer
pixi
webglrenderer
800
600
renderer
create
a
canvas
element
insert
dom
document
body
appendchild
renderer
view
create
a
root
container
hold
scene
draw
var
stage
pixi
container
load
texture
pixi
loader
add
bunny
bunny
png
load
function
loader
resource
creates
a
texture
a
bunny
png
image
var
bunny
pixi
sprite
resource
bunny
texture
setup
position
scale
bunny
bunny
position
x
400
bunny
position
y
300
bunny
scale
x
2
bunny
scale
y
2
add
bunny
scene
building
stage
addchild
bunny
kick
animation
loop
defined
animate
function
animate
start
timer
animation
loop
requestanimationframe
animate
frame
spin
bunny
a
bit
bunny
rotation
0
01
main
render
call
pixi
draw
container
child
renderer
render
stage
build
note
user
don
t
build
project
pixi
download
prebuilt
release
http
github
pixijs
pixi
j
release
time
build
pixi
j
developing
don
t
node
j
npm
install
install
gulp
executable
npm
install
g
gulp
folder
cloned
repository
install
build
dependency
npm
npm
install
build
source
run
gulp
build
create
a
minified
version
bin
pixi
min
j
a
minified
version
bin
pixi
j
plugins
pixi
j
project
specific
plugins
don
t
interaction
extra
exclude
gulp
build
exclude
extra
exclude
interaction
short
form
e
gulp
build
e
extra
e
interaction
e
filter
generate
documentation
doc
generated
npm
npm
run
doc
a
gulp
task
generate
gulp
jsdoc
documentation
jaguar
j
http
github
davidshimjs
jaguarjs
jsdoc
jsdoc
format
configuration
file
gulp
utils
jsdoc
conf
json
http
github
pixijs
pixi
j
blob
dev
gulp
util
jsdoc
conf
json
license
content
released
http
opensource
org
license
mit
mit
license
analytics
http
ga
beacon
appspot
ua
39213431
2
pixi
j
index
http
github
igrigorik
ga
beacon
