radiant
_radiant
making
major
master
branch
broken
_
radiant
a
fluff
open
source
content
management
system
designed
small
teams
similar
textpattern
movabletype
a
general
purpose
content
management
system
a
blogging
engine
build
status
https
secure
travis
ci
org
radiant
radiant
png
branch
master
http
travis
ci
org
radiant
radiant
dependency
status
https
gemnasium
radiant
radiant
png
https
gemnasium
radiant
radiant
radiant
features
elegant
user
interface
ability
arrange
pages
a
hierarchy
flexible
templating
layouts
snippets
page
parts
a
custom
tagging
language
radius
http
radius
rubyforge
org
a
simple
user
management
permissions
system
support
markdown
textile
traditional
html
s
easy
create
filters
advanced
plugin
system
operates
modes
dev
production
depending
url
a
caching
system
expires
pages
5
minutes
built
ruby
rails
license
radiant
released
mit
license
copyright
c
2006
2014
john
w
long
sean
cribbs
jim
gay
a
copy
mit
license
license
file
installation
setup
radiant
a
traditional
ruby
rails
application
meaning
configure
run
a
normal
rails
application
install
install
md
file
details
installation
a
prerelease
radiant
nears
newer
releases
experiment
prerelease
version
install
prerelease
gem
command
gem
install
radiant
prerelease
install
gem
prerelease
radiant
2
0
0
alpha
upgrading
existing
project
a
newer
version
1
update
radiant
assets
project
rake
radiant
update
2
migrate
database
rake
production
db
migrate
3
restart
web
server
support
place
support
mailing
list
http
radiantcms
org
mailing
list
development
radiant
github
http
github
radiant
radiant
project
wiki
http
wiki
github
radiant
radiant
enjoy
radiant
dev
team
http
radiantcms
org
