radiant
_radiant
making
major
master
branch
broken
_
radiant
a
fluff
open
source
content
management
system
designed
small
team
similar
textpattern
movabletype
a
general
purpose
content
management
system
a
blogging
engine
build
status
http
secure
travis
ci
org
radiant
radiant
png
branch
master
http
travis
ci
org
radiant
radiant
dependency
status
http
gemnasium
radiant
radiant
png
http
gemnasium
radiant
radiant
radiant
feature
elegant
user
interface
ability
arrange
page
a
hierarchy
flexible
templating
layout
snippet
page
part
a
custom
tagging
language
radius
http
radius
rubyforge
org
a
simple
user
management
permission
system
support
markdown
textile
traditional
html
s
easy
create
filter
advanced
plugin
system
operates
mode
dev
production
depending
url
a
caching
system
expires
page
5
minute
built
ruby
rail
license
radiant
released
mit
license
copyright
c
2006
2014
john
w
long
sean
cribbs
jim
gay
a
copy
mit
license
license
file
installation
setup
radiant
a
traditional
ruby
rail
application
meaning
configure
run
a
normal
rail
application
install
install
md
file
detail
installation
a
prerelease
radiant
nears
newer
release
experiment
prerelease
version
install
prerelease
gem
command
gem
install
radiant
prerelease
install
gem
prerelease
radiant
2
0
0
alpha
upgrading
existing
project
a
newer
version
1
update
radiant
asset
project
rake
radiant
update
2
migrate
database
rake
production
db
migrate
3
restart
web
server
support
place
support
mailing
list
http
radiantcms
org
mailing
list
development
radiant
github
http
github
radiant
radiant
project
wiki
http
wiki
github
radiant
radiant
enjoy
radiant
dev
team
http
radiantcms
org
